******************************************************************************
                  TI ARM Linker Unix v16.9.1                   
******************************************************************************
>> Linked Sun Dec 10 13:41:35 2017

OUTPUT FILE NAME:   <mesh_flooding.out>
ENTRY POINT SYMBOL: "ResetISR"  address: 0000806d


MEMORY CONFIGURATION

         name            origin    length      used     unused   attr    fill
----------------------  --------  ---------  --------  --------  ----  --------
  FLASH                 00000000   00020000  0000b9e1  0001461f  R  X
  SRAM                  20000000   00005000  0000315f  00001ea1  RW X


SEGMENT ALLOCATION MAP

run origin  load origin   length   init length attrs members
----------  ----------- ---------- ----------- ----- -------
00000000    00000000    0000003c   0000003c    r--
  00000000    00000000    0000003c   0000003c    r-- .resetVecs
00000100    00000100    0000b960   0000b960    r-x
  00000100    00000100    0000003c   0000003c    r-- .const:ti_sysbios_knl_Task_Object__PARAMS__C
  0000013c    0000013c    00000034   00000034    r-- .const:ti_sysbios_knl_Mailbox_Object__PARAMS__C
  00000170    00000170    00000030   00000030    r-- .const:ti_sysbios_family_arm_m3_Hwi_Object__PARAMS__C
  000001a0    000001a0    0000002c   0000002c    r-- .const:ti_sysbios_hal_Hwi_Object__PARAMS__C
  000001cc    000001cc    00000028   00000028    r-- .const:ti_sysbios_heaps_HeapMem_Module__FXNS__C
  000001f4    000001f4    00000028   00000028    r-- .const:ti_sysbios_knl_Swi_Object__PARAMS__C
  0000021c    0000021c    00000024   00000024    r-- .const:ti_sysbios_gates_GateHwi_Module__FXNS__C
  00000240    00000240    00000024   00000024    r-- .const:ti_sysbios_gates_GateMutex_Module__FXNS__C
  00000264    00000264    00000024   00000024    r-- .const:ti_sysbios_heaps_HeapMem_Object__PARAMS__C
  00000288    00000288    00000024   00000024    r-- .const:ti_sysbios_knl_Clock_Object__PARAMS__C
  000002ac    000002ac    00000024   00000024    r-- .const:ti_sysbios_knl_Semaphore_Object__PARAMS__C
  000002d0    000002d0    00000020   00000020    r-- .const:ti_sysbios_family_arm_m3_Hwi_Object__DESC__C
  000002f0    000002f0    00000020   00000020    r-- .const:ti_sysbios_gates_GateHwi_Object__DESC__C
  00000310    00000310    00000020   00000020    r-- .const:ti_sysbios_gates_GateMutex_Object__DESC__C
  00000330    00000330    00000020   00000020    r-- .const:ti_sysbios_hal_Hwi_Object__DESC__C
  00000350    00000350    00000020   00000020    r-- .const:ti_sysbios_heaps_HeapMem_Object__DESC__C
  00000370    00000370    00000020   00000020    r-- .const:ti_sysbios_knl_Clock_Object__DESC__C
  00000390    00000390    00000020   00000020    r-- .const:ti_sysbios_knl_Mailbox_Object__DESC__C
  000003b0    000003b0    00000020   00000020    r-- .const:ti_sysbios_knl_Queue_Object__DESC__C
  000003d0    000003d0    00000020   00000020    r-- .const:ti_sysbios_knl_Semaphore_Object__DESC__C
  000003f0    000003f0    00000020   00000020    r-- .const:ti_sysbios_knl_Swi_Object__DESC__C
  00000410    00000410    00000020   00000020    r-- .const:ti_sysbios_knl_Task_Object__DESC__C
  00000430    00000430    00000018   00000018    r-- .const:ti_sysbios_gates_GateHwi_Object__PARAMS__C
  00000448    00000448    00000018   00000018    r-- .const:ti_sysbios_gates_GateMutex_Object__PARAMS__C
  00000460    00000460    00000018   00000018    r-- .const:ti_sysbios_knl_Queue_Object__PARAMS__C
  00000478    00000478    00000008   00000008    r-- .const:ti_sysbios_knl_Idle_funcList__C
  00000484    00000484    00000004   00000004    r-- .const:ti_sysbios_family_arm_cc26xx_Timer_startupNeeded__C
  00000488    00000488    00000004   00000004    r-- .const:ti_sysbios_family_arm_m3_Hwi_E_alreadyDefined__C
  0000048c    0000048c    00000004   00000004    r-- .const:ti_sysbios_family_arm_m3_Hwi_E_hwiLimitExceeded__C
  00000490    00000490    00000004   00000004    r-- .const:ti_sysbios_family_arm_m3_Hwi_NUM_INTERRUPTS__C
  00000494    00000494    00000004   00000004    r-- .const:ti_sysbios_family_arm_m3_Hwi_Object__count__C
  00000498    00000498    00000004   00000004    r-- .const:ti_sysbios_family_arm_m3_Hwi_Object__table__C
  0000049c    0000049c    00000004   00000004    r-- .const:ti_sysbios_family_arm_m3_Hwi_ccr__C
  000004a0    000004a0    00000004   00000004    r-- .const:ti_sysbios_family_arm_m3_Hwi_excHandlerFunc__C
  000004a4    000004a4    00000004   00000004    r-- .const:ti_sysbios_family_arm_m3_Hwi_nullIsrFunc__C
  000004a8    000004a8    00000004   00000004    r-- .const:ti_sysbios_family_arm_m3_Hwi_numSparseInterrupts__C
  000004ac    000004ac    00000004   00000004    r-- .const:ti_sysbios_family_arm_m3_Hwi_priGroup__C
  000004b0    000004b0    00000004   00000004    r-- .const:ti_sysbios_family_arm_m3_TaskSupport_stackAlignment__C
  000004b4    000004b4    00000004   00000004    r-- .const:ti_sysbios_heaps_HeapMem_E_memory__C
  000004b8    000004b8    00000004   00000004    r-- .const:ti_sysbios_heaps_HeapMem_Module__gateObj__C
  000004bc    000004bc    00000004   00000004    r-- .const:ti_sysbios_heaps_HeapMem_Object__count__C
  000004c0    000004c0    00000004   00000004    r-- .const:ti_sysbios_heaps_HeapMem_Object__table__C
  000004c4    000004c4    00000004   00000004    r-- .const:ti_sysbios_heaps_HeapMem_reqAlign__C
  000004c8    000004c8    00000004   00000004    r-- .const:ti_sysbios_knl_Clock_serviceMargin__C
  000004cc    000004cc    00000004   00000004    r-- .const:ti_sysbios_knl_Mailbox_Object__count__C
  000004d0    000004d0    00000004   00000004    r-- .const:ti_sysbios_knl_Mailbox_Object__table__C
  000004d4    000004d4    00000004   00000004    r-- .const:ti_sysbios_knl_Queue_Object__count__C
  000004d8    000004d8    00000004   00000004    r-- .const:ti_sysbios_knl_Queue_Object__table__C
  000004dc    000004dc    00000004   00000004    r-- .const:ti_sysbios_knl_Swi_Object__count__C
  000004e0    000004e0    00000004   00000004    r-- .const:ti_sysbios_knl_Swi_Object__table__C
  000004e4    000004e4    00000004   00000004    r-- .const:ti_sysbios_knl_Swi_numPriorities__C
  000004e8    000004e8    00000004   00000004    r-- .const:ti_sysbios_knl_Task_Object__count__C
  000004ec    000004ec    00000004   00000004    r-- .const:ti_sysbios_knl_Task_Object__table__C
  000004f0    000004f0    00000004   00000004    r-- .const:ti_sysbios_knl_Task_allBlockedFunc__C
  000004f4    000004f4    00000004   00000004    r-- .const:ti_sysbios_knl_Task_defaultStackHeap__C
  000004f8    000004f8    00000004   00000004    r-- .const:ti_sysbios_knl_Task_defaultStackSize__C
  000004fc    000004fc    00000004   00000004    r-- .const:ti_sysbios_knl_Task_numConstructedTasks__C
  00000502    00000502    00000002   00000002    r-- .const:ti_sysbios_family_arm_cc26xx_Timer_Module__id__C
  00000504    00000504    00000002   00000002    r-- .const:ti_sysbios_family_arm_cc26xx_TimestampProvider_useClockTimer__C
  00000506    00000506    00000002   00000002    r-- .const:ti_sysbios_family_arm_m3_Hwi_Module__id__C
  00000508    00000508    00000002   00000002    r-- .const:ti_sysbios_gates_GateHwi_Module__id__C
  0000050a    0000050a    00000002   00000002    r-- .const:ti_sysbios_gates_GateMutex_Module__id__C
  0000050c    0000050c    00000002   00000002    r-- .const:ti_sysbios_heaps_HeapMem_Module__id__C
  0000050e    0000050e    00000002   00000002    r-- .const:ti_sysbios_knl_Task_initStackFlag__C
  00000510    00000510    00000001   00000001    r-- .const:ti_sysbios_knl_Clock_tickMode__C
  00000514    00000514    00000008   00000008    r-- .const:xdc_runtime_Startup_firstFxns__C
  0000051c    0000051c    00000008   00000008    r-- .const:xdc_runtime_Startup_lastFxns__C
  00000524    00000524    00000004   00000004    r-- .const:xdc_runtime_Assert_E_assertFailed__C
  00000528    00000528    00000004   00000004    r-- .const:xdc_runtime_Error_E_memory__C
  0000052c    0000052c    00000004   00000004    r-- .const:xdc_runtime_Error_policyFxn__C
  00000530    00000530    00000004   00000004    r-- .const:xdc_runtime_IGateProvider_Interface__BASE__C
  00000534    00000534    00000004   00000004    r-- .const:xdc_runtime_IHeap_Interface__BASE__C
  00000538    00000538    00000004   00000004    r-- .const:xdc_runtime_IModule_Interface__BASE__C
  0000053c    0000053c    00000004   00000004    r-- .const:xdc_runtime_Main_Module__diagsEnabled__C
  00000540    00000540    00000004   00000004    r-- .const:xdc_runtime_Main_Module__diagsIncluded__C
  00000544    00000544    00000004   00000004    r-- .const:xdc_runtime_Main_Module__diagsMask__C
  00000548    00000548    00000004   00000004    r-- .const:xdc_runtime_Memory_defaultHeapInstance__C
  0000054c    0000054c    00000004   00000004    r-- .const:xdc_runtime_Startup_execImpl__C
  00000550    00000550    00000004   00000004    r-- .const:xdc_runtime_Startup_maxPasses__C
  00000554    00000554    00000004   00000004    r-- .const:xdc_runtime_Startup_sfxnRts__C
  00000558    00000558    00000004   00000004    r-- .const:xdc_runtime_Startup_sfxnTab__C
  0000055c    0000055c    00000004   00000004    r-- .const:xdc_runtime_Startup_startModsFxn__C
  00000560    00000560    00000004   00000004    r-- .const:xdc_runtime_SysCallback_abortFxn__C
  00000564    00000564    00000004   00000004    r-- .const:xdc_runtime_SysCallback_exitFxn__C
  00000568    00000568    00000004   00000004    r-- .const:xdc_runtime_System_abortFxn__C
  0000056c    0000056c    00000004   00000004    r-- .const:xdc_runtime_System_exitFxn__C
  00000570    00000570    00000004   00000004    r-- .const:xdc_runtime_System_maxAtexitHandlers__C
  00000574    00000574    00000004   00000004    r-- .const:xdc_runtime_Text_charTab__C
  00000578    00000578    00000004   00000004    r-- .const:xdc_runtime_Text_nameEmpty__C
  0000057c    0000057c    00000004   00000004    r-- .const:xdc_runtime_Text_nameStatic__C
  00000580    00000580    00000004   00000004    r-- .const:xdc_runtime_Text_nameUnknown__C
  00000584    00000584    00000002   00000002    r-- .const:xdc_runtime_Main_Module__id__C
  00000586    00000586    00000002   00000002    r-- .const:xdc_runtime_Memory_Module__id__C
  00000588    00000588    00000002   00000002    r-- .const:xdc_runtime_Text_charCnt__C
  0000058a    0000058a    00000002   00000002    r-- .const:xdc_runtime_Text_isLoaded__C
  0000058c    0000058c    00000001   00000001    r-- .const:xdc_runtime_Error_policy__C
  00000590    00000590    00000004   00000004    r-- .const:ti_sysbios_rom_ROM_AONRTCChannelEnable
  00000594    00000594    00000004   00000004    r-- .const:ti_sysbios_rom_ROM_AONRTCCompareValueSet
  00000598    00000598    00000004   00000004    r-- .const:ti_sysbios_rom_ROM_AONRTCCurrentCompareValueGet
  0000059c    0000059c    00000004   00000004    r-- .const:ti_sysbios_rom_ROM_AONRTCEventClear
  000005a0    000005a0    00000004   00000004    r-- .const:ti_sysbios_rom_ROM_ti_sysbios_family_arm_cc26xx_Timer_getCount64__E
  000005a4    000005a4    00000004   00000004    r-- .const:ti_sysbios_rom_ROM_ti_sysbios_family_arm_cc26xx_Timer_getCurrentTick__E
  000005a8    000005a8    00000004   00000004    r-- .const:ti_sysbios_rom_ROM_ti_sysbios_family_arm_cc26xx_Timer_getMaxTicks__E
  000005ac    000005ac    00000004   00000004    r-- .const:ti_sysbios_rom_ROM_ti_sysbios_family_arm_cc26xx_Timer_initDevice__I
  000005b0    000005b0    00000004   00000004    r-- .const:ti_sysbios_rom_ROM_ti_sysbios_family_arm_cc26xx_Timer_setNextTick__E
  000005b4    000005b4    00000004   00000004    r-- .const:ti_sysbios_rom_ROM_ti_sysbios_family_arm_cc26xx_Timer_setThreshold__I
  000005b8    000005b8    00000004   00000004    r-- .const:ti_sysbios_rom_ROM_ti_sysbios_family_arm_cc26xx_Timer_start__E
  000005bc    000005bc    00000004   00000004    r-- .const:ti_sysbios_rom_ROM_ti_sysbios_family_arm_cc26xx_TimestampProvider_get32__E
  000005c0    000005c0    00000004   00000004    r-- .const:ti_sysbios_rom_ROM_xdc_runtime_Startup_getState__I
  000005c4    000005c4    00000004   00000004    r-- .const:ti_sysbios_rom_ROM_xdc_runtime_System_SupportProxy_abort__E
  000005c8    000005c8    00000004   00000004    r-- .const:ti_sysbios_rom_ROM_xdc_runtime_System_SupportProxy_exit__E
  000005cc    000005cc    00000004   00000004    r-- .const:ti_sysbios_gates_GateMutex_Instance_State_sem__O
  000005d0    000005d0    00000004   00000004    r-- .const:ti_sysbios_knl_Clock_Module_State_clockQ__O
  000005d4    000005d4    00000004   00000004    r-- .const:ti_sysbios_knl_Mailbox_Instance_State_dataQue__O
  000005d8    000005d8    00000004   00000004    r-- .const:ti_sysbios_knl_Mailbox_Instance_State_dataSem__O
  000005dc    000005dc    00000004   00000004    r-- .const:ti_sysbios_knl_Mailbox_Instance_State_freeQue__O
  000005e0    000005e0    00000004   00000004    r-- .const:ti_sysbios_knl_Mailbox_Instance_State_freeSem__O
  000005e4    000005e4    00000004   00000004    r-- .const:ti_sysbios_knl_Semaphore_Instance_State_pendQ__O
  000005e8    000005e8    00000004   00000004    r-- .const:ti_sysbios_knl_Task_Module_State_inactiveQ__O
  000005ec    000005ec    00009398   00009398    r-x .text
  00009984    00009984    00001d15   00001d15    r-- .const
  0000b6a0    0000b6a0    000003c0   000003c0    r-- .cinit
0001ffa8    0001ffa8    00000058   00000058    r--
  0001ffa8    0001ffa8    00000058   00000058    r-- .ccfg
20000100    20000100    00000104   00000000    rw-
  20000100    20000100    00000044   00000000    rw- .data:ti_sysbios_knl_Task_Module__state__V
  20000144    20000144    00000034   00000000    rw- .data:ti_sysbios_family_arm_m3_Hwi_Module__state__V
  20000178    20000178    0000002c   00000000    rw- .data:ti_sysbios_knl_Clock_Module__state__V
  200001a4    200001a4    00000024   00000000    rw- .data:ti_sysbios_BIOS_Module__state__V
  200001c8    200001c8    0000001c   00000000    rw- .data:ti_sysbios_knl_Swi_Module__state__V
  200001e4    200001e4    00000008   00000000    rw- .data:ti_sysbios_family_arm_cc26xx_Timer_Module__state__V
  200001ec    200001ec    00000004   00000000    rw- .data:ti_sysbios_family_arm_cc26xx_TimestampProvider_Module__state__V
  200001f0    200001f0    00000008   00000000    rw- .data:xdc_runtime_Startup_Module__state__V
  200001f8    200001f8    00000008   00000000    rw- .data:xdc_runtime_System_Module__state__V
  20000200    20000200    00000004   00000000    rw- .data:xdc_runtime_Memory_Module__state__V
20000430    20000430    00000010   00000000    rw-
  20000430    20000430    00000010   00000000    rw- .TI.bound:dmaSpi0RxControlTableEntry
20000440    20000440    00000010   00000000    rw-
  20000440    20000440    00000010   00000000    rw- .TI.bound:dmaSpi0TxControlTableEntry
20000500    20000500    00000010   00000000    rw-
  20000500    20000500    00000010   00000000    rw- .TI.bound:dmaSpi1RxControlTableEntry
20000510    20000510    00002c68   00000000    rw-
  20000510    20000510    00000010   00000000    rw- .TI.bound:dmaSpi1TxControlTableEntry
  20000520    20000520    000026b3   00000000    rw- .bss
  20002bd8    20002bd8    000005a0   00000000    rw- .data
20004d00    20004d00    00000300   00000000    rw-
  20004d00    20004d00    00000300   00000000    rw- .stack


SECTION ALLOCATION MAP

 output                                  attributes/
section   page    origin      length       input sections
--------  ----  ----------  ----------   ----------------
.text      0    000005ec    00009398     
                  000005ec    000003b8     rf_singleMode_cc26xxware.aem3 : RFCC26XX_singleMode.oem3 (.text:fsmActiveState)
                  000009a4    0000033c     rom_sysbios.aem3 : rom_sysbios.obj (.text:xdc_runtime_System_doPrint__I)
                  00000ce0    00000324     rtsv7M3_T_le_eabi.lib : trgdrv.obj (.text)
                  00001004    00000318     EasyLink.obj (.text:EasyLink_init)
                  0000131c    000002e8     grlib.aem3 : string.oem3 (.text:GrStringDraw)
                  00001604    00000228     drivers_cc26xxware.aem3 : PowerCC26XX.oem3 (.text:Power_sleep)
                  0000182c    00000204     driverlib.lib : sys_ctrl.obj (.text:NOROM_SysCtrlSetRechargeBeforePowerDown)
                  00001a30    000001f4     rtsv7M3_T_le_eabi.lib : ull_div_t2.obj (.text)
                  00001c24    000001e8     app_task.obj (.text:appTaskFunction)
                  00001e0c    000001dc     rf_singleMode_cc26xxware.aem3 : RFCC26XX_singleMode.oem3 (.text:RF_postCmd)
                  00001fe8    000001d0     drivers_cc26xxware.aem3 : PowerCC26XX_calibrateRCOSC.oem3 (.text:calibrateRcoscHf1)
                  000021b8    000001cc     rf_singleMode_cc26xxware.aem3 : RFCC26XX_singleMode.oem3 (.text:abortCmd)
                  00002384    000001c4     drivers_cc26xxware.aem3 : PINCC26XX.oem3 (.text:PIN_init)
                  00002548    000001a4     EasyLink.obj (.text:EasyLink_setRfPwr)
                  000026ec    000001a0     drivers_cc26xxware.aem3 : UARTCC26XX.oem3 (.text:UARTCC26XX_open)
                  0000288c    00000188     mac_task.obj (.text:macTaskFunction)
                  00002a14    00000188     EasyLink.obj (.text:rxDoneCallback)
                  00002b9c    00000188     app_task.obj (.text:updateLcd)
                  00002d24    00000184     drivers_cc26xxware.aem3 : PowerCC26XX_calibrateRCOSC.oem3 (.text:PowerCC26XX_doCalibrate)
                  00002ea8    00000170     EasyLink.obj (.text:EasyLink_receiveAsync)
                  00003018    00000168     rf_singleMode_cc26xxware.aem3 : RFCC26XX_singleMode.oem3 (.text:fsmSetupState)
                  00003180    00000160     drivers_cc26xxware.aem3 : SPICC26XXDMA.oem3 (.text:SPICC26XXDMA_initIO)
                  000032e0    00000160     EasyLink.obj (.text:enableTestMode)
                  00003440    00000150     smartrf_settings_predefined.obj (.text:rf_patch_rfe_genfsk)
                  00003590    00000148     drivers_cc26xxware.aem3 : SPICC26XXDMA.oem3 (.text:SPICC26XXDMA_open)
                  000036d8    00000140     display.aem3 : DisplaySharp.oem3 (.text:DisplaySharp_open)
                  00003818    0000013c     EasyLink.obj (.text:EasyLink_transmit)
                  00003954    00000130     driverlib.lib : setup_rom.obj (.text:NOROM_SetupAfterColdResetWakeupFromShutDownCfg3)
                  00003a84    00000128     rf_singleMode_cc26xxware.aem3 : RFCC26XX_singleMode.oem3 (.text:rf_init)
                  00003bac    00000124     app_task.obj (.text:appTask_init)
                  00003cd0    0000011c     drivers_cc26xxware.aem3 : PowerCC26XX.oem3 (.text:Power_init)
                  00003dec    0000011c                             : UARTCC26XX.oem3 (.text:UARTCC26XX_read)
                  00003f08    00000118     rf_singleMode_cc26xxware.aem3 : RFCC26XX_singleMode.oem3 (.text:hwiFxnCpe0Active)
                  00004020    00000114     smartrf_settings_predefined.obj (.text:rf_patch_mce_genfsk)
                  00004134    00000110     drivers_cc26xxware.aem3 : UARTCC26XX.oem3 (.text:UARTCC26XX_hwiIntFxn)
                  00004244    0000010c     mac_task.obj (.text:rxDoneCallback)
                  00004350    00000108     rf_singleMode_cc26xxware.aem3 : RFCC26XX_singleMode.oem3 (.text:RF_close)
                  00004458    00000100     lcd.aem3 : SharpGrLib.oem3 (.text:SharpGrLib_flush)
                  00004558    00000100     smartrf_settings.obj (.text:rf_patch_rfe_ble)
                  00004658    000000fc     drivers_cc26xxware.aem3 : UARTCC26XX.oem3 (.text:UARTCC26XX_write)
                  00004754    000000f8     mesh_flooding_pem3.oem3 (.text:xdc_runtime_System_printfExtend__I)
                  0000484c    000000f4     drivers_cc26xxware.aem3 : SPICC26XXDMA.oem3 (.text:SPICC26XXDMA_configDMA)
                  00004940    000000f0                             : SPICC26XXDMA.oem3 (.text:SPICC26XXDMA_transferCancel)
                  00004a30    000000e8     rom_sysbios.aem3 : rom_sysbios.obj (.text:ti_sysbios_knl_Event_pend__E)
                  00004b18    000000e8     app_task.obj (.text:updateLcd2)
                  00004c00    000000e6     lcd.aem3 : SharpGrLib.oem3 (.text:SharpGrLib_rectFill)
                  00004ce6    00000002     driverlib.lib : rfc.obj (.text:NOROM_RFCAdi3VcoLdoVoltageMode)
                  00004ce8    000000e4                   : setup_rom.obj (.text:NOROM_SetupAfterColdResetWakeupFromShutDownCfg2)
                  00004dcc    000000e0     display.aem3 : DisplaySharp.oem3 (.text:DisplaySharp_put5)
                  00004eac    000000e0     drivers_cc26xxware.aem3 : PINCC26XX.oem3 (.text:PINCC26XX_setIoCfg)
                  00004f8c    000000dc     mac_task.obj (.text:macTask_init)
                  00005068    000000d4     power_cc26xx_tirtos.aem3 : PowerCC26XX_tirtos.oem3 (.text:PowerCC26XX_standbyPolicy)
                  0000513c    000000d4     drivers_cc26xxware.aem3 : PowerCC26XX.oem3 (.text:Power_releaseDependency)
                  00005210    000000d4                             : SPICC26XXDMA.oem3 (.text:SPICC26XXDMA_control)
                  000052e4    000000d0     display.aem3 : DisplaySharp.oem3 (.text:DisplaySharp_control)
                  000053b4    000000d0     drivers_cc26xxware.aem3 : PowerCC26XX.oem3 (.text:Power_setDependency)
                  00005484    000000cc     rf_singleMode_cc26xxware.aem3 : RFCC26XX_singleMode.oem3 (.text:RF_open)
                  00005550    000000c8     drivers_cc26xxware.aem3 : UARTCC26XX.oem3 (.text:UARTCC26XX_initHw)
                  00005618    000000c8     mac_task.obj (.text:forwardPacket)
                  000056e0    000000c8     mac_task.obj (.text:sendDataPacket)
                  000057a8    000000c4     rf_singleMode_cc26xxware.aem3 : RFCC26XX_singleMode.oem3 (.text:fsmPowerUpState)
                  0000586c    000000c0     EasyLink.obj (.text:EasyLink_setCtrl)
                  0000592c    000000bc     lcd.aem3 : SharpGrLib.oem3 (.text:SharpGrLib_clearScreen)
                  000059e8    000000bc     driverlib.lib : setup.obj (.text:TrimAfterColdResetWakeupFromShutDown)
                  00005aa4    000000b0     drivers_cc26xxware.aem3 : SPICC26XXDMA.oem3 (.text:SPICC26XXDMA_transfer)
                  00005b54    000000ac     mac_task.obj (.text:sendAckPacket)
                  00005c00    000000aa     lcd.aem3 : SharpGrLib.oem3 (.text:SharpGrLib_lineDrawH)
                  00005caa    00000002     driverlib.lib : rfc.obj (.text:NOROM_RFCRTrim)
                  00005cac    000000a8                   : setup.obj (.text:NOROM_SetupTrimDevice)
                  00005d54    000000a2     drivers_cc26xxware.aem3 : SPICC26XXDMA.oem3 (.text:SPICC26XXDMA_hwiFxn)
                  00005df6    00000002                             : SPICC26XXDMA.oem3 (.text:SPICC26XXDMA_serviceISR)
                  00005df8    000000a0     EasyLink.obj (.text:EasyLink_getRfPwr)
                  00005e98    000000a0     auto_init.aem3 : auto_init.oem3 (.text)
                  00005f38    0000009e     rom_sysbios.aem3 : rom_sysbios.obj (.text:xdc_runtime_Text_putSite__E)
                  00005fd6    0000009c     rtsv7M3_T_le_eabi.lib : memcpy_t2.obj (.text)
                  00006072    00000002     rf_singleMode_cc26xxware.aem3 : RFCC26XX_singleMode.oem3 (.text:defaultErrCb)
                  00006074    00000098     rom_sysbios.aem3 : rom_sysbios.obj (.text:ti_sysbios_knl_Clock_workFuncDynamic__E)
                  0000610c    00000094     drivers_cc26xxware.aem3 : PINCC26XX.oem3 (.text:PIN_open)
                  000061a0    00000094                             : UARTCC26XX.oem3 (.text:writeFinishedDoCallback)
                  00006234    00000094     rom_sysbios.aem3 : rom_sysbios.obj (.text:xdc_runtime_Text_putMod__E)
                  000062c8    00000090     drivers_cc26xxware.aem3 : PowerCC26XX.oem3 (.text:switchXOSCHFclockFunc)
                  00006358    0000008c                             : UARTCC26XX.oem3 (.text:UARTCC26XX_initIO)
                  000063e4    0000008c                             : UARTCC26XX.oem3 (.text:UARTCC26XX_writeCancel)
                  00006470    00000088     grlib.aem3 : rectangle.oem3 (.text:GrRectFill)
                  000064f8    00000088     mac_task.obj (.text:resendPacket)
                  00006580    00000084     rf_singleMode_cc26xxware.aem3 : RFCC26XX_singleMode.oem3 (.text:swiFxnHw)
                  00006604    00000080                                   : RFCC26XX_singleMode.oem3 (.text:RF_pendCmd)
                  00006684    00000080     flooding_task.obj (.text:floodTaskFunction)
                  00006704    0000007c     drivers_cc26xxware.aem3 : PowerCC26XX.oem3 (.text:disableLFClockQualifiers)
                  00006780    0000007a     rtsv7M3_T_le_eabi.lib : memset_t2.obj (.text)
                  000067fa    00000002     drivers_cc26xxware.aem3 : PowerCC26XX.oem3 (.text:emptyClockFunc)
                  000067fc    00000078     driverlib.lib : setup_rom.obj (.text:NOROM_SetupAfterColdResetWakeupFromShutDownCfg1)
                  00006874    00000078     drivers_cc26xxware.aem3 : UARTCC26XX.oem3 (.text:UARTCC26XX_close)
                  000068ec    00000078     mac_task.obj (.text:asyncrx)
                  00006964    00000074     drivers_cc26xxware.aem3 : PowerCC26XX_calibrateRCOSC.oem3 (.text:PowerCC26XX_auxISR)
                  000069d8    00000074     app_task.obj (.text:appTask_packetReceived)
                  00006a4c    00000074     drivers_cc26xxware.aem3 : PowerCC26XX_calibrateRCOSC.oem3 (.text:calibrateRcoscHf2)
                  00006ac0    00000074     rf_singleMode_cc26xxware.aem3 : RFCC26XX_singleMode.oem3 (.text:decActiveClientCnt)
                  00006b34    00000074                                   : RFCC26XX_singleMode.oem3 (.text:fsmPowerDownState)
                  00006ba8    00000074     rom_sysbios.aem3 : rom_sysbios.obj (.text:ti_sysbios_family_arm_cc26xx_Timer_start__E)
                  00006c1c    00000074     drivers_cc26xxware.aem3 : UARTCC26XX.oem3 (.text:writeTxFifoFlush)
                  00006c90    00000070     driverlib.lib : chipinfo.obj (.text:NOROM_ChipInfo_GetHwRevision)
                  00006d00    00000070     rom_sysbios.aem3 : rom_sysbios.obj (.text:ti_sysbios_knl_Event_post__E)
                  00006d70    0000006d                      : rom_sysbios.obj (.text:xdc_runtime_System_formatNum__I)
                  00006ddd    00000001     --HOLE-- [fill = 0]
                  00006dde    00000002     smartrf_settings.obj (.text:enterBleSysPatch)
                  00006de0    0000006c     driverlib.lib : setup_rom.obj (.text:NOROM_SetupGetTrimForAmpcompCtrl)
                  00006e4c    0000006c     drivers_cc26xxware.aem3 : PINCC26XX.oem3 (.text:PIN_add)
                  00006eb8    0000006c                             : PowerCC26XX.oem3 (.text:PowerCC26XX_calibrate)
                  00006f24    0000006c                             : UARTCC26XX.oem3 (.text:UARTCC26XX_readCancel)
                  00006f90    0000006c     flooding_task.obj (.text:floodTask_init)
                  00006ffc    00000068     driverlib.lib : setup_rom.obj (.text:NOROM_SetupGetTrimForAnabypassValue1)
                  00007064    00000068                   : sys_ctrl.obj (.text:NOROM_SysCtrl_DCDC_VoltageConditionalControl)
                  000070cc    00000068     rf_singleMode_cc26xxware.aem3 : RFCC26XX_singleMode.oem3 (.text:RF_getCurrentTime)
                  00007134    00000068     rtsv7M3_T_le_eabi.lib : copy_decompress_lzss.obj (.text:decompress:lzss)
                  0000719c    00000068                           : trgmsg.obj (.text)
                  00007204    00000064     drivers_cc26xxware.aem3 : UARTCC26XX.oem3 (.text:UARTCC26XX_control)
                  00007268    00000064     mac_task.obj (.text:macTask_sendData)
                  000072cc    00000060     display.aem3 : DisplaySharp.oem3 (.text:DisplaySharp_clearLines)
                  0000732c    00000060     drivers_cc26xxware.aem3 : PowerCC26XX_calibrateRCOSC.oem3 (.text:PowerCC26XX_RCOSC_clockFunc)
                  0000738c    00000060                             : SPICC26XXDMA.oem3 (.text:SPICC26XXDMA_initHw)
                  000073ec    00000060     app_task.obj (.text:buttonCallback)
                  0000744c    00000060     rf_singleMode_cc26xxware.aem3 : RFCC26XX_singleMode.oem3 (.text:fsmXOSCState)
                  000074ac    00000060     drivers_cc26xxware.aem3 : PowerCC26XX_calibrateRCOSC.oem3 (.text:updateSubSecInc)
                  0000750c    0000005c     EasyLink.obj (.text:EasyLink_abort)
                  00007568    0000005c     driverlib.lib : osc.obj (.text:NOROM_OSCHF_AttemptToSwitchToXosc)
                  000075c4    0000005c                   : sys_ctrl.obj (.text:NOROM_SysCtrlAdjustRechargeAfterPowerDown)
                  00007620    0000005c     drivers_cc26xxware.aem3 : PINCC26XX.oem3 (.text:PIN_remove)
                  0000767c    0000005c                             : UDMACC26XX.oem3 (.text:UDMACC26XX_open)
                  000076d8    0000005c     mesh_flooding_pem3.oem3 (.text:xdc_runtime_Startup_getState__I)
                  00007734    0000005b     rom_sysbios.aem3 : rom_sysbios.obj (.text:xdc_runtime_Text_putLab__E)
                  0000778f    00000001     --HOLE-- [fill = 0]
                  00007790    0000005a     drivers_cc26xxware.aem3 : SPICC26XXDMA.oem3 (.text:SPICC26XXDMA_close)
                  000077ea    00000002     smartrf_settings_predefined.obj (.text:enterGenfskSysPatch)
                  000077ec    00000058     drivers_cc26xxware.aem3 : PowerCC26XX_calibrateRCOSC.oem3 (.text:PowerCC26XX_initiateCalibration)
                  00007844    00000058     lcd.aem3 : SharpGrLib.oem3 (.text:SharpGrLib_lineDrawV)
                  0000789c    00000054     drivers_cc26xxware.aem3 : SPICC26XXDMA.oem3 (.text:SPICC26XXDMA_swiFxn)
                  000078f0    00000054                             : PowerCC26XX.oem3 (.text:configureXOSCHF)
                  00007944    00000054     rf_singleMode_cc26xxware.aem3 : RFCC26XX_singleMode.oem3 (.text:hwiFxnHw)
                  00007998    00000054     mac_task.obj (.text:macTask_forwardPacket)
                  000079ec    00000054     rf_singleMode_cc26xxware.aem3 : RFCC26XX_singleMode.oem3 (.text:ratChanFree)
                  00007a40    00000050     EasyLink.obj (.text:EasyLink_getFrequency)
                  00007a90    00000050     driverlib.lib : setup_rom.obj (.text:NOROM_SetupSetCacheModeAccordingToCcfgSetting)
                  00007ae0    00000050     rf_singleMode_cc26xxware.aem3 : RFCC26XX_singleMode.oem3 (.text:dispatchOpWhen)
                  00007b30    00000050                                   : RFCC26XX_singleMode.oem3 (.text:syncCb)
                  00007b80    0000004e     grlib.aem3 : line.oem3 (.text:GrLineDrawH)
                  00007bce    00000002     rtsv7M3_T_le_eabi.lib : i_div0.obj (.text)
                  00007bd0    0000004c     driverlib.lib : chipinfo.obj (.text:NOROM_ChipInfo_GetChipType)
                  00007c1c    0000004c                   : osc.obj (.text:NOROM_OSCClockSourceSet)
                  00007c68    0000004c     rf_singleMode_cc26xxware.aem3 : RFCC26XX_singleMode.oem3 (.text:applyRfCorePatch)
                  00007cb4    0000004c     mesh_flooding.obj (.text:main)
                  00007d00    0000004c     rtsv7M3_T_le_eabi.lib : cpy_tbl.obj (.text)
                  00007d4c    0000004c     drivers_cc26xxware.aem3 : UARTCC26XX.oem3 (.text:startTxFifoEmptyClk)
                  00007d98    0000004a     display.aem3 : DisplaySharp.oem3 (.text:DisplaySharp_close)
                  00007de2    0000004a     lcd.aem3 : SharpGrLib.oem3 (.text:SharpGrLib_drawMultiple)
                  00007e2c    00000048     display.aem3 : Display.oem3 (.text:Display_doOpen)
                  00007e74    00000048     driverlib.lib : chipinfo.obj (.text:NOROM_ChipInfo_GetChipFamily)
                  00007ebc    00000048                   : ddi.obj (.text:NOROM_DDI16BitfieldWrite)
                  00007f04    00000048     drivers_cc26xxware.aem3 : PINCC26XX.oem3 (.text:PIN_setOutputEnable)
                  00007f4c    00000048                             : PINCC26XX.oem3 (.text:PIN_swi)
                  00007f94    00000048     rf_singleMode_cc26xxware.aem3 : RFCC26XX_singleMode.oem3 (.text:RF_runCmd)
                  00007fdc    00000048     drivers_cc26xxware.aem3 : PowerCC26XX.oem3 (.text:notify)
                  00008024    00000046                             : RingBuf.oem3 (.text:RingBuf_put)
                  0000806a    00000002     rom_sysbios.aem3 : rom_sysbios.obj (.text:ti_sysbios_BIOS_linkedWithIncorrectBootLibrary__E)
                  0000806c    00000044     boot.aem3 : boot.oem3 (.text)
                  000080b0    00000044     smartrf_settings.obj (.text:configureBlePatch)
                  000080f4    00000044     rom_sysbios.aem3 : rom_sysbios.obj (.text:xdc_runtime_SysMin_flush__E)
                  00008138    00000044                      : rom_sysbios.obj (.text:xdc_runtime_Text_xprintf__I)
                  0000817c    00000042     lcd.aem3 : SharpGrLib.oem3 (.text:SharpGrLib_pixelDraw)
                  000081be    00000002     mesh_flooding_pem3.oem3 (.text:ti_sysbios_BIOS_nullFunc__I)
                  000081c0    00000040     driverlib.lib : ddi.obj (.text:NOROM_DDI16BitfieldRead)
                  00008200    00000040     drivers_cc26xxware.aem3 : RingBuf.oem3 (.text:RingBuf_get)
                  00008240    00000040     app_task.obj (.text:appTask_ackReceived)
                  00008280    00000040     rtsv7M3_T_le_eabi.lib : u_divt2.obj (.text)
                  000082c0    0000003c     driverlib.lib : osc.obj (.text:NOROM_OSC_HPOSCRelativeFrequencyOffsetGet)
                  000082fc    0000003c                   : rfc.obj (.text:NOROM_RFCSynthPowerDown)
                  00008338    0000003c     drivers_cc26xxware.aem3 : PINCC26XX.oem3 (.text:PINCC26XX_getConfig)
                  00008374    0000003c                             : PINCC26XX.oem3 (.text:PIN_setOutputValue)
                  000083b0    0000003c                             : SPICC26XXDMA.oem3 (.text:SPICC26XXDMA_csnCallback)
                  000083ec    0000003c                             : UARTCC26XX.oem3 (.text:UARTCC26XX_swiIntFxn)
                  00008428    0000003c     smartrf_settings_predefined.obj (.text:configureGenfskPatch)
                  00008464    00000038     drivers_cc26xxware.aem3 : PINCC26XX.oem3 (.text:PIN_setInterrupt)
                  0000849c    00000038                             : SPI.oem3 (.text:SPI_init)
                  000084d4    00000038                             : UART.oem3 (.text:UART_init)
                  0000850c    00000038                             : UARTCC26XX.oem3 (.text:readData)
                  00008544    00000038     rom_sysbios.aem3 : rom_sysbios.obj (.text:ti_sysbios_family_arm_cc26xx_Timer_getCurrentTick__E)
                  0000857c    00000038     drivers_cc26xxware.aem3 : UARTCC26XX.oem3 (.text:writeData)
                  000085b4    00000038     rom_sysbios.aem3 : rom_sysbios.obj (.text:xdc_runtime_SysMin_putch__E)
                  000085ec    00000036     drivers_cc26xxware.aem3 : UDMACC26XX.oem3 (.text:UDMACC26XX_close)
                  00008622    00000036     rf_singleMode_cc26xxware.aem3 : RFCC26XX_singleMode.oem3 (.text:updateImplicitState)
                  00008658    00000034     driverlib.lib : osc.obj (.text:NOROM_OSCHF_SwitchToRcOscTurnOffXosc)
                  0000868c    00000034     drivers_cc26xxware.aem3 : PINCC26XX.oem3 (.text:PIN_setConfig)
                  000086c0    00000034     rf_singleMode_cc26xxware.aem3 : RFCC26XX_singleMode.oem3 (.text:Q_push)
                  000086f4    00000034     drivers_cc26xxware.aem3 : UARTCC26XX.oem3 (.text:readData2RingBuf)
                  00008728    00000034     mac_task.obj (.text:returnRadioOperationStatus)
                  0000875c    00000034     rom_sysbios.aem3 : rom_sysbios.obj (.text:ti_sysbios_family_arm_cc26xx_Timer_initDevice__I)
                  00008790    00000032     display.aem3 : DisplaySharp.oem3 (.text:DisplaySharp_clear)
                  000087c2    00000032     rom_sysbios.aem3 : rom_sysbios.obj (.text:ti_sysbios_family_arm_cc26xx_Timer_setNextTick__E)
                  000087f4    00000030     driverlib.lib : setup_rom.obj (.text:NOROM_SetupSetAonRtcSubSecInc)
                  00008824    00000030     drivers_cc26xxware.aem3 : PowerCC26XX.oem3 (.text:Power_releaseConstraint)
                  00008854    00000030                             : PowerCC26XX.oem3 (.text:Power_setConstraint)
                  00008884    00000030                             : SPI.oem3 (.text:SPI_open)
                  000088b4    00000030     rf_singleMode_cc26xxware.aem3 : RFCC26XX_singleMode.oem3 (.text:clkPowerUpFxn)
                  000088e4    00000030     mesh_flooding_pem3.oem3 (.text:ti_sysbios_BIOS_atExitFunc__I)
                  00008914    00000030     mesh_flooding_pem3.oem3 (.text:ti_sysbios_BIOS_startFunc__I)
                  00008944    00000030     rom_sysbios.aem3 : rom_sysbios.obj (.text:ti_sysbios_family_arm_cc26xx_Timer_setThreshold__I)
                  00008974    00000030                      : rom_sysbios.obj (.text:xdc_runtime_SysMin_abort__E)
                  000089a4    0000002f                      : rom_sysbios.obj (.text:xdc_runtime_Text_printVisFxn__I)
                  000089d3    00000001     --HOLE-- [fill = 0]
                  000089d4    0000002e     lcd.aem3 : SharpGrLib.oem3 (.text:SharpGrLib_initializeDisplayBuffer)
                  00008a02    00000002     rom_sysbios.aem3 : rom_sysbios.obj (.text:ti_sysbios_knl_Clock_triggerFunc__I)
                  00008a04    0000002c     driverlib.lib : ddi.obj (.text:NOROM_DDI32RegWrite)
                  00008a30    0000002c                   : setup_rom.obj (.text:NOROM_SetupGetTrimForRadcExtCfg)
                  00008a5c    0000002c     drivers_cc26xxware.aem3 : PINCC26XX.oem3 (.text:PINCC26XX_setMux)
                  00008a88    0000002c     lcd.aem3 : SharpGrLib.oem3 (.text:SharpGrLib_init)
                  00008ab4    0000002c     EasyLink.obj (.text:asyncCmdCallback)
                  00008ae0    0000002c     rf_singleMode_cc26xxware.aem3 : RFCC26XX_singleMode.oem3 (.text:getCmd)
                  00008b0c    0000002c     rom_sysbios.aem3 : rom_sysbios.obj (.text:ti_sysbios_knl_Clock_getTicksUntilInterrupt__E)
                  00008b38    0000002c     mesh_flooding_pem3.oem3 (.text:ti_sysbios_knl_Event_construct)
                  00008b64    0000002c     rom_sysbios.aem3 : rom_sysbios.obj (.text:ti_sysbios_knl_Event_pendTimeout__I)
                  00008b90    0000002a                      : rom_sysbios.obj (.text:xdc_runtime_System_putchar__I)
                  00008bba    00000002     mesh_flooding_pem3.oem3 (.text:ti_sysbios_rom_cortexm_cc26xx_CC26xx_badRomRevision__E)
                  00008bbc    00000028     driverlib.lib : aon_batmon.obj (.text:NOROM_AONBatMonTemperatureGetDegC)
                  00008be4    00000028     drivers_cc26xxware.aem3 : PowerCC26XX.oem3 (.text:Power_registerNotify)
                  00008c0c    00000028     rf_singleMode_cc26xxware.aem3 : RFCC26XX_singleMode.oem3 (.text:Q_end)
                  00008c34    00000028     drivers_cc26xxware.aem3 : SPICC26XXDMA.oem3 (.text:SPICC26XXDMA_flushFifos)
                  00008c5c    00000028     driverlib.lib : adi.obj (.text:SafeHapiVoid)
                  00008c84    00000028     flooding_task.obj (.text:floodTask_floodPacket)
                  00008cac    00000028     flooding_task.obj (.text:shouldForward)
                  00008cd4    00000026     display.aem3 : Display.oem3 (.text:Display_doPut5)
                  00008cfa    00000026     drivers_cc26xxware.aem3 : List.oem3 (.text:List_put)
                  00008d20    00000024                             : PINCC26XX.oem3 (.text:PINCC26XX_getPinCount)
                  00008d44    00000024     flooding_task.obj (.text:floodTask_sendData)
                  00008d68    00000024     drivers_cc26xxware.aem3 : PowerCC26XX_calibrateRCOSC.oem3 (.text:getTdcSemaphore)
                  00008d8c    00000024     rf_singleMode_cc26xxware.aem3 : RFCC26XX_singleMode.oem3 (.text:hwiFxnCpe0PowerFsm)
                  00008db0    00000024     mesh_flooding_pem3.oem3 (.text:ti_sysbios_BIOS_registerRTSLock__I)
                  00008dd4    00000024     mesh_flooding_pem3.oem3 (.text:ti_sysbios_BIOS_removeRTSLock__I)
                  00008df8    00000024     rom_sysbios.aem3 : rom_sysbios.obj (.text:ti_sysbios_family_arm_cc26xx_Timer_getMaxTicks__E)
                  00008e1c    00000022     grlib.aem3 : context.oem3 (.text:GrContextInit)
                  00008e3e    00000022     mesh_flooding_pem3.oem3 (.text:xdc_runtime_SysMin_output__I)
                  00008e60    00000020     driverlib.lib : rfc.obj (.text:NOROM_RFCDoorbellSendTo)
                  00008e80    00000020                   : rfc.obj (.text:NOROM_RFCRfTrimRead)
                  00008ea0    00000020                   : setup_rom.obj (.text:NOROM_SetupGetTrimForXoscHfCtl)
                  00008ec0    00000020     drivers_cc26xxware.aem3 : PowerCC26XX.oem3 (.text:Power_unregisterNotify)
                  00008ee0    00000020     rf_singleMode_cc26xxware.aem3 : RFCC26XX_singleMode.oem3 (.text:allocCmd)
                  00008f00    00000020     mesh_flooding_pem3.oem3 (.text:ti_sysbios_BIOS_rtsLock__I)
                  00008f20    00000020     rom_sysbios.aem3 : rom_sysbios.obj (.text:ti_sysbios_family_arm_cc26xx_Timer_dynamicStub__E)
                  00008f40    00000020                      : rom_sysbios.obj (.text:ti_sysbios_knl_Clock_stop__E)
                  00008f60    00000020                      : rom_sysbios.obj (.text:ti_sysbios_knl_Event_checkEvents__I)
                  00008f80    00000020                      : rom_sysbios.obj (.text:xdc_runtime_Registry_findById__E)
                  00008fa0    00000020                      : rom_sysbios.obj (.text:xdc_runtime_SysMin_Module_startup__E)
                  00008fc0    0000001e     drivers_cc26xxware.aem3 : PINCC26XX.oem3 (.text:PIN_close)
                  00008fde    0000001e                             : PowerCC26XX.oem3 (.text:Power_getTransitionLatency)
                  00008ffc    0000001c     driverlib.lib : osc.obj (.text:NOROM_OSCClockSourceGet)
                  00009018    0000001c                   : setup_rom.obj (.text:NOROM_SetupGetTrimForAmpcompTh2)
                  00009034    0000001c                   : setup_rom.obj (.text:NOROM_SetupGetTrimForRcOscLfRtuneCtuneTrim)
                  00009050    0000001c     drivers_cc26xxware.aem3 : PINCC26XX.oem3 (.text:PINCC26XX_setIoCfgMux)
                  0000906c    0000001c                             : PINCC26XX.oem3 (.text:PIN_hwi)
                  00009088    0000001c                             : UDMACC26XX.oem3 (.text:UDMACC26XX_initHw)
                  000090a4    0000001c     smartrf_settings.obj (.text:enterBleCpePatch)
                  000090c0    0000001c     smartrf_settings_predefined.obj (.text:enterGenfskCpePatch)
                  000090dc    0000001c     rom_sysbios.aem3 : rom_sysbios.obj (.text:xdc_runtime_SysMin_exit__E)
                  000090f8    0000001a     drivers_cc26xxware.aem3 : List.oem3 (.text:List_remove)
                  00009112    0000001a     grlib.aem3 : string.oem3 (.text:NumLeadingZeros)
                  0000912c    0000001a     rom_sysbios.aem3 : rom_sysbios_config.obj (.text:xdc_runtime_System_snprintf__E)
                  00009146    00000002                      : rom_sysbios.obj (.text:xdc_runtime_SysCallback_defaultAbort)
                  00009148    00000018     driverlib.lib : aon_rtc.obj (.text:NOROM_AONRTCCurrentCompareValueGet)
                  00009160    00000018                   : chipinfo.obj (.text:NOROM_ChipInfo_GetPackageType)
                  00009178    00000018                   : osc.obj (.text:NOROM_OSCHF_TurnOnXosc)
                  00009190    00000018                   : rfc.obj (.text:NOROM_RFCCpeIntGetAndClear)
                  000091a8    00000018                   : setup_rom.obj (.text:NOROM_SetupGetTrimForAdcShModeEn)
                  000091c0    00000018                   : setup_rom.obj (.text:NOROM_SetupGetTrimForAdcShVbufEn)
                  000091d8    00000018                   : setup_rom.obj (.text:NOROM_SetupGetTrimForAmpcompTh1)
                  000091f0    00000018                   : setup_rom.obj (.text:NOROM_SetupGetTrimForDblrLoopFilterResetVoltage)
                  00009208    00000018                   : setup_rom.obj (.text:NOROM_SetupGetTrimForRcOscLfIBiasTrim)
                  00009220    00000018                   : setup_rom.obj (.text:NOROM_SetupGetTrimForXoscLfRegulatorAndCmirrwrRatio)
                  00009238    00000018     drivers_cc26xxware.aem3 : PINCC26XX.oem3 (.text:PIN_getConfig)
                  00009250    00000018                             : PowerCC26XX.oem3 (.text:Power_idleFunc)
                  00009268    00000018     rf_singleMode_cc26xxware.aem3 : RFCC26XX_singleMode.oem3 (.text:Q_pop)
                  00009280    00000018     drivers_cc26xxware.aem3 : UARTCC26XX.oem3 (.text:UARTCC26XX_init)
                  00009298    00000018                             : PowerCC26XX.oem3 (.text:configureRFCoreClocks)
                  000092b0    00000018     lcd.aem3 : SharpGrLib.oem3 (.text:reverse)
                  000092c8    00000018     rtsv7M3_T_le_eabi.lib : args_main.obj (.text)
                  000092e0    00000018                           : ll_mul_t2.obj (.text)
                  000092f8    00000018     app_task.obj (.text:sensorTimerCallback)
                  00009310    00000018     rf_singleMode_cc26xxware.aem3 : RFCC26XX_singleMode.oem3 (.text:swiFxnFsm)
                  00009328    00000018     mesh_flooding_pem3.oem3 (.text:ti_sysbios_BIOS_rtsUnlock__I)
                  00009340    00000018     rom_sysbios.aem3 : rom_sysbios.obj (.text:ti_sysbios_knl_Swi_or__E)
                  00009358    00000018     mesh_flooding_pem3.oem3 (.text:ti_sysbios_rom_cortexm_cc26xx_CC26xx_checkRevision__E)
                  00009370    00000016     rtsv7M3_T_le_eabi.lib : strcpy.obj (.text)
                  00009386    00000016     mesh_flooding_pem3.oem3 (.text:ti_sysbios_BIOS_exitFunc__I)
                  0000939c    00000016     app_task.obj (.text:ti_sysbios_knl_Event_Params_init)
                  000093b2    00000016     flooding_task.obj (.text:ti_sysbios_knl_Event_Params_init)
                  000093c8    00000016     mac_task.obj (.text:ti_sysbios_knl_Event_Params_init)
                  000093de    00000016     EasyLink.obj (.text:ti_sysbios_knl_Semaphore_Params_init)
                  000093f4    00000016     mac_task.obj (.text:ti_sysbios_knl_Semaphore_Params_init)
                  0000940a    00000016     app_task.obj (.text:ti_sysbios_knl_Task_Params_init)
                  00009420    00000016     flooding_task.obj (.text:ti_sysbios_knl_Task_Params_init)
                  00009436    00000016     mac_task.obj (.text:ti_sysbios_knl_Task_Params_init)
                  0000944c    00000014     driverlib.lib : aon_rtc.obj (.text:NOROM_AONRTCCurrent64BitValueGet)
                  00009460    00000014                   : chipinfo.obj (.text:NOROM_ThisCodeIsBuiltForCC26xxHwRev22AndLater_HaltIfViolated)
                  00009474    00000014     drivers_cc26xxware.aem3 : PINCC26XX.oem3 (.text:PINCC26XX_getInputValue)
                  00009488    00000014     rf_singleMode_cc26xxware.aem3 : RFCC26XX_singleMode.oem3 (.text:RF_Params_init)
                  0000949c    00000014     drivers_cc26xxware.aem3 : SPI.oem3 (.text:SPI_Params_init)
                  000094b0    00000014     rtsv7M3_T_le_eabi.lib : _lock.obj (.text)
                  000094c4    00000014                           : strlen.obj (.text)
                  000094d8    00000014     mesh_flooding_pem3.oem3 (.text:ti_sysbios_knl_Clock_doTick__I)
                  000094ec    00000014     rom_sysbios.aem3 : rom_sysbios.obj (.text:ti_sysbios_knl_Event_Instance_init__E)
                  00009500    00000012     drivers_cc26xxware.aem3 : RingBuf.oem3 (.text:RingBuf_construct)
                  00009512    00000012     mesh_flooding_pem3.oem3 (.text:xdc_runtime_Startup_exec__I)
                  00009524    00000010     rf_singleMode_cc26xxware.aem3 : RFCC26XX_singleMode.oem3 (.text:FsmDispatch)
                  00009534    00000010     driverlib.lib : rfc.obj (.text:NOROM_RFCRfTrimSet)
                  00009544    00000010                   : setup_rom.obj (.text:NOROM_SetupGetTrimForXoscHfFastStart)
                  00009554    00000010                   : setup_rom.obj (.text:NOROM_SetupGetTrimForXoscHfIbiastherm)
                  00009564    00000010     smartrf_settings.obj (.text:applyBlePatch)
                  00009574    00000010     smartrf_settings_predefined.obj (.text:applyGenfskPatch)
                  00009584    00000010     rom_sysbios.aem3 : rom_sysbios.obj (.text:ti_sysbios_family_arm_m3_Hwi_post__E)
                  00009594    00000010     drivers_cc26xxware.aem3 : UARTCC26XX.oem3 (.text:uartPostNotify)
                  000095a4    00000010     rom_sysbios.aem3 : rom_sysbios.obj (.text:xdc_runtime_SysMin_ready__E)
                  000095b4    00000010                      : rom_sysbios.obj (.text:xdc_runtime_System_vsnprintf__E)
                  000095c4    0000000e     driverlib.lib : vims.obj (.text:NOROM_VIMSModeGet)
                  000095d2    0000000e     drivers_cc26xxware.aem3 : SPICC26XXDMA.oem3 (.text:SPICC26XXDMA_init)
                  000095e0    0000000e     rtsv7M3_T_le_eabi.lib : copy_decompress_none.obj (.text:decompress:none)
                  000095ee    0000000e     rom_sysbios.aem3 : rom_sysbios.obj (.text:ti_sysbios_family_arm_cc26xx_TimestampProvider_get32__E)
                  000095fc    0000000c     rf_singleMode_cc26xxware.aem3 : RFCC26XX_singleMode.oem3 (.text:FsmNextState)
                  00009608    0000000c     driverlib.lib : cpu.obj (.text:NOROM_CPUcpsid)
                  00009614    0000000c                   : cpu.obj (.text:NOROM_CPUcpsie)
                  00009620    0000000c     drivers_cc26xxware.aem3 : PINCC26XX.oem3 (.text:PIN_registerIntCb)
                  0000962c    0000000c                             : PowerCC26XX.oem3 (.text:Power_getConstraintMask)
                  00009638    0000000c                             : PowerCC26XX.oem3 (.text:Power_getDependencyCount)
                  00009644    0000000c     app_task.obj (.text:appTask_sendFail)
                  00009650    0000000c     rtsv7M3_T_le_eabi.lib : copy_zero_init.obj (.text:decompress:ZI)
                  0000965c    0000000c     drivers_cc26xxware.aem3 : SPICC26XXDMA.oem3 (.text:spiPostNotify)
                  00009668    0000000c     app_task.obj (.text:ti_sysbios_knl_Clock_handle)
                  00009674    0000000c     mesh_flooding_pem3.oem3 (.text:ti_sysbios_knl_Event_Params__init__S)
                  00009680    0000000c     app_task.obj (.text:ti_sysbios_knl_Event_handle)
                  0000968c    0000000c     flooding_task.obj (.text:ti_sysbios_knl_Event_handle)
                  00009698    0000000c     mac_task.obj (.text:ti_sysbios_knl_Event_handle)
                  000096a4    0000000c     mac_task.obj (.text:ti_sysbios_knl_Semaphore_handle)
                  000096b0    0000000c     rom_sysbios.aem3 : rom_sysbios.obj (.text:ti_sysbios_knl_Swi_getTrigger__E)
                  000096bc    0000000c     mesh_flooding_pem3.oem3 (.text:xdc_runtime_Startup_reset__I)
                  000096c8    0000000c     rom_sysbios.aem3 : rom_sysbios.obj (.text:xdc_runtime_Startup_rtsDone__E)
                  000096d4    0000000a     drivers_cc26xxware.aem3 : List.oem3 (.text:List_empty)
                  000096de    0000000a                             : SPI.oem3 (.text:SPI_close)
                  000096e8    0000000a                             : SPI.oem3 (.text:SPI_transfer)
                  000096f2    0000000a     lcd.aem3 : SharpGrLib.oem3 (.text:SharpGrLib_colorTranslate)
                  000096fc    0000000a     drivers_cc26xxware.aem3 : UDMACC26XX.oem3 (.text:UDMACC26XX_hwiIntFxn)
                  00009706    00000002     rom_sysbios.aem3 : rom_sysbios.obj (.text:xdc_runtime_SysCallback_defaultExit)
                  00009708    00000008     display.aem3 : DisplaySharp.oem3 (.text:DisplaySharp_getType)
                  00009710    00000008     drivers_cc26xxware.aem3 : SPICC26XXDMA.oem3 (.text:SPICC26XXDMA_transferCallback)
                  00009718    00000008                             : UARTCC26XX.oem3 (.text:readSemCallback)
                  00009720    00000008     smartrf_settings.obj (.text:rf_patch_cpe_ble)
                  00009728    00000008     smartrf_settings_predefined.obj (.text:rf_patch_cpe_genfsk)
                  00009730    00000008     drivers_cc26xxware.aem3 : UARTCC26XX.oem3 (.text:writeSemCallback)
                  00009738    00000008     mesh_flooding_pem3.oem3 (.text:xdc_runtime_Text_visitRope__I)
                  00009740    00000006     display.aem3 : Display.oem3 (.text:Display_doParamsInit)
                  00009746    00000006     driverlib.lib : cpu.obj (.text:NOROM_CPUdelay)
                  0000974c    00000006     drivers_cc26xxware.aem3 : UARTCC26XX.oem3 (.text:UARTCC26XX_readPolling)
                  00009752    00000006                             : UARTCC26XX.oem3 (.text:UARTCC26XX_writePolling)
                  00009758    00000006     rf_singleMode_cc26xxware.aem3 : RFCC26XX_singleMode.oem3 (.text:clkInactivityFxn)
                  0000975e    00000006     mac_task.obj (.text:csma)
                  00009764    00000006     rom_sysbios.aem3 : rom_sysbios.obj (.text:ti_sysbios_family_arm_m3_Hwi_setFunc__E)
                  0000976a    00000004     tirtosport.aem3 : HwiP_tirtos.oem3 (.text:HwiP_disable)
                  0000976e    00000004     drivers_cc26xxware.aem3 : List.oem3 (.text:List_head)
                  00009772    00000004                             : List.oem3 (.text:List_next)
                  00009776    00000004     rf_singleMode_cc26xxware.aem3 : RFCC26XX_singleMode.oem3 (.text:Q_peek)
                  0000977a    00000004     drivers_cc26xxware.aem3 : PowerCC26XX.oem3 (.text:nopResourceHandler)
                  0000977e    00000004     rom_sysbios.aem3 : rom_sysbios.obj (.text:ti_sysbios_family_arm_cc26xx_Timer_getCount64__E)
                  00009782    00000004                      : rom_sysbios.obj (.text:ti_sysbios_knl_Clock_setPeriod__E)
                  00009786    00000004                      : rom_sysbios.obj (.text:xdc_runtime_System_snprintf_va__F)
                  0000978a    00000002     --HOLE-- [fill = 0]
                  0000978c    00000008     (.tramp.xdc_runtime_Core_assignParams__I.1)
                  00009794    00000008     (.tramp.xdc_runtime_Startup_startMods__I.1)
                  0000979c    00000008     (.tramp.ti_sysbios_knl_Queue_construct.1)
                  000097a4    00000008     (.tramp.ti_sysbios_knl_Clock_logTick__E.1)
                  000097ac    00000008     (.tramp.ti_sysbios_knl_Task_Params__init__S.1)
                  000097b4    00000008     (.tramp.ti_sysbios_BIOS_RtsGateProxy_leave__E.1)
                  000097bc    00000008     (.tramp.ti_sysbios_BIOS_RtsGateProxy_enter__E.1)
                  000097c4    00000008     (.tramp.xdc_runtime_Core_constructObject__I.1)
                  000097cc    00000008     (.tramp.ti_sysbios_knl_Task_startup__E.1)
                  000097d4    00000008     (.tramp.ti_sysbios_knl_Swi_startup__E.1)
                  000097dc    00000008     (.tramp.ti_sysbios_hal_Hwi_startup__E.1)
                  000097e4    00000008     (.tramp.ti_sysbios_family_arm_cc26xx_Timer_startup__E.1)
                  000097ec    00000008     (.tramp.xdc_runtime_System_atexit__E.1)
                  000097f4    00000008     (.tramp.ti_sysbios_BIOS_setThreadType__E.1)
                  000097fc    00000008     (.tramp.xdc_runtime_Gate_leaveSystem__E.1)
                  00009804    00000008     (.tramp.xdc_runtime_Gate_enterSystem__E.1)
                  0000980c    00000008     (.tramp.xdc_runtime_System_exit__E.1)
                  00009814    00000008     (.tramp.ti_sysbios_BIOS_start__E.1)
                  0000981c    00000008     (.tramp.ti_sysbios_knl_Task_unblockI__E.1)
                  00009824    00000008     (.tramp.ti_sysbios_knl_Queue_remove__E.1)
                  0000982c    00000008     (.tramp.ti_sysbios_knl_Queue_head__E.1)
                  00009834    00000008     (.tramp.ti_sysbios_knl_Queue_empty__E.1)
                  0000983c    00000008     (.tramp.ti_sysbios_knl_Clock_scheduleNextTick__E.1)
                  00009844    00000008     (.tramp.ti_sysbios_knl_Clock_walkQueueDynamic__E.1)
                  0000984c    00000008     (.tramp.ti_sysbios_knl_Clock_TimerProxy_getCurrentTick__E.1)
                  00009854    00000008     (.tramp.ti_sysbios_family_arm_m3_Hwi_enableInterrupt__E.1)
                  0000985c    00000008     (.tramp.ti_sysbios_BIOS_getCpuFreq__E.1)
                  00009864    00000008     (.tramp.ti_sysbios_knl_Clock_removeI__E.1)
                  0000986c    00000008     (.tramp.ti_sysbios_knl_Clock_startI__E.1)
                  00009874    00000008     (.tramp.ti_sysbios_knl_Task_blockI__E.1)
                  0000987c    00000008     (.tramp.ti_sysbios_knl_Queue_enqueue__E.1)
                  00009884    00000008     (.tramp.ti_sysbios_knl_Task_self__E.1)
                  0000988c    00000008     (.tramp.ti_sysbios_knl_Clock_addI__E.1)
                  00009894    00000008     (.tramp.ti_sysbios_family_arm_m3_Hwi_destruct.1)
                  0000989c    00000008     (.tramp.ti_sysbios_knl_Swi_destruct.1)
                  000098a4    00000008     (.tramp.ti_sysbios_knl_Clock_destruct.1)
                  000098ac    00000008     (.tramp.ti_sysbios_knl_Semaphore_destruct.1)
                  000098b4    00000008     (.tramp.ti_sysbios_knl_Clock_getTicks__E.1)
                  000098bc    00000008     (.tramp.ti_sysbios_knl_Swi_post__E.1)
                  000098c4    00000008     (.tramp.ti_sysbios_knl_Task_construct.1)
                  000098cc    00000008     (.tramp.ti_sysbios_knl_Task_sleep__E.1)
                  000098d4    00000008     (.tramp.xdc_runtime_System_abortSpin__E.1)
                  000098dc    00000008     (.tramp.ti_sysbios_knl_Clock_construct.1)
                  000098e4    00000008     (.tramp.ti_sysbios_knl_Clock_Params__init__S.1)
                  000098ec    00000008     (.tramp.ti_sysbios_knl_Swi_construct.1)
                  000098f4    00000008     (.tramp.ti_sysbios_knl_Swi_Params__init__S.1)
                  000098fc    00000008     (.tramp.ti_sysbios_family_arm_m3_Hwi_construct.1)
                  00009904    00000008     (.tramp.ti_sysbios_family_arm_m3_Hwi_Params__init__S.1)
                  0000990c    00000008     (.tramp.ti_sysbios_knl_Semaphore_construct.1)
                  00009914    00000008     (.tramp.ti_sysbios_knl_Semaphore_Params__init__S.1)
                  0000991c    00000008     (.tramp.xdc_runtime_System_abort__E.1)
                  00009924    00000008     (.tramp.ti_sysbios_knl_Task_restore__E.1)
                  0000992c    00000008     (.tramp.ti_sysbios_knl_Swi_restore__E.1)
                  00009934    00000008     (.tramp.ti_sysbios_knl_Swi_disable__E.1)
                  0000993c    00000008     (.tramp.ti_sysbios_knl_Task_disable__E.1)
                  00009944    00000008     (.tramp.ti_sysbios_knl_Semaphore_create.1)
                  0000994c    00000008     (.tramp.xdc_runtime_Error_init__E.1)
                  00009954    00000008     (.tramp.ti_sysbios_knl_Semaphore_post__E.1)
                  0000995c    00000008     (.tramp.ti_sysbios_knl_Semaphore_pend__E.1)
                  00009964    00000008     (.tramp.ti_sysbios_knl_Clock_start__E.1)
                  0000996c    00000008     (.tramp.ti_sysbios_knl_Clock_setTimeout__E.1)
                  00009974    00000008     (.tramp.ti_sysbios_family_arm_m3_Hwi_restoreFxn__E.1)
                  0000997c    00000008     (.tramp.ti_sysbios_family_arm_m3_Hwi_disableFxn__E.1)

.const     0    00009984    00001d15     
                  00009984    00000730     smartrf_settings_predefined.obj (.const:patchGenfskMce)
                  0000a0b4    000006bc     smartrf_settings_predefined.obj (.const:patchGenfskRfe)
                  0000a770    000004ec     smartrf_settings.obj (.const:patchBleRfe)
                  0000ac5c    000002f8     grlib.aem3 : fontfixed6x8.oem3 (.const:.string:g_pucFontFixed6x8Data)
                  0000af54    0000013c     smartrf_settings.obj (.const:patchImageBle)
                  0000b090    00000118     smartrf_settings_predefined.obj (.const:patchImageGenfsk)
                  0000b1a8    000000c8     grlib.aem3 : fontfixed6x8.oem3 (.const:g_sFontFixed6x8)
                  0000b270    00000068     CC2650STK.obj (.const:BoardGpioInitTable)
                  0000b2d8    00000054     drivers_cc26xxware.aem3 : SPICC26XXDMA.oem3 (.const)
                  0000b32c    0000004c                             : PowerCC26XX.oem3 (.const:resourceDB)
                  0000b378    00000048     mesh_flooding_pem3.oem3 (.const:.string)
                  0000b3c0    00000040     drivers_cc26xxware.aem3 : UARTCC26XX.oem3 (.const)
                  0000b400    00000038     CC2650STK.obj (.const:spiCC26XXDMAHWAttrs)
                  0000b438    00000034     smartrf_settings_predefined.obj (.const:rfPowerTable)
                  0000b46c    00000028     drivers_cc26xxware.aem3 : UARTCC26XX.oem3 (.const:UARTCC26XX_fxnTable)
                  0000b494    00000028     mesh_flooding_pem3.oem3 (.const:xdc_runtime_Startup_sfxnTab__A)
                  0000b4bc    00000024     CC2650STK.obj (.const:SPI_config)
                  0000b4e0    00000024     display.aem3 : DisplaySharp.oem3 (.const)
                  0000b504    00000020     drivers_cc26xxware.aem3 : SPI.oem3 (.const)
                  0000b524    00000020     lcd.aem3 : SharpGrLib.oem3 (.const)
                  0000b544    00000020     mesh_flooding_pem3.oem3 (.const:ti_sysbios_knl_Event_Object__DESC__C)
                  0000b564    00000020     CC2650STK.obj (.const:uartCC26XXHWAttrs)
                  0000b584    00000018     EasyLink.obj (.const:$P$T0$3)
                  0000b59c    00000018     CC2650STK.obj (.const:Display_config)
                  0000b5b4    00000018     CC2650STK.obj (.const:UART_config)
                  0000b5cc    00000018     mesh_flooding_pem3.oem3 (.const:ti_sysbios_knl_Event_Object__PARAMS__C)
                  0000b5e4    00000014     rf_singleMode_cc26xxware.aem3 : RFCC26XX_singleMode.oem3 (.const)
                  0000b5f8    00000014     mesh_flooding_pem3.oem3 (.const:xdc_runtime_Startup_sfxnRts__A)
                  0000b60c    00000010     lcd.aem3 : SharpGrLib.oem3 (.const:.string)
                  0000b61c    00000010     CC2650STK.obj (.const:PowerCC26XX_config)
                  0000b62c    00000010     CC2650STK.obj (.const:UDMACC26XX_config)
                  0000b63c    00000010     CC2650STK.obj (.const:displaySharpHWattrs)
                  0000b64c    0000000c     mesh_flooding_pem3.oem3 (.const:xdc_runtime_Startup_firstFxns__A)
                  0000b658    00000008     CC2650STK.obj (.const:PINCC26XX_hwAttrs)
                  0000b660    00000008     CC2650STK.obj (.const:udmaHWAttrs)
                  0000b668    00000004     EasyLink.obj (.const:$P$T1$4)
                  0000b66c    00000004     CC2650STK.obj (.const:RFCC26XX_hwAttrs)
                  0000b670    00000004     mesh_flooding_pem3.oem3 (.const:ti_sysbios_knl_Clock_tickPeriod__C)
                  0000b674    00000004     mesh_flooding_pem3.oem3 (.const:ti_sysbios_knl_Clock_triggerClock__C)
                  0000b678    00000004     mesh_flooding_pem3.oem3 (.const:ti_sysbios_knl_Event_Instance_State_pendQ__O)
                  0000b67c    00000004     mesh_flooding_pem3.oem3 (.const:ti_sysbios_knl_Idle_funcList__A)
                  0000b680    00000004     mesh_flooding_pem3.oem3 (.const:xdc_runtime_SysMin_bufSize__C)
                  0000b684    00000004     mesh_flooding_pem3.oem3 (.const:xdc_runtime_SysMin_outputFunc__C)
                  0000b688    00000004     mesh_flooding_pem3.oem3 (.const:xdc_runtime_System_extendFxn__C)
                  0000b68c    00000004     mesh_flooding_pem3.oem3 (.const:xdc_runtime_Text_visitRopeFxn__C)
                  0000b690    00000002     mesh_flooding_pem3.oem3 (.const:xdc_runtime_SysMin_flushAtExit__C)
                  0000b692    00000002     mesh_flooding_pem3.oem3 (.const:xdc_runtime_Text_registryModsLastId__C)
                  0000b694    00000002     mesh_flooding_pem3.oem3 (.const:xdc_runtime_Text_unnamedModsLastId__C)
                  0000b696    00000001     display.aem3 : Display.oem3 (.const)
                  0000b697    00000001     smartrf_settings_predefined.obj (.const)
                  0000b698    00000001     mesh_flooding_pem3.oem3 (.const:xdc_runtime_Text_charTab__A)

.cinit     0    0000b6a0    000003c0     
                  0000b6a0    00000241     (.cinit..data.load) [load image, compression = lzss]
                  0000b8e1    00000029     (.cinit..data:ti_sysbios_family_arm_m3_Hwi_Module__state__V.load) [load image, compression = lzss]
                  0000b90a    00000021     (.cinit..data:ti_sysbios_knl_Task_Module__state__V.load) [load image, compression = lzss]
                  0000b92b    0000001f     (.cinit..data:ti_sysbios_BIOS_Module__state__V.load) [load image, compression = lzss]
                  0000b94a    0000001e     (.cinit..data:ti_sysbios_knl_Clock_Module__state__V.load) [load image, compression = lzss]
                  0000b968    00000010     (.cinit..data:ti_sysbios_knl_Swi_Module__state__V.load) [load image, compression = lzss]
                  0000b978    0000000c     (__TI_handler_table)
                  0000b984    0000000b     (.cinit..data:ti_sysbios_family_arm_cc26xx_Timer_Module__state__V.load) [load image, compression = lzss]
                  0000b98f    0000000b     (.cinit..data:xdc_runtime_System_Module__state__V.load) [load image, compression = lzss]
                  0000b99a    00000006     --HOLE-- [fill = 0]
                  0000b9a0    00000008     (.cinit..TI.bound:dmaSpi0RxControlTableEntry.load) [load image, compression = zero_init]
                  0000b9a8    00000008     (.cinit..TI.bound:dmaSpi0TxControlTableEntry.load) [load image, compression = zero_init]
                  0000b9b0    00000008     (.cinit..TI.bound:dmaSpi1RxControlTableEntry.load) [load image, compression = zero_init]
                  0000b9b8    00000008     (.cinit..TI.bound:dmaSpi1TxControlTableEntry.load) [load image, compression = zero_init]
                  0000b9c0    00000008     (.cinit..bss.load) [load image, compression = zero_init]
                  0000b9c8    00000008     (.cinit..data:xdc_runtime_Memory_Module__state__V.load) [load image, compression = lzss]
                  0000b9d0    00000007     (.cinit..data:ti_sysbios_family_arm_cc26xx_TimestampProvider_Module__state__V.load) [load image, compression = lzss]
                  0000b9d7    00000007     (.cinit..data:xdc_runtime_Startup_Module__state__V.load) [load image, compression = lzss]
                  0000b9de    00000002     --HOLE-- [fill = 0]
                  0000b9e0    00000080     (__TI_cinit_table)

.init_array 
*          0    00000000    00000000     UNINITIALIZED

.ccfg      0    0001ffa8    00000058     
                  0001ffa8    00000058     ccfg.obj (.ccfg:retain)

.const:ti_sysbios_knl_Task_Object__PARAMS__C 
*          0    00000100    0000003c     
                  00000100    0000003c     mesh_flooding_pem3.oem3 (.const:ti_sysbios_knl_Task_Object__PARAMS__C)

.const:ti_sysbios_knl_Mailbox_Object__PARAMS__C 
*          0    0000013c    00000034     
                  0000013c    00000034     mesh_flooding_pem3.oem3 (.const:ti_sysbios_knl_Mailbox_Object__PARAMS__C)

.const:ti_sysbios_family_arm_m3_Hwi_Object__PARAMS__C 
*          0    00000170    00000030     
                  00000170    00000030     mesh_flooding_pem3.oem3 (.const:ti_sysbios_family_arm_m3_Hwi_Object__PARAMS__C)

.const:ti_sysbios_hal_Hwi_Object__PARAMS__C 
*          0    000001a0    0000002c     
                  000001a0    0000002c     mesh_flooding_pem3.oem3 (.const:ti_sysbios_hal_Hwi_Object__PARAMS__C)

.const:ti_sysbios_heaps_HeapMem_Module__FXNS__C 
*          0    000001cc    00000028     
                  000001cc    00000028     mesh_flooding_pem3.oem3 (.const:ti_sysbios_heaps_HeapMem_Module__FXNS__C)

.const:ti_sysbios_knl_Swi_Object__PARAMS__C 
*          0    000001f4    00000028     
                  000001f4    00000028     mesh_flooding_pem3.oem3 (.const:ti_sysbios_knl_Swi_Object__PARAMS__C)

.const:ti_sysbios_gates_GateHwi_Module__FXNS__C 
*          0    0000021c    00000024     
                  0000021c    00000024     mesh_flooding_pem3.oem3 (.const:ti_sysbios_gates_GateHwi_Module__FXNS__C)

.const:ti_sysbios_gates_GateMutex_Module__FXNS__C 
*          0    00000240    00000024     
                  00000240    00000024     mesh_flooding_pem3.oem3 (.const:ti_sysbios_gates_GateMutex_Module__FXNS__C)

.const:ti_sysbios_heaps_HeapMem_Object__PARAMS__C 
*          0    00000264    00000024     
                  00000264    00000024     mesh_flooding_pem3.oem3 (.const:ti_sysbios_heaps_HeapMem_Object__PARAMS__C)

.const:ti_sysbios_knl_Clock_Object__PARAMS__C 
*          0    00000288    00000024     
                  00000288    00000024     mesh_flooding_pem3.oem3 (.const:ti_sysbios_knl_Clock_Object__PARAMS__C)

.const:ti_sysbios_knl_Semaphore_Object__PARAMS__C 
*          0    000002ac    00000024     
                  000002ac    00000024     mesh_flooding_pem3.oem3 (.const:ti_sysbios_knl_Semaphore_Object__PARAMS__C)

.const:ti_sysbios_family_arm_m3_Hwi_Object__DESC__C 
*          0    000002d0    00000020     
                  000002d0    00000020     mesh_flooding_pem3.oem3 (.const:ti_sysbios_family_arm_m3_Hwi_Object__DESC__C)

.const:ti_sysbios_gates_GateHwi_Object__DESC__C 
*          0    000002f0    00000020     
                  000002f0    00000020     mesh_flooding_pem3.oem3 (.const:ti_sysbios_gates_GateHwi_Object__DESC__C)

.const:ti_sysbios_gates_GateMutex_Object__DESC__C 
*          0    00000310    00000020     
                  00000310    00000020     mesh_flooding_pem3.oem3 (.const:ti_sysbios_gates_GateMutex_Object__DESC__C)

.const:ti_sysbios_hal_Hwi_Object__DESC__C 
*          0    00000330    00000020     
                  00000330    00000020     mesh_flooding_pem3.oem3 (.const:ti_sysbios_hal_Hwi_Object__DESC__C)

.const:ti_sysbios_heaps_HeapMem_Object__DESC__C 
*          0    00000350    00000020     
                  00000350    00000020     mesh_flooding_pem3.oem3 (.const:ti_sysbios_heaps_HeapMem_Object__DESC__C)

.const:ti_sysbios_knl_Clock_Object__DESC__C 
*          0    00000370    00000020     
                  00000370    00000020     mesh_flooding_pem3.oem3 (.const:ti_sysbios_knl_Clock_Object__DESC__C)

.const:ti_sysbios_knl_Mailbox_Object__DESC__C 
*          0    00000390    00000020     
                  00000390    00000020     mesh_flooding_pem3.oem3 (.const:ti_sysbios_knl_Mailbox_Object__DESC__C)

.const:ti_sysbios_knl_Queue_Object__DESC__C 
*          0    000003b0    00000020     
                  000003b0    00000020     mesh_flooding_pem3.oem3 (.const:ti_sysbios_knl_Queue_Object__DESC__C)

.const:ti_sysbios_knl_Semaphore_Object__DESC__C 
*          0    000003d0    00000020     
                  000003d0    00000020     mesh_flooding_pem3.oem3 (.const:ti_sysbios_knl_Semaphore_Object__DESC__C)

.const:ti_sysbios_knl_Swi_Object__DESC__C 
*          0    000003f0    00000020     
                  000003f0    00000020     mesh_flooding_pem3.oem3 (.const:ti_sysbios_knl_Swi_Object__DESC__C)

.const:ti_sysbios_knl_Task_Object__DESC__C 
*          0    00000410    00000020     
                  00000410    00000020     mesh_flooding_pem3.oem3 (.const:ti_sysbios_knl_Task_Object__DESC__C)

.const:ti_sysbios_gates_GateHwi_Object__PARAMS__C 
*          0    00000430    00000018     
                  00000430    00000018     mesh_flooding_pem3.oem3 (.const:ti_sysbios_gates_GateHwi_Object__PARAMS__C)

.const:ti_sysbios_gates_GateMutex_Object__PARAMS__C 
*          0    00000448    00000018     
                  00000448    00000018     mesh_flooding_pem3.oem3 (.const:ti_sysbios_gates_GateMutex_Object__PARAMS__C)

.const:ti_sysbios_knl_Queue_Object__PARAMS__C 
*          0    00000460    00000018     
                  00000460    00000018     mesh_flooding_pem3.oem3 (.const:ti_sysbios_knl_Queue_Object__PARAMS__C)

.const:ti_sysbios_knl_Idle_funcList__C 
*          0    00000478    00000008     
                  00000478    00000008     mesh_flooding_pem3.oem3 (.const:ti_sysbios_knl_Idle_funcList__C)

.const:ti_sysbios_family_arm_cc26xx_Timer_startupNeeded__C 
*          0    00000484    00000004     
                  00000484    00000004     mesh_flooding_pem3.oem3 (.const:ti_sysbios_family_arm_cc26xx_Timer_startupNeeded__C)

.const:ti_sysbios_family_arm_m3_Hwi_E_alreadyDefined__C 
*          0    00000488    00000004     
                  00000488    00000004     mesh_flooding_pem3.oem3 (.const:ti_sysbios_family_arm_m3_Hwi_E_alreadyDefined__C)

.const:ti_sysbios_family_arm_m3_Hwi_E_hwiLimitExceeded__C 
*          0    0000048c    00000004     
                  0000048c    00000004     mesh_flooding_pem3.oem3 (.const:ti_sysbios_family_arm_m3_Hwi_E_hwiLimitExceeded__C)

.const:ti_sysbios_family_arm_m3_Hwi_NUM_INTERRUPTS__C 
*          0    00000490    00000004     
                  00000490    00000004     mesh_flooding_pem3.oem3 (.const:ti_sysbios_family_arm_m3_Hwi_NUM_INTERRUPTS__C)

.const:ti_sysbios_family_arm_m3_Hwi_Object__count__C 
*          0    00000494    00000004     
                  00000494    00000004     mesh_flooding_pem3.oem3 (.const:ti_sysbios_family_arm_m3_Hwi_Object__count__C)

.const:ti_sysbios_family_arm_m3_Hwi_Object__table__C 
*          0    00000498    00000004     
                  00000498    00000004     mesh_flooding_pem3.oem3 (.const:ti_sysbios_family_arm_m3_Hwi_Object__table__C)

.const:ti_sysbios_family_arm_m3_Hwi_ccr__C 
*          0    0000049c    00000004     
                  0000049c    00000004     mesh_flooding_pem3.oem3 (.const:ti_sysbios_family_arm_m3_Hwi_ccr__C)

.const:ti_sysbios_family_arm_m3_Hwi_excHandlerFunc__C 
*          0    000004a0    00000004     
                  000004a0    00000004     mesh_flooding_pem3.oem3 (.const:ti_sysbios_family_arm_m3_Hwi_excHandlerFunc__C)

.const:ti_sysbios_family_arm_m3_Hwi_nullIsrFunc__C 
*          0    000004a4    00000004     
                  000004a4    00000004     mesh_flooding_pem3.oem3 (.const:ti_sysbios_family_arm_m3_Hwi_nullIsrFunc__C)

.const:ti_sysbios_family_arm_m3_Hwi_numSparseInterrupts__C 
*          0    000004a8    00000004     
                  000004a8    00000004     mesh_flooding_pem3.oem3 (.const:ti_sysbios_family_arm_m3_Hwi_numSparseInterrupts__C)

.const:ti_sysbios_family_arm_m3_Hwi_priGroup__C 
*          0    000004ac    00000004     
                  000004ac    00000004     mesh_flooding_pem3.oem3 (.const:ti_sysbios_family_arm_m3_Hwi_priGroup__C)

.const:ti_sysbios_family_arm_m3_TaskSupport_stackAlignment__C 
*          0    000004b0    00000004     
                  000004b0    00000004     mesh_flooding_pem3.oem3 (.const:ti_sysbios_family_arm_m3_TaskSupport_stackAlignment__C)

.const:ti_sysbios_heaps_HeapMem_E_memory__C 
*          0    000004b4    00000004     
                  000004b4    00000004     mesh_flooding_pem3.oem3 (.const:ti_sysbios_heaps_HeapMem_E_memory__C)

.const:ti_sysbios_heaps_HeapMem_Module__gateObj__C 
*          0    000004b8    00000004     
                  000004b8    00000004     mesh_flooding_pem3.oem3 (.const:ti_sysbios_heaps_HeapMem_Module__gateObj__C)

.const:ti_sysbios_heaps_HeapMem_Object__count__C 
*          0    000004bc    00000004     
                  000004bc    00000004     mesh_flooding_pem3.oem3 (.const:ti_sysbios_heaps_HeapMem_Object__count__C)

.const:ti_sysbios_heaps_HeapMem_Object__table__C 
*          0    000004c0    00000004     
                  000004c0    00000004     mesh_flooding_pem3.oem3 (.const:ti_sysbios_heaps_HeapMem_Object__table__C)

.const:ti_sysbios_heaps_HeapMem_reqAlign__C 
*          0    000004c4    00000004     
                  000004c4    00000004     mesh_flooding_pem3.oem3 (.const:ti_sysbios_heaps_HeapMem_reqAlign__C)

.const:ti_sysbios_knl_Clock_serviceMargin__C 
*          0    000004c8    00000004     
                  000004c8    00000004     mesh_flooding_pem3.oem3 (.const:ti_sysbios_knl_Clock_serviceMargin__C)

.const:ti_sysbios_knl_Mailbox_Object__count__C 
*          0    000004cc    00000004     
                  000004cc    00000004     mesh_flooding_pem3.oem3 (.const:ti_sysbios_knl_Mailbox_Object__count__C)

.const:ti_sysbios_knl_Mailbox_Object__table__C 
*          0    000004d0    00000004     
                  000004d0    00000004     mesh_flooding_pem3.oem3 (.const:ti_sysbios_knl_Mailbox_Object__table__C)

.const:ti_sysbios_knl_Queue_Object__count__C 
*          0    000004d4    00000004     
                  000004d4    00000004     mesh_flooding_pem3.oem3 (.const:ti_sysbios_knl_Queue_Object__count__C)

.const:ti_sysbios_knl_Queue_Object__table__C 
*          0    000004d8    00000004     
                  000004d8    00000004     mesh_flooding_pem3.oem3 (.const:ti_sysbios_knl_Queue_Object__table__C)

.const:ti_sysbios_knl_Swi_Object__count__C 
*          0    000004dc    00000004     
                  000004dc    00000004     mesh_flooding_pem3.oem3 (.const:ti_sysbios_knl_Swi_Object__count__C)

.const:ti_sysbios_knl_Swi_Object__table__C 
*          0    000004e0    00000004     
                  000004e0    00000004     mesh_flooding_pem3.oem3 (.const:ti_sysbios_knl_Swi_Object__table__C)

.const:ti_sysbios_knl_Swi_numPriorities__C 
*          0    000004e4    00000004     
                  000004e4    00000004     mesh_flooding_pem3.oem3 (.const:ti_sysbios_knl_Swi_numPriorities__C)

.const:ti_sysbios_knl_Task_Object__count__C 
*          0    000004e8    00000004     
                  000004e8    00000004     mesh_flooding_pem3.oem3 (.const:ti_sysbios_knl_Task_Object__count__C)

.const:ti_sysbios_knl_Task_Object__table__C 
*          0    000004ec    00000004     
                  000004ec    00000004     mesh_flooding_pem3.oem3 (.const:ti_sysbios_knl_Task_Object__table__C)

.const:ti_sysbios_knl_Task_allBlockedFunc__C 
*          0    000004f0    00000004     
                  000004f0    00000004     mesh_flooding_pem3.oem3 (.const:ti_sysbios_knl_Task_allBlockedFunc__C)

.const:ti_sysbios_knl_Task_defaultStackHeap__C 
*          0    000004f4    00000004     
                  000004f4    00000004     mesh_flooding_pem3.oem3 (.const:ti_sysbios_knl_Task_defaultStackHeap__C)

.const:ti_sysbios_knl_Task_defaultStackSize__C 
*          0    000004f8    00000004     
                  000004f8    00000004     mesh_flooding_pem3.oem3 (.const:ti_sysbios_knl_Task_defaultStackSize__C)

.const:ti_sysbios_knl_Task_numConstructedTasks__C 
*          0    000004fc    00000004     
[...]
1001c285  ti_sysbios_hal_Hwi_enableInterrupt__E                                     
1001c289  ti_sysbios_hal_Hwi_HwiProxy_getStackInfo__E                               
1001c289  ti_sysbios_hal_Hwi_getStackInfo__E                                        
1001c28d  ti_sysbios_hal_Hwi_HwiProxy_startup__E                                    
1001c28d  ti_sysbios_hal_Hwi_startup__E                                             
1001c291  ti_sysbios_hal_Hwi_HwiProxy_switchFromBootStack__E                        
1001c295  ti_sysbios_hal_Hwi_delete                                                 
1001c299  ti_sysbios_hal_Hwi_switchFromBootStack__E                                 
1001c29d  ti_sysbios_heaps_HeapMem_Module_GateProxy_enter__E                        
1001c2a1  ti_sysbios_heaps_HeapMem_Module_GateProxy_leave__E                        
1001c2a5  ti_sysbios_heaps_HeapMem_isBlocking__E                                    
1001c2a9  ti_sysbios_knl_Clock_TimerProxy_Module__startupDone__S                    
1001c2ad  ti_sysbios_knl_Clock_TimerProxy_getExpiredTicks__E                        
1001c2b1  ti_sysbios_knl_Clock_TimerProxy_getPeriod__E                              
1001c2b5  ti_sysbios_knl_Clock_delete                                               
1001c2b9  ti_sysbios_knl_Clock_destruct                                             
1001c2bd  ti_sysbios_knl_Clock_removeI__E                                           
1001c2c1  ti_sysbios_knl_Clock_setTimeout__E                                        
1001c2c5  ti_sysbios_knl_Mailbox_delete                                             
1001c2c9  ti_sysbios_knl_Mailbox_destruct                                           
1001c2cd  ti_sysbios_knl_Queue_delete                                               
1001c2d1  ti_sysbios_knl_Queue_destruct                                             
1001c2d5  ti_sysbios_knl_Queue_head__E                                              
1001c2d9  ti_sysbios_knl_Queue_next__E                                              
1001c2dd  ti_sysbios_knl_Semaphore_delete                                           
1001c2e1  ti_sysbios_knl_Semaphore_destruct                                         
1001c2e5  ti_sysbios_knl_Swi_delete                                                 
1001c2e9  ti_sysbios_knl_Swi_destruct                                               
1001c2ed  ti_sysbios_knl_Swi_postInit__I                                            
1001c2f1  ti_sysbios_knl_Task_SupportProxy_Module__startupDone__S                   
1001c2f5  ti_sysbios_knl_Task_SupportProxy_getStackAlignment__E                     
1001c2f9  ti_sysbios_knl_Task_SupportProxy_start__E                                 
1001c2fd  ti_sysbios_knl_Task_SupportProxy_swap__E                                  
1001c301  ti_sysbios_knl_Task_delete                                                
1001c305  ti_sysbios_knl_Task_destruct                                              
1001c309  ti_sysbios_knl_Task_startup__E                                            
1001c30d  xdc_runtime_Startup_startMods__I                                          
1001c405  xdc_runtime_Core_createObject__I                                          
1001c487  xdc_runtime_Error_policySpin__E                                           
1001c489  xdc_runtime_Memory_alloc__E                                               
1001c4f9  xdc_runtime_Core_deleteObject__I                                          
1001c559  xdc_runtime_Startup_exec__E                                               
1001c5a9  xdc_runtime_Assert_raise__I                                               
1001c5f1  xdc_runtime_Core_assignParams__I                                          
1001c639  xdc_runtime_Core_constructObject__I                                       
1001c681  xdc_runtime_System_atexit__E                                              
1001c6b9  xdc_runtime_System_processAtExit__E                                       
1001c6ed  xdc_runtime_Core_assignLabel__I                                           
1001c71d  xdc_runtime_Text_cordText__E                                              
1001c749  xdc_runtime_System_abort__E                                               
1001c769  xdc_runtime_Error_raiseX__E                                               
1001c785  xdc_runtime_Memory_valloc__E                                              
1001c7a1  xdc_runtime_Core_destructObject__I                                        
1001c7b9  xdc_runtime_Error_check__E                                                
1001c7d1  xdc_runtime_System_exit__E                                                
1001c7e9  xdc_runtime_Text_ropeText__E                                              
1001c801  xdc_runtime_Memory_free__E                                                
1001c811  xdc_runtime_SysCallback_abort__E                                          
1001c821  xdc_runtime_SysCallback_exit__E                                           
1001c831  xdc_runtime_Timestamp_SupportProxy_get32__E                               
1001c831  xdc_runtime_Timestamp_get32__E                                            
1001c841  xdc_runtime_Error_init__E                                                 
1001c84d  xdc_runtime_Memory_calloc__E                                              
1001c859  xdc_runtime_Memory_getMaxDefaultTypeAlign__E                              
1001c879  xdc_runtime_Gate_leaveSystem__E                                           
1001c87f  xdc_runtime_System_Module_startup__E                                      
1001c885  xdc_runtime_Gate_enterSystem__E                                           
1001c889  xdc_runtime_Memory_HeapProxy_alloc__E                                     
1001c88d  xdc_runtime_Memory_HeapProxy_free__E                                      
1001c891  xdc_runtime_System_Module_GateProxy_enter__E                              
1001c895  xdc_runtime_System_Module_GateProxy_leave__E                              
1001c899  xdc_runtime_System_abortSpin__E                                           
1001c89b  xdc_runtime_System_exitSpin__E                                            
1001c89d  ti_sysbios_family_arm_m3_Hwi_dispatch__I                                  
1001c96d  ti_sysbios_family_arm_m3_TaskSupport_buildTaskStack                       
1001c9b9  ti_sysbios_family_arm_m3_Hwi_initStacks__E                                
1001ca01  ti_sysbios_family_arm_m3_Hwi_excHandlerAsm__I                             
1001ca21  ti_sysbios_family_xxx_Hwi_switchAndRunFunc                                
1001ca3f  ti_sysbios_family_arm_m3_Hwi_pendSV__I                                    
1001ca57  ti_sysbios_family_arm_m3_Hwi_return                                       
1001ca59  ti_sysbios_family_arm_m3_TaskSupport_glue                                 
1001ca69  ti_sysbios_family_arm_m3_TaskSupport_swap__E                              
1001ca71  ti_sysbios_knl_Task_swapReturn                                            
1001ca9b  ti_sysbios_rom_cortexm_cc26xx_CC26xx_getRevision__E                       
20000000  ti_sysbios_family_arm_m3_Hwi_ramVectors                                   
20000100  ti_sysbios_knl_Task_Module__state__V                                      
20000144  ti_sysbios_family_arm_m3_Hwi_Module__state__V                             
20000178  ti_sysbios_knl_Clock_Module__state__V                                     
200001a4  ti_sysbios_BIOS_Module__state__V                                          
200001c8  ti_sysbios_knl_Swi_Module__state__V                                       
200001e4  ti_sysbios_family_arm_cc26xx_Timer_Module__state__V                       
200001ec  ti_sysbios_family_arm_cc26xx_TimestampProvider_Module__state__V           
200001f0  xdc_runtime_Startup_Module__state__V                                      
200001f8  xdc_runtime_System_Module__state__V                                       
20000200  xdc_runtime_Memory_Module__state__V                                       
200011a0  ti_sysbios_heaps_HeapMem_Instance_State_0_buf__A                          
200015a0  ti_sysbios_knl_Task_Instance_State_0_stack__A                             
200017a0  spiCC26XXDMAObjects                                                       
20001958  uartCC26XXObjects                                                         
20001a84  __CIOBUF_                                                                 
20001da8  ti_sysbios_family_arm_m3_Hwi_dispatchTable                                
20002218  xdc_runtime_SysMin_Module_State_0_outbuf__A                               
20002298  PIN_HandleTable                                                           
200024cc  packetFlood                                                               
2000253a  packetSend                                                                
200025a8  displaySharpObject                                                        
20002614  appTask                                                                   
20002664  floodTask                                                                 
200026b4  macTask                                                                   
20002884  statArray                                                                 
200028d0  sensorTimerClock                                                          
20002958  uartCC26XXRingBuffer                                                      
20002978  udmaObjects                                                               
20002a08  radioAccessSem                                                            
20002a24  radioResultSem                                                            
20002ab0  appEvent                                                                  
20002ad8  floodEvent                                                                
20002b00  radioOperationEvent                                                       
20002ba0  PIN_NumPins                                                               
20002bce  driverlib_release_0_47020                                                 
20002bd8  PowerCC26XX_module                                                        
20002ce8  pOverrides_fsk                                                            
20002d50  ti_sysbios_knl_Task_Object__table__V                                      
20002da0  ti_sysbios_family_arm_cc26xx_Timer_Object__table__V                       
20002de8  RF_pProp_2_4G_fsk                                                         
20002dec  RF_pProp_fsk                                                              
20002df0  RF_pProp_lrm                                                              
20002df4  RF_pProp_ook                                                              
20002df8  RF_pProp_hsm                                                              
20002dfc  RF_pCmdPropRadioSetup_2_4G_fsk                                            
20002e00  RF_pCmdPropRadioDivSetup_fsk                                              
20002e04  RF_pCmdPropRadioDivSetup_lrm                                              
20002e08  RF_pCmdPropRadioDivSetup_ook                                              
20002e0c  RF_pCmdRadioSetup_hsm                                                     
20002e10  RF_pCmdFs_preDef                                                          
20002e14  RF_pCmdPropTx_preDef                                                      
20002e18  RF_pCmdPropRxAdv_preDef                                                   
20002e1c  RF_pCmdTxHS                                                               
20002e20  RF_pCmdRxHS                                                               
20002e24  ti_sysbios_gates_GateMutex_Object__table__V                               
20002e5c  pOverrides                                                                
20002e90  RF_cmdPropRxAdv_preDef                                                    
20002ec0  ti_sysbios_knl_Swi_Module_State_0_readyQ__A                               
20002ef0  ti_sysbios_knl_Swi_Object__table__V                                       
20002f20  RF_cmdPropRadioSetup_2_4G_fsk                                             
20002f40  ti_sysbios_knl_Clock_Object__table__V                                     
20002f60  ti_sysbios_knl_Task_Module_State_0_readyQ__A                              
20002f9c  RF_cmdFs                                                                  
20002fb4  RF_cmdFs_preDef                                                           
20002fcc  RF_cmdPropTx                                                              
20002fe4  RF_cmdPropTx_preDef                                                       
20002ffc  RF_cmdRadioSetup                                                          
2000302c  shape_preDef                                                              
20003044  ti_sysbios_family_arm_m3_Hwi_Object__table__V                             
2000305c  ti_sysbios_heaps_HeapMem_Object__table__V                                 
20003078  txPacketCount                                                             
20003088  RF_prop                                                                   
20003098  RF_prop_2_4G_fsk                                                          
200030c6  ti_sysbios_family_arm_m3_Hwi_Module_State_0_excActive__A                  
200030c8  xdc_runtime_SysMin_Module__state__V                                       
200030d4  _lock                                                                     
200030d8  _unlock                                                                   
200030dc  buttonPinTable1                                                           
200030e4  buttonPinTable                                                            
200030ec  ledPinTable                                                               
200030f4  ti_sysbios_family_arm_m3_Hwi_Module__root__V                              
200030fc  ti_sysbios_gates_GateHwi_Module__root__V                                  
20003104  ti_sysbios_gates_GateMutex_Module__root__V                                
2000310c  ti_sysbios_hal_Hwi_Module__root__V                                        
20003114  ti_sysbios_heaps_HeapMem_Module__root__V                                  
2000311c  ti_sysbios_knl_Clock_Module__root__V                                      
20003124  ti_sysbios_knl_Event_Module__root__V                                      
2000312c  ti_sysbios_knl_Mailbox_Module__root__V                                    
20003134  ti_sysbios_knl_Queue_Module__root__V                                      
2000313c  ti_sysbios_knl_Semaphore_Module__root__V                                  
20003144  ti_sysbios_knl_Swi_Module__root__V                                        
2000314c  ti_sysbios_knl_Task_Module__root__V                                       
20003154  xdc_runtime_Registry_Module__state__V                                     
2000315c  xdc_runtime_System_Module_State_0_atexitHandlers__A                       
20003168  main_func_sp                                                              
2000316c  ti_sysbios_family_arm_m3_Hwi_Module_State_0_excContext__A                 
20003170  ti_sysbios_family_arm_m3_Hwi_Module_State_0_excStack__A                   
20003174  ti_sysbios_knl_Task_Module_State_0_idleTask__A                            
20004d00  __stack                                                                   
20005000  __STACK_END                                                               
e000e000  ti_sysbios_family_arm_m3_Hwi_nvic                                         
ffffffff  __TI_pprof_out_hndl                                                       
ffffffff  __TI_prof_data_size                                                       
ffffffff  __TI_prof_data_start                                                      
ffffffff  __binit__                                                                 
ffffffff  __c_args__                                                                
ffffffff  binit                                                                     
UNDEFED   HwiP_restore                                                              
UNDEFED   SHT$$INIT_ARRAY$$Base                                                     
UNDEFED   SHT$$INIT_ARRAY$$Limit                                                    
UNDEFED   ti_sysbios_BIOS_RtsGateProxy_Handle__label__S__mangled__                  
UNDEFED   ti_sysbios_BIOS_RtsGateProxy_Object__delete__S__mangled__                 
UNDEFED   ti_sysbios_BIOS_RtsGateProxy_Params__init__S__mangled__                   
UNDEFED   ti_sysbios_BIOS_RtsGateProxy_query__E__mangled__                          
UNDEFED   ti_sysbios_hal_Hwi_HwiProxy_Module__startupDone__S__mangled__             
UNDEFED   ti_sysbios_hal_Hwi_HwiProxy_Object__delete__S__mangled__                  
UNDEFED   ti_sysbios_hal_Hwi_HwiProxy_Params__init__S__mangled__                    
UNDEFED   ti_sysbios_hal_Hwi_HwiProxy_disableInterrupt__E__mangled__                
UNDEFED   ti_sysbios_hal_Hwi_HwiProxy_enableInterrupt__E__mangled__                 
UNDEFED   ti_sysbios_hal_Hwi_HwiProxy_getStackInfo__E__mangled__                    
UNDEFED   ti_sysbios_hal_Hwi_HwiProxy_startup__E__mangled__                         
UNDEFED   ti_sysbios_hal_Hwi_HwiProxy_switchFromBootStack__E__mangled__             
UNDEFED   ti_sysbios_hal_Hwi_disableInterrupt__E                                    
UNDEFED   ti_sysbios_hal_Hwi_enableInterrupt__E                                     
UNDEFED   ti_sysbios_hal_Hwi_getStackInfo__E                                        
UNDEFED   ti_sysbios_hal_Hwi_startup__E                                             
UNDEFED   ti_sysbios_hal_Hwi_switchFromBootStack__E                                 
UNDEFED   ti_sysbios_heaps_HeapMem_Module_GateProxy_Handle__label__S__mangled__     
UNDEFED   ti_sysbios_heaps_HeapMem_Module_GateProxy_Object__delete__S__mangled__    
UNDEFED   ti_sysbios_heaps_HeapMem_Module_GateProxy_Params__init__S__mangled__      
UNDEFED   ti_sysbios_heaps_HeapMem_Module_GateProxy_query__E__mangled__             
UNDEFED   ti_sysbios_knl_Clock_TimerProxy_Module__startupDone__S__mangled__         
UNDEFED   ti_sysbios_knl_Clock_TimerProxy_startup__E__mangled__                     
UNDEFED   ti_sysbios_knl_Task_SupportProxy_Module__startupDone__S__mangled__        
UNDEFED   ti_sysbios_knl_Task_SupportProxy_getStackAlignment__E__mangled__          
UNDEFED   ti_sysbios_knl_Task_SupportProxy_start__E__mangled__                      
UNDEFED   ti_sysbios_knl_Task_SupportProxy_swap__E__mangled__                       
UNDEFED   xdc_runtime_Main_Module_GateProxy_Handle__label__S                        
UNDEFED   xdc_runtime_Main_Module_GateProxy_Object__delete__S                       
UNDEFED   xdc_runtime_Main_Module_GateProxy_query__E                                
UNDEFED   xdc_runtime_Memory_HeapProxy_Handle__label__S__mangled__                  
UNDEFED   xdc_runtime_Memory_HeapProxy_Object__delete__S__mangled__                 
UNDEFED   xdc_runtime_System_Module_GateProxy_Handle__label__S__mangled__           
UNDEFED   xdc_runtime_System_Module_GateProxy_Object__delete__S__mangled__          
UNDEFED   xdc_runtime_System_Module_GateProxy_query__E__mangled__                   
UNDEFED   xdc_runtime_Timestamp_SupportProxy_get64__E__mangled__                    
UNDEFED   xdc_runtime_Timestamp_SupportProxy_getFreq__E__mangled__                  
UNDEFED   xdc_runtime_Timestamp_get32__E                                            
UNDEFED   xdc_runtime_Timestamp_get64__E                                            
UNDEFED   xdc_runtime_Timestamp_getFreq__E                                          

[906 symbols]
