******************************************************************************
                  TI ARM Linker Unix v16.9.1                   
******************************************************************************
>> Linked Wed Jul 26 15:51:56 2017

OUTPUT FILE NAME:   <mesh_flooding.out>
ENTRY POINT SYMBOL: "ResetISR"  address: 00007de5


MEMORY CONFIGURATION

         name            origin    length      used     unused   attr    fill
----------------------  --------  ---------  --------  --------  ----  --------
  FLASH                 00000000   00020000  0000bfa0  00014060  R  X
  SRAM                  20000000   00005000  0000321e  00001de2  RW X


SEGMENT ALLOCATION MAP

run origin  load origin   length   init length attrs members
----------  ----------- ---------- ----------- ----- -------
00000000    00000000    0000003c   0000003c    r--
  00000000    00000000    0000003c   0000003c    r-- .resetVecs
00000100    00000100    0000bf18   0000bf18    r-x
  00000100    00000100    0000003c   0000003c    r-- .const:ti_sysbios_knl_Task_Object__PARAMS__C
  0000013c    0000013c    00000034   00000034    r-- .const:ti_sysbios_knl_Mailbox_Object__PARAMS__C
  00000170    00000170    00000030   00000030    r-- .const:ti_sysbios_family_arm_m3_Hwi_Object__PARAMS__C
  000001a0    000001a0    0000002c   0000002c    r-- .const:ti_sysbios_hal_Hwi_Object__PARAMS__C
  000001cc    000001cc    00000028   00000028    r-- .const:ti_sysbios_heaps_HeapMem_Module__FXNS__C
  000001f4    000001f4    00000028   00000028    r-- .const:ti_sysbios_knl_Swi_Object__PARAMS__C
  0000021c    0000021c    00000024   00000024    r-- .const:ti_sysbios_gates_GateHwi_Module__FXNS__C
  00000240    00000240    00000024   00000024    r-- .const:ti_sysbios_gates_GateMutex_Module__FXNS__C
  00000264    00000264    00000024   00000024    r-- .const:ti_sysbios_heaps_HeapMem_Object__PARAMS__C
  00000288    00000288    00000024   00000024    r-- .const:ti_sysbios_knl_Clock_Object__PARAMS__C
  000002ac    000002ac    00000024   00000024    r-- .const:ti_sysbios_knl_Semaphore_Object__PARAMS__C
  000002d0    000002d0    00000020   00000020    r-- .const:ti_sysbios_family_arm_m3_Hwi_Object__DESC__C
  000002f0    000002f0    00000020   00000020    r-- .const:ti_sysbios_gates_GateHwi_Object__DESC__C
  00000310    00000310    00000020   00000020    r-- .const:ti_sysbios_gates_GateMutex_Object__DESC__C
  00000330    00000330    00000020   00000020    r-- .const:ti_sysbios_hal_Hwi_Object__DESC__C
  00000350    00000350    00000020   00000020    r-- .const:ti_sysbios_heaps_HeapMem_Object__DESC__C
  00000370    00000370    00000020   00000020    r-- .const:ti_sysbios_knl_Clock_Object__DESC__C
  00000390    00000390    00000020   00000020    r-- .const:ti_sysbios_knl_Mailbox_Object__DESC__C
  000003b0    000003b0    00000020   00000020    r-- .const:ti_sysbios_knl_Queue_Object__DESC__C
  000003d0    000003d0    00000020   00000020    r-- .const:ti_sysbios_knl_Semaphore_Object__DESC__C
  000003f0    000003f0    00000020   00000020    r-- .const:ti_sysbios_knl_Swi_Object__DESC__C
  00000410    00000410    00000020   00000020    r-- .const:ti_sysbios_knl_Task_Object__DESC__C
  00000430    00000430    00000018   00000018    r-- .const:ti_sysbios_gates_GateHwi_Object__PARAMS__C
  00000448    00000448    00000018   00000018    r-- .const:ti_sysbios_gates_GateMutex_Object__PARAMS__C
  00000460    00000460    00000018   00000018    r-- .const:ti_sysbios_knl_Queue_Object__PARAMS__C
  00000478    00000478    00000008   00000008    r-- .const:ti_sysbios_knl_Idle_funcList__C
  00000484    00000484    00000004   00000004    r-- .const:ti_sysbios_family_arm_cc26xx_Timer_startupNeeded__C
  00000488    00000488    00000004   00000004    r-- .const:ti_sysbios_family_arm_m3_Hwi_E_alreadyDefined__C
  0000048c    0000048c    00000004   00000004    r-- .const:ti_sysbios_family_arm_m3_Hwi_E_hwiLimitExceeded__C
  00000490    00000490    00000004   00000004    r-- .const:ti_sysbios_family_arm_m3_Hwi_NUM_INTERRUPTS__C
  00000494    00000494    00000004   00000004    r-- .const:ti_sysbios_family_arm_m3_Hwi_Object__count__C
  00000498    00000498    00000004   00000004    r-- .const:ti_sysbios_family_arm_m3_Hwi_Object__table__C
  0000049c    0000049c    00000004   00000004    r-- .const:ti_sysbios_family_arm_m3_Hwi_ccr__C
  000004a0    000004a0    00000004   00000004    r-- .const:ti_sysbios_family_arm_m3_Hwi_excHandlerFunc__C
  000004a4    000004a4    00000004   00000004    r-- .const:ti_sysbios_family_arm_m3_Hwi_nullIsrFunc__C
  000004a8    000004a8    00000004   00000004    r-- .const:ti_sysbios_family_arm_m3_Hwi_numSparseInterrupts__C
  000004ac    000004ac    00000004   00000004    r-- .const:ti_sysbios_family_arm_m3_Hwi_priGroup__C
  000004b0    000004b0    00000004   00000004    r-- .const:ti_sysbios_family_arm_m3_TaskSupport_stackAlignment__C
  000004b4    000004b4    00000004   00000004    r-- .const:ti_sysbios_heaps_HeapMem_E_memory__C
  000004b8    000004b8    00000004   00000004    r-- .const:ti_sysbios_heaps_HeapMem_Module__gateObj__C
  000004bc    000004bc    00000004   00000004    r-- .const:ti_sysbios_heaps_HeapMem_Object__count__C
  000004c0    000004c0    00000004   00000004    r-- .const:ti_sysbios_heaps_HeapMem_Object__table__C
  000004c4    000004c4    00000004   00000004    r-- .const:ti_sysbios_heaps_HeapMem_reqAlign__C
  000004c8    000004c8    00000004   00000004    r-- .const:ti_sysbios_knl_Clock_serviceMargin__C
  000004cc    000004cc    00000004   00000004    r-- .const:ti_sysbios_knl_Mailbox_Object__count__C
  000004d0    000004d0    00000004   00000004    r-- .const:ti_sysbios_knl_Mailbox_Object__table__C
  000004d4    000004d4    00000004   00000004    r-- .const:ti_sysbios_knl_Queue_Object__count__C
  000004d8    000004d8    00000004   00000004    r-- .const:ti_sysbios_knl_Queue_Object__table__C
  000004dc    000004dc    00000004   00000004    r-- .const:ti_sysbios_knl_Swi_Object__count__C
  000004e0    000004e0    00000004   00000004    r-- .const:ti_sysbios_knl_Swi_Object__table__C
  000004e4    000004e4    00000004   00000004    r-- .const:ti_sysbios_knl_Swi_numPriorities__C
  000004e8    000004e8    00000004   00000004    r-- .const:ti_sysbios_knl_Task_Object__count__C
  000004ec    000004ec    00000004   00000004    r-- .const:ti_sysbios_knl_Task_Object__table__C
  000004f0    000004f0    00000004   00000004    r-- .const:ti_sysbios_knl_Task_allBlockedFunc__C
  000004f4    000004f4    00000004   00000004    r-- .const:ti_sysbios_knl_Task_defaultStackHeap__C
  000004f8    000004f8    00000004   00000004    r-- .const:ti_sysbios_knl_Task_defaultStackSize__C
  000004fc    000004fc    00000004   00000004    r-- .const:ti_sysbios_knl_Task_numConstructedTasks__C
  00000502    00000502    00000002   00000002    r-- .const:ti_sysbios_family_arm_cc26xx_Timer_Module__id__C
  00000504    00000504    00000002   00000002    r-- .const:ti_sysbios_family_arm_cc26xx_TimestampProvider_useClockTimer__C
  00000506    00000506    00000002   00000002    r-- .const:ti_sysbios_family_arm_m3_Hwi_Module__id__C
  00000508    00000508    00000002   00000002    r-- .const:ti_sysbios_gates_GateHwi_Module__id__C
  0000050a    0000050a    00000002   00000002    r-- .const:ti_sysbios_gates_GateMutex_Module__id__C
  0000050c    0000050c    00000002   00000002    r-- .const:ti_sysbios_heaps_HeapMem_Module__id__C
  0000050e    0000050e    00000002   00000002    r-- .const:ti_sysbios_knl_Task_initStackFlag__C
  00000510    00000510    00000001   00000001    r-- .const:ti_sysbios_knl_Clock_tickMode__C
  00000514    00000514    00000008   00000008    r-- .const:xdc_runtime_Startup_firstFxns__C
  0000051c    0000051c    00000008   00000008    r-- .const:xdc_runtime_Startup_lastFxns__C
  00000524    00000524    00000004   00000004    r-- .const:xdc_runtime_Assert_E_assertFailed__C
  00000528    00000528    00000004   00000004    r-- .const:xdc_runtime_Error_E_memory__C
  0000052c    0000052c    00000004   00000004    r-- .const:xdc_runtime_Error_policyFxn__C
  00000530    00000530    00000004   00000004    r-- .const:xdc_runtime_IGateProvider_Interface__BASE__C
  00000534    00000534    00000004   00000004    r-- .const:xdc_runtime_IHeap_Interface__BASE__C
  00000538    00000538    00000004   00000004    r-- .const:xdc_runtime_IModule_Interface__BASE__C
  0000053c    0000053c    00000004   00000004    r-- .const:xdc_runtime_Main_Module__diagsEnabled__C
  00000540    00000540    00000004   00000004    r-- .const:xdc_runtime_Main_Module__diagsIncluded__C
  00000544    00000544    00000004   00000004    r-- .const:xdc_runtime_Main_Module__diagsMask__C
  00000548    00000548    00000004   00000004    r-- .const:xdc_runtime_Memory_defaultHeapInstance__C
  0000054c    0000054c    00000004   00000004    r-- .const:xdc_runtime_Startup_execImpl__C
  00000550    00000550    00000004   00000004    r-- .const:xdc_runtime_Startup_maxPasses__C
  00000554    00000554    00000004   00000004    r-- .const:xdc_runtime_Startup_sfxnRts__C
  00000558    00000558    00000004   00000004    r-- .const:xdc_runtime_Startup_sfxnTab__C
  0000055c    0000055c    00000004   00000004    r-- .const:xdc_runtime_Startup_startModsFxn__C
  00000560    00000560    00000004   00000004    r-- .const:xdc_runtime_SysCallback_abortFxn__C
  00000564    00000564    00000004   00000004    r-- .const:xdc_runtime_SysCallback_exitFxn__C
  00000568    00000568    00000004   00000004    r-- .const:xdc_runtime_System_abortFxn__C
  0000056c    0000056c    00000004   00000004    r-- .const:xdc_runtime_System_exitFxn__C
  00000570    00000570    00000004   00000004    r-- .const:xdc_runtime_System_maxAtexitHandlers__C
  00000574    00000574    00000004   00000004    r-- .const:xdc_runtime_Text_charTab__C
  00000578    00000578    00000004   00000004    r-- .const:xdc_runtime_Text_nameEmpty__C
  0000057c    0000057c    00000004   00000004    r-- .const:xdc_runtime_Text_nameStatic__C
  00000580    00000580    00000004   00000004    r-- .const:xdc_runtime_Text_nameUnknown__C
  00000584    00000584    00000002   00000002    r-- .const:xdc_runtime_Main_Module__id__C
  00000586    00000586    00000002   00000002    r-- .const:xdc_runtime_Memory_Module__id__C
  00000588    00000588    00000002   00000002    r-- .const:xdc_runtime_Text_charCnt__C
  0000058a    0000058a    00000002   00000002    r-- .const:xdc_runtime_Text_isLoaded__C
  0000058c    0000058c    00000001   00000001    r-- .const:xdc_runtime_Error_policy__C
  00000590    00000590    00000004   00000004    r-- .const:ti_sysbios_rom_ROM_AONRTCChannelEnable
  00000594    00000594    00000004   00000004    r-- .const:ti_sysbios_rom_ROM_AONRTCCompareValueSet
  00000598    00000598    00000004   00000004    r-- .const:ti_sysbios_rom_ROM_AONRTCCurrentCompareValueGet
  0000059c    0000059c    00000004   00000004    r-- .const:ti_sysbios_rom_ROM_AONRTCEventClear
  000005a0    000005a0    00000004   00000004    r-- .const:ti_sysbios_rom_ROM_ti_sysbios_family_arm_cc26xx_Timer_getCount64__E
  000005a4    000005a4    00000004   00000004    r-- .const:ti_sysbios_rom_ROM_ti_sysbios_family_arm_cc26xx_Timer_getCurrentTick__E
  000005a8    000005a8    00000004   00000004    r-- .const:ti_sysbios_rom_ROM_ti_sysbios_family_arm_cc26xx_Timer_getMaxTicks__E
  000005ac    000005ac    00000004   00000004    r-- .const:ti_sysbios_rom_ROM_ti_sysbios_family_arm_cc26xx_Timer_initDevice__I
  000005b0    000005b0    00000004   00000004    r-- .const:ti_sysbios_rom_ROM_ti_sysbios_family_arm_cc26xx_Timer_setNextTick__E
  000005b4    000005b4    00000004   00000004    r-- .const:ti_sysbios_rom_ROM_ti_sysbios_family_arm_cc26xx_Timer_setThreshold__I
  000005b8    000005b8    00000004   00000004    r-- .const:ti_sysbios_rom_ROM_ti_sysbios_family_arm_cc26xx_Timer_start__E
  000005bc    000005bc    00000004   00000004    r-- .const:ti_sysbios_rom_ROM_ti_sysbios_family_arm_cc26xx_TimestampProvider_get32__E
  000005c0    000005c0    00000004   00000004    r-- .const:ti_sysbios_rom_ROM_xdc_runtime_Startup_getState__I
  000005c4    000005c4    00000004   00000004    r-- .const:ti_sysbios_rom_ROM_xdc_runtime_System_SupportProxy_abort__E
  000005c8    000005c8    00000004   00000004    r-- .const:ti_sysbios_rom_ROM_xdc_runtime_System_SupportProxy_exit__E
  000005cc    000005cc    00000004   00000004    r-- .const:ti_sysbios_gates_GateMutex_Instance_State_sem__O
  000005d0    000005d0    00000004   00000004    r-- .const:ti_sysbios_knl_Clock_Module_State_clockQ__O
  000005d4    000005d4    00000004   00000004    r-- .const:ti_sysbios_knl_Mailbox_Instance_State_dataQue__O
  000005d8    000005d8    00000004   00000004    r-- .const:ti_sysbios_knl_Mailbox_Instance_State_dataSem__O
  000005dc    000005dc    00000004   00000004    r-- .const:ti_sysbios_knl_Mailbox_Instance_State_freeQue__O
  000005e0    000005e0    00000004   00000004    r-- .const:ti_sysbios_knl_Mailbox_Instance_State_freeSem__O
  000005e4    000005e4    00000004   00000004    r-- .const:ti_sysbios_knl_Semaphore_Instance_State_pendQ__O
  000005e8    000005e8    00000004   00000004    r-- .const:ti_sysbios_knl_Task_Module_State_inactiveQ__O
  000005ec    000005ec    000090f4   000090f4    r-x .text
  000096e0    000096e0    000025a0   000025a0    r-- .const
  0000bc80    0000bc80    00000398   00000398    r-- .cinit
0001ffa8    0001ffa8    00000058   00000058    r--
  0001ffa8    0001ffa8    00000058   00000058    r-- .ccfg
20000100    20000100    00000104   00000000    rw-
  20000100    20000100    00000044   00000000    rw- .data:ti_sysbios_knl_Task_Module__state__V
  20000144    20000144    00000034   00000000    rw- .data:ti_sysbios_family_arm_m3_Hwi_Module__state__V
  20000178    20000178    0000002c   00000000    rw- .data:ti_sysbios_knl_Clock_Module__state__V
  200001a4    200001a4    00000024   00000000    rw- .data:ti_sysbios_BIOS_Module__state__V
  200001c8    200001c8    0000001c   00000000    rw- .data:ti_sysbios_knl_Swi_Module__state__V
  200001e4    200001e4    00000008   00000000    rw- .data:ti_sysbios_family_arm_cc26xx_Timer_Module__state__V
  200001ec    200001ec    00000004   00000000    rw- .data:ti_sysbios_family_arm_cc26xx_TimestampProvider_Module__state__V
  200001f0    200001f0    00000008   00000000    rw- .data:xdc_runtime_Startup_Module__state__V
  200001f8    200001f8    00000008   00000000    rw- .data:xdc_runtime_System_Module__state__V
  20000200    20000200    00000004   00000000    rw- .data:xdc_runtime_Memory_Module__state__V
20000430    20000430    00000010   00000000    rw-
  20000430    20000430    00000010   00000000    rw- .TI.bound:dmaSpi0RxControlTableEntry
20000440    20000440    00000010   00000000    rw-
  20000440    20000440    00000010   00000000    rw- .TI.bound:dmaSpi0TxControlTableEntry
20000500    20000500    00000010   00000000    rw-
  20000500    20000500    00000010   00000000    rw- .TI.bound:dmaSpi1RxControlTableEntry
20000510    20000510    00002d29   00000000    rw-
  20000510    20000510    00000010   00000000    rw- .TI.bound:dmaSpi1TxControlTableEntry
  20000520    20000520    00002739   00000000    rw- .bss
  20002c60    20002c60    000005d9   00000000    rw- .data
20004d00    20004d00    00000300   00000000    rw-
  20004d00    20004d00    00000300   00000000    rw- .stack


SECTION ALLOCATION MAP

 output                                  attributes/
section   page    origin      length       input sections
--------  ----  ----------  ----------   ----------------
.text      0    000005ec    000090f4     
                  000005ec    000003b8     rf_singleMode_cc26xxware.aem3 : RFCC26XX_singleMode.oem3 (.text:fsmActiveState)
                  000009a4    0000033c     rom_sysbios.aem3 : rom_sysbios.obj (.text:xdc_runtime_System_doPrint__I)
                  00000ce0    00000324     EasyLink.obj (.text:EasyLink_init)
                  00001004    00000324     rtsv7M3_T_le_eabi.lib : trgdrv.obj (.text)
                  00001328    000002e8     grlib.aem3 : string.oem3 (.text:GrStringDraw)
                  00001610    00000228     drivers_cc26xxware.aem3 : PowerCC26XX.oem3 (.text:Power_sleep)
                  00001838    00000204     driverlib.lib : sys_ctrl.obj (.text:NOROM_SysCtrlSetRechargeBeforePowerDown)
                  00001a3c    000001f4     rtsv7M3_T_le_eabi.lib : ull_div_t2.obj (.text)
                  00001c30    000001dc     rf_singleMode_cc26xxware.aem3 : RFCC26XX_singleMode.oem3 (.text:RF_postCmd)
                  00001e0c    000001d0     drivers_cc26xxware.aem3 : PowerCC26XX_calibrateRCOSC.oem3 (.text:calibrateRcoscHf1)
                  00001fdc    000001cc     rf_singleMode_cc26xxware.aem3 : RFCC26XX_singleMode.oem3 (.text:abortCmd)
                  000021a8    000001c4     drivers_cc26xxware.aem3 : PINCC26XX.oem3 (.text:PIN_init)
                  0000236c    000001a0                             : UARTCC26XX.oem3 (.text:UARTCC26XX_open)
                  0000250c    0000019c     app_task.obj (.text:appTaskFunction)
                  000026a8    00000188     EasyLink.obj (.text:rxDoneCallback)
                  00002830    00000184     drivers_cc26xxware.aem3 : PowerCC26XX_calibrateRCOSC.oem3 (.text:PowerCC26XX_doCalibrate)
                  000029b4    00000170     EasyLink.obj (.text:EasyLink_receiveAsync)
                  00002b24    00000168     rf_singleMode_cc26xxware.aem3 : RFCC26XX_singleMode.oem3 (.text:fsmSetupState)
                  00002c8c    00000160     drivers_cc26xxware.aem3 : SPICC26XXDMA.oem3 (.text:SPICC26XXDMA_initIO)
                  00002dec    00000160     EasyLink.obj (.text:enableTestMode)
                  00002f4c    00000150     smartrf_settings.obj (.text:rf_patch_rfe_genfsk)
                  0000309c    00000150     smartrf_settings_predefined.obj (.text:rf_patch_rfe_genfsk)
                  000031ec    00000150     app_task.obj (.text:updateLcd)
                  0000333c    00000148     drivers_cc26xxware.aem3 : SPICC26XXDMA.oem3 (.text:SPICC26XXDMA_open)
                  00003484    00000148     mac_task.obj (.text:macTaskFunction)
                  000035cc    00000140     display.aem3 : DisplaySharp.oem3 (.text:DisplaySharp_open)
                  0000370c    0000013c     EasyLink.obj (.text:EasyLink_transmit)
                  00003848    00000130     driverlib.lib : setup_rom.obj (.text:NOROM_SetupAfterColdResetWakeupFromShutDownCfg3)
                  00003978    00000128     rf_singleMode_cc26xxware.aem3 : RFCC26XX_singleMode.oem3 (.text:rf_init)
                  00003aa0    0000011c     drivers_cc26xxware.aem3 : PowerCC26XX.oem3 (.text:Power_init)
                  00003bbc    0000011c                             : UARTCC26XX.oem3 (.text:UARTCC26XX_read)
                  00003cd8    00000118     rf_singleMode_cc26xxware.aem3 : RFCC26XX_singleMode.oem3 (.text:hwiFxnCpe0Active)
                  00003df0    00000114     smartrf_settings.obj (.text:rf_patch_mce_genfsk)
                  00003f04    00000114     smartrf_settings_predefined.obj (.text:rf_patch_mce_genfsk)
                  00004018    00000110     drivers_cc26xxware.aem3 : UARTCC26XX.oem3 (.text:UARTCC26XX_hwiIntFxn)
                  00004128    0000010c     mac_task.obj (.text:rxDoneCallback)
                  00004234    00000108     rf_singleMode_cc26xxware.aem3 : RFCC26XX_singleMode.oem3 (.text:RF_close)
                  0000433c    00000100     lcd.aem3 : SharpGrLib.oem3 (.text:SharpGrLib_flush)
                  0000443c    000000fc     drivers_cc26xxware.aem3 : UARTCC26XX.oem3 (.text:UARTCC26XX_write)
                  00004538    000000f8     mesh_flooding_pem3.oem3 (.text:xdc_runtime_System_printfExtend__I)
                  00004630    000000f4     drivers_cc26xxware.aem3 : SPICC26XXDMA.oem3 (.text:SPICC26XXDMA_configDMA)
                  00004724    000000f0                             : SPICC26XXDMA.oem3 (.text:SPICC26XXDMA_transferCancel)
                  00004814    000000e8     rom_sysbios.aem3 : rom_sysbios.obj (.text:ti_sysbios_knl_Event_pend__E)
                  000048fc    000000e6     lcd.aem3 : SharpGrLib.oem3 (.text:SharpGrLib_rectFill)
                  000049e2    00000002     driverlib.lib : rfc.obj (.text:NOROM_RFCAdi3VcoLdoVoltageMode)
                  000049e4    000000e4                   : setup_rom.obj (.text:NOROM_SetupAfterColdResetWakeupFromShutDownCfg2)
                  00004ac8    000000e0     display.aem3 : DisplaySharp.oem3 (.text:DisplaySharp_put5)
                  00004ba8    000000e0     drivers_cc26xxware.aem3 : PINCC26XX.oem3 (.text:PINCC26XX_setIoCfg)
                  00004c88    000000dc     app_task.obj (.text:appTask_init)
                  00004d64    000000d4     power_cc26xx_tirtos.aem3 : PowerCC26XX_tirtos.oem3 (.text:PowerCC26XX_standbyPolicy)
                  00004e38    000000d4     drivers_cc26xxware.aem3 : PowerCC26XX.oem3 (.text:Power_releaseDependency)
                  00004f0c    000000d4                             : SPICC26XXDMA.oem3 (.text:SPICC26XXDMA_control)
                  00004fe0    000000d4     mac_task.obj (.text:forwardPacket)
                  000050b4    000000d0     display.aem3 : DisplaySharp.oem3 (.text:DisplaySharp_control)
                  00005184    000000d0     drivers_cc26xxware.aem3 : PowerCC26XX.oem3 (.text:Power_setDependency)
                  00005254    000000cc     rf_singleMode_cc26xxware.aem3 : RFCC26XX_singleMode.oem3 (.text:RF_open)
                  00005320    000000c8     drivers_cc26xxware.aem3 : UARTCC26XX.oem3 (.text:UARTCC26XX_initHw)
                  000053e8    000000c4     rf_singleMode_cc26xxware.aem3 : RFCC26XX_singleMode.oem3 (.text:fsmPowerUpState)
                  000054ac    000000c0     EasyLink.obj (.text:EasyLink_setCtrl)
                  0000556c    000000bc     lcd.aem3 : SharpGrLib.oem3 (.text:SharpGrLib_clearScreen)
                  00005628    000000bc     driverlib.lib : setup.obj (.text:TrimAfterColdResetWakeupFromShutDown)
                  000056e4    000000b8     mac_task.obj (.text:sendDataPacket)
                  0000579c    000000b0     drivers_cc26xxware.aem3 : SPICC26XXDMA.oem3 (.text:SPICC26XXDMA_transfer)
                  0000584c    000000b0     mac_task.obj (.text:csma)
                  000058fc    000000ac     mac_task.obj (.text:macTask_init)
                  000059a8    000000ac     mac_task.obj (.text:sendAckPacket)
                  00005a54    000000aa     lcd.aem3 : SharpGrLib.oem3 (.text:SharpGrLib_lineDrawH)
                  00005afe    00000002     driverlib.lib : rfc.obj (.text:NOROM_RFCRTrim)
                  00005b00    000000a8                   : setup.obj (.text:NOROM_SetupTrimDevice)
                  00005ba8    000000a2     drivers_cc26xxware.aem3 : SPICC26XXDMA.oem3 (.text:SPICC26XXDMA_hwiFxn)
                  00005c4a    00000002                             : SPICC26XXDMA.oem3 (.text:SPICC26XXDMA_serviceISR)
                  00005c4c    000000a0     auto_init.aem3 : auto_init.oem3 (.text)
                  00005cec    0000009e     rom_sysbios.aem3 : rom_sysbios.obj (.text:xdc_runtime_Text_putSite__E)
                  00005d8a    0000009c     rtsv7M3_T_le_eabi.lib : memcpy_t2.obj (.text)
                  00005e26    00000002     rf_singleMode_cc26xxware.aem3 : RFCC26XX_singleMode.oem3 (.text:defaultErrCb)
                  00005e28    00000098     rom_sysbios.aem3 : rom_sysbios.obj (.text:ti_sysbios_knl_Clock_workFuncDynamic__E)
                  00005ec0    00000094     drivers_cc26xxware.aem3 : PINCC26XX.oem3 (.text:PIN_open)
                  00005f54    00000094                             : UARTCC26XX.oem3 (.text:writeFinishedDoCallback)
                  00005fe8    00000094     rom_sysbios.aem3 : rom_sysbios.obj (.text:xdc_runtime_Text_putMod__E)
                  0000607c    00000090     drivers_cc26xxware.aem3 : PowerCC26XX.oem3 (.text:switchXOSCHFclockFunc)
                  0000610c    0000008c                             : UARTCC26XX.oem3 (.text:UARTCC26XX_initIO)
                  00006198    0000008c                             : UARTCC26XX.oem3 (.text:UARTCC26XX_writeCancel)
                  00006224    00000088     grlib.aem3 : rectangle.oem3 (.text:GrRectFill)
                  000062ac    00000088     mac_task.obj (.text:asyncrx)
                  00006334    00000084     rf_singleMode_cc26xxware.aem3 : RFCC26XX_singleMode.oem3 (.text:swiFxnHw)
                  000063b8    00000080                                   : RFCC26XX_singleMode.oem3 (.text:RF_pendCmd)
                  00006438    00000080     flooding_task.obj (.text:floodTaskFunction)
                  000064b8    0000007c     drivers_cc26xxware.aem3 : PowerCC26XX.oem3 (.text:disableLFClockQualifiers)
                  00006534    0000007a     rtsv7M3_T_le_eabi.lib : memset_t2.obj (.text)
                  000065ae    00000002     drivers_cc26xxware.aem3 : PowerCC26XX.oem3 (.text:emptyClockFunc)
                  000065b0    00000078     driverlib.lib : setup_rom.obj (.text:NOROM_SetupAfterColdResetWakeupFromShutDownCfg1)
                  00006628    00000078     drivers_cc26xxware.aem3 : UARTCC26XX.oem3 (.text:UARTCC26XX_close)
                  000066a0    00000074                             : PowerCC26XX_calibrateRCOSC.oem3 (.text:PowerCC26XX_auxISR)
                  00006714    00000074                             : PowerCC26XX_calibrateRCOSC.oem3 (.text:calibrateRcoscHf2)
                  00006788    00000074     rf_singleMode_cc26xxware.aem3 : RFCC26XX_singleMode.oem3 (.text:decActiveClientCnt)
                  000067fc    00000074                                   : RFCC26XX_singleMode.oem3 (.text:fsmPowerDownState)
                  00006870    00000074     mac_task.obj (.text:resendPacket)
                  000068e4    00000074     rom_sysbios.aem3 : rom_sysbios.obj (.text:ti_sysbios_family_arm_cc26xx_Timer_start__E)
                  00006958    00000074     drivers_cc26xxware.aem3 : UARTCC26XX.oem3 (.text:writeTxFifoFlush)
                  000069cc    00000070     driverlib.lib : chipinfo.obj (.text:NOROM_ChipInfo_GetHwRevision)
                  00006a3c    00000070     rom_sysbios.aem3 : rom_sysbios.obj (.text:ti_sysbios_knl_Event_post__E)
                  00006aac    0000006d                      : rom_sysbios.obj (.text:xdc_runtime_System_formatNum__I)
                  00006b19    00000001     --HOLE-- [fill = 0]
                  00006b1a    00000002     smartrf_settings.obj (.text:enterGenfskSysPatch)
                  00006b1c    0000006c     driverlib.lib : setup_rom.obj (.text:NOROM_SetupGetTrimForAmpcompCtrl)
                  00006b88    0000006c     drivers_cc26xxware.aem3 : PINCC26XX.oem3 (.text:PIN_add)
                  00006bf4    0000006c                             : PowerCC26XX.oem3 (.text:PowerCC26XX_calibrate)
                  00006c60    0000006c                             : UARTCC26XX.oem3 (.text:UARTCC26XX_readCancel)
                  00006ccc    0000006c     flooding_task.obj (.text:floodTask_init)
                  00006d38    00000068     driverlib.lib : setup_rom.obj (.text:NOROM_SetupGetTrimForAnabypassValue1)
                  00006da0    00000068                   : sys_ctrl.obj (.text:NOROM_SysCtrl_DCDC_VoltageConditionalControl)
                  00006e08    00000068     rf_singleMode_cc26xxware.aem3 : RFCC26XX_singleMode.oem3 (.text:RF_getCurrentTime)
                  00006e70    00000068     rtsv7M3_T_le_eabi.lib : copy_decompress_lzss.obj (.text:decompress:lzss)
                  00006ed8    00000068                           : trgmsg.obj (.text)
                  00006f40    00000064     drivers_cc26xxware.aem3 : UARTCC26XX.oem3 (.text:UARTCC26XX_control)
                  00006fa4    00000060     display.aem3 : DisplaySharp.oem3 (.text:DisplaySharp_clearLines)
                  00007004    00000060     drivers_cc26xxware.aem3 : PowerCC26XX_calibrateRCOSC.oem3 (.text:PowerCC26XX_RCOSC_clockFunc)
                  00007064    00000060                             : SPICC26XXDMA.oem3 (.text:SPICC26XXDMA_initHw)
                  000070c4    00000060     rf_singleMode_cc26xxware.aem3 : RFCC26XX_singleMode.oem3 (.text:fsmXOSCState)
                  00007124    00000060     drivers_cc26xxware.aem3 : PowerCC26XX_calibrateRCOSC.oem3 (.text:updateSubSecInc)
                  00007184    0000005c     EasyLink.obj (.text:EasyLink_abort)
                  000071e0    0000005c     driverlib.lib : osc.obj (.text:NOROM_OSCHF_AttemptToSwitchToXosc)
                  0000723c    0000005c                   : sys_ctrl.obj (.text:NOROM_SysCtrlAdjustRechargeAfterPowerDown)
                  00007298    0000005c     drivers_cc26xxware.aem3 : PINCC26XX.oem3 (.text:PIN_remove)
                  000072f4    0000005c                             : UDMACC26XX.oem3 (.text:UDMACC26XX_open)
                  00007350    0000005c     app_task.obj (.text:buttonCallback)
                  000073ac    0000005c     mac_task.obj (.text:macTask_sendData)
                  00007408    0000005c     mesh_flooding_pem3.oem3 (.text:xdc_runtime_Startup_getState__I)
                  00007464    0000005b     rom_sysbios.aem3 : rom_sysbios.obj (.text:xdc_runtime_Text_putLab__E)
                  000074bf    00000001     --HOLE-- [fill = 0]
                  000074c0    0000005a     drivers_cc26xxware.aem3 : SPICC26XXDMA.oem3 (.text:SPICC26XXDMA_close)
                  0000751a    00000002     smartrf_settings_predefined.obj (.text:enterGenfskSysPatch)
                  0000751c    00000058     drivers_cc26xxware.aem3 : PowerCC26XX_calibrateRCOSC.oem3 (.text:PowerCC26XX_initiateCalibration)
                  00007574    00000058     lcd.aem3 : SharpGrLib.oem3 (.text:SharpGrLib_lineDrawV)
                  000075cc    00000058     app_task.obj (.text:appTask_packetReceived)
                  00007624    00000054     drivers_cc26xxware.aem3 : SPICC26XXDMA.oem3 (.text:SPICC26XXDMA_swiFxn)
                  00007678    00000054                             : PowerCC26XX.oem3 (.text:configureXOSCHF)
                  000076cc    00000054     rf_singleMode_cc26xxware.aem3 : RFCC26XX_singleMode.oem3 (.text:hwiFxnHw)
                  00007720    00000054                                   : RFCC26XX_singleMode.oem3 (.text:ratChanFree)
                  00007774    00000050     driverlib.lib : setup_rom.obj (.text:NOROM_SetupSetCacheModeAccordingToCcfgSetting)
                  000077c4    00000050     rf_singleMode_cc26xxware.aem3 : RFCC26XX_singleMode.oem3 (.text:dispatchOpWhen)
                  00007814    00000050                                   : RFCC26XX_singleMode.oem3 (.text:syncCb)
                  00007864    0000004e     grlib.aem3 : line.oem3 (.text:GrLineDrawH)
                  000078b2    00000002     rtsv7M3_T_le_eabi.lib : i_div0.obj (.text)
                  000078b4    0000004c     driverlib.lib : chipinfo.obj (.text:NOROM_ChipInfo_GetChipType)
                  00007900    0000004c                   : osc.obj (.text:NOROM_OSCClockSourceSet)
                  0000794c    0000004c     rf_singleMode_cc26xxware.aem3 : RFCC26XX_singleMode.oem3 (.text:applyRfCorePatch)
                  00007998    0000004c     mac_task.obj (.text:macTask_forwardPacket)
                  000079e4    0000004c     mesh_flooding.obj (.text:main)
                  00007a30    0000004c     rtsv7M3_T_le_eabi.lib : cpy_tbl.obj (.text)
                  00007a7c    0000004c     drivers_cc26xxware.aem3 : UARTCC26XX.oem3 (.text:startTxFifoEmptyClk)
                  00007ac8    0000004a     display.aem3 : DisplaySharp.oem3 (.text:DisplaySharp_close)
                  00007b12    0000004a     lcd.aem3 : SharpGrLib.oem3 (.text:SharpGrLib_drawMultiple)
                  00007b5c    00000048     display.aem3 : Display.oem3 (.text:Display_doOpen)
                  00007ba4    00000048     driverlib.lib : chipinfo.obj (.text:NOROM_ChipInfo_GetChipFamily)
                  00007bec    00000048                   : ddi.obj (.text:NOROM_DDI16BitfieldWrite)
                  00007c34    00000048     drivers_cc26xxware.aem3 : PINCC26XX.oem3 (.text:PIN_setOutputEnable)
                  00007c7c    00000048                             : PINCC26XX.oem3 (.text:PIN_swi)
                  00007cc4    00000048     rf_singleMode_cc26xxware.aem3 : RFCC26XX_singleMode.oem3 (.text:RF_runCmd)
                  00007d0c    00000048     mac_task.obj (.text:get_RNG)
                  00007d54    00000048     drivers_cc26xxware.aem3 : PowerCC26XX.oem3 (.text:notify)
                  00007d9c    00000046                             : RingBuf.oem3 (.text:RingBuf_put)
                  00007de2    00000002     rom_sysbios.aem3 : rom_sysbios.obj (.text:ti_sysbios_BIOS_linkedWithIncorrectBootLibrary__E)
                  00007de4    00000044     boot.aem3 : boot.oem3 (.text)
                  00007e28    00000044     rom_sysbios.aem3 : rom_sysbios.obj (.text:xdc_runtime_SysMin_flush__E)
                  00007e6c    00000044                      : rom_sysbios.obj (.text:xdc_runtime_Text_xprintf__I)
                  00007eb0    00000042     lcd.aem3 : SharpGrLib.oem3 (.text:SharpGrLib_pixelDraw)
                  00007ef2    00000002     mesh_flooding_pem3.oem3 (.text:ti_sysbios_BIOS_nullFunc__I)
                  00007ef4    00000040     driverlib.lib : ddi.obj (.text:NOROM_DDI16BitfieldRead)
                  00007f34    00000040     drivers_cc26xxware.aem3 : RingBuf.oem3 (.text:RingBuf_get)
                  00007f74    00000040     rtsv7M3_T_le_eabi.lib : u_divt2.obj (.text)
                  00007fb4    0000003c     driverlib.lib : osc.obj (.text:NOROM_OSC_HPOSCRelativeFrequencyOffsetGet)
                  00007ff0    0000003c                   : rfc.obj (.text:NOROM_RFCSynthPowerDown)
                  0000802c    0000003c     drivers_cc26xxware.aem3 : PINCC26XX.oem3 (.text:PINCC26XX_getConfig)
                  00008068    0000003c                             : PINCC26XX.oem3 (.text:PIN_setOutputValue)
                  000080a4    0000003c                             : SPICC26XXDMA.oem3 (.text:SPICC26XXDMA_csnCallback)
                  000080e0    0000003c                             : UARTCC26XX.oem3 (.text:UARTCC26XX_swiIntFxn)
                  0000811c    0000003c     smartrf_settings.obj (.text:configureGenfskPatch)
                  00008158    0000003c     smartrf_settings_predefined.obj (.text:configureGenfskPatch)
                  00008194    00000038     drivers_cc26xxware.aem3 : PINCC26XX.oem3 (.text:PIN_setInterrupt)
                  000081cc    00000038                             : SPI.oem3 (.text:SPI_init)
                  00008204    00000038                             : UART.oem3 (.text:UART_init)
                  0000823c    00000038                             : UARTCC26XX.oem3 (.text:readData)
                  00008274    00000038     rom_sysbios.aem3 : rom_sysbios.obj (.text:ti_sysbios_family_arm_cc26xx_Timer_getCurrentTick__E)
                  000082ac    00000038     drivers_cc26xxware.aem3 : UARTCC26XX.oem3 (.text:writeData)
                  000082e4    00000038     rom_sysbios.aem3 : rom_sysbios.obj (.text:xdc_runtime_SysMin_putch__E)
                  0000831c    00000036     drivers_cc26xxware.aem3 : UDMACC26XX.oem3 (.text:UDMACC26XX_close)
                  00008352    00000036     rf_singleMode_cc26xxware.aem3 : RFCC26XX_singleMode.oem3 (.text:updateImplicitState)
                  00008388    00000034     driverlib.lib : osc.obj (.text:NOROM_OSCHF_SwitchToRcOscTurnOffXosc)
                  000083bc    00000034     drivers_cc26xxware.aem3 : PINCC26XX.oem3 (.text:PIN_setConfig)
                  000083f0    00000034     rf_singleMode_cc26xxware.aem3 : RFCC26XX_singleMode.oem3 (.text:Q_push)
                  00008424    00000034     drivers_cc26xxware.aem3 : UARTCC26XX.oem3 (.text:readData2RingBuf)
                  00008458    00000034     rom_sysbios.aem3 : rom_sysbios.obj (.text:ti_sysbios_family_arm_cc26xx_Timer_initDevice__I)
                  0000848c    00000032     display.aem3 : DisplaySharp.oem3 (.text:DisplaySharp_clear)
                  000084be    00000032     rom_sysbios.aem3 : rom_sysbios.obj (.text:ti_sysbios_family_arm_cc26xx_Timer_setNextTick__E)
                  000084f0    00000030     driverlib.lib : setup_rom.obj (.text:NOROM_SetupSetAonRtcSubSecInc)
                  00008520    00000030     drivers_cc26xxware.aem3 : PowerCC26XX.oem3 (.text:Power_releaseConstraint)
                  00008550    00000030                             : PowerCC26XX.oem3 (.text:Power_setConstraint)
                  00008580    00000030                             : SPI.oem3 (.text:SPI_open)
                  000085b0    00000030     rf_singleMode_cc26xxware.aem3 : RFCC26XX_singleMode.oem3 (.text:clkPowerUpFxn)
                  000085e0    00000030     mesh_flooding_pem3.oem3 (.text:ti_sysbios_BIOS_atExitFunc__I)
                  00008610    00000030     mesh_flooding_pem3.oem3 (.text:ti_sysbios_BIOS_startFunc__I)
                  00008640    00000030     rom_sysbios.aem3 : rom_sysbios.obj (.text:ti_sysbios_family_arm_cc26xx_Timer_setThreshold__I)
                  00008670    00000030                      : rom_sysbios.obj (.text:xdc_runtime_SysMin_abort__E)
                  000086a0    0000002f                      : rom_sysbios.obj (.text:xdc_runtime_Text_printVisFxn__I)
                  000086cf    00000001     --HOLE-- [fill = 0]
                  000086d0    0000002e     lcd.aem3 : SharpGrLib.oem3 (.text:SharpGrLib_initializeDisplayBuffer)
                  000086fe    00000002     rom_sysbios.aem3 : rom_sysbios.obj (.text:ti_sysbios_knl_Clock_triggerFunc__I)
                  00008700    0000002c     driverlib.lib : ddi.obj (.text:NOROM_DDI32RegWrite)
                  0000872c    0000002c                   : setup_rom.obj (.text:NOROM_SetupGetTrimForRadcExtCfg)
                  00008758    0000002c     drivers_cc26xxware.aem3 : PINCC26XX.oem3 (.text:PINCC26XX_setMux)
                  00008784    0000002c     lcd.aem3 : SharpGrLib.oem3 (.text:SharpGrLib_init)
                  000087b0    0000002c     app_task.obj (.text:appTask_ackReceived)
                  000087dc    0000002c     EasyLink.obj (.text:asyncCmdCallback)
                  00008808    0000002c     rf_singleMode_cc26xxware.aem3 : RFCC26XX_singleMode.oem3 (.text:getCmd)
                  00008834    0000002c     mac_task.obj (.text:returnRadioOperationStatus)
                  00008860    0000002c     rom_sysbios.aem3 : rom_sysbios.obj (.text:ti_sysbios_knl_Clock_getTicksUntilInterrupt__E)
                  0000888c    0000002c     mesh_flooding_pem3.oem3 (.text:ti_sysbios_knl_Event_construct)
                  000088b8    0000002c     rom_sysbios.aem3 : rom_sysbios.obj (.text:ti_sysbios_knl_Event_pendTimeout__I)
                  000088e4    0000002a                      : rom_sysbios.obj (.text:xdc_runtime_System_putchar__I)
                  0000890e    00000002     mesh_flooding_pem3.oem3 (.text:ti_sysbios_rom_cortexm_cc26xx_CC26xx_badRomRevision__E)
                  00008910    00000028     driverlib.lib : aon_batmon.obj (.text:NOROM_AONBatMonTemperatureGetDegC)
                  00008938    00000028     drivers_cc26xxware.aem3 : PowerCC26XX.oem3 (.text:Power_registerNotify)
                  00008960    00000028     rf_singleMode_cc26xxware.aem3 : RFCC26XX_singleMode.oem3 (.text:Q_end)
                  00008988    00000028     drivers_cc26xxware.aem3 : SPICC26XXDMA.oem3 (.text:SPICC26XXDMA_flushFifos)
                  000089b0    00000028     driverlib.lib : adi.obj (.text:SafeHapiVoid)
                  000089d8    00000028     flooding_task.obj (.text:floodTask_floodPacket)
                  00008a00    00000028     flooding_task.obj (.text:shouldForward)
                  00008a28    00000026     display.aem3 : Display.oem3 (.text:Display_doPut5)
                  00008a4e    00000026     drivers_cc26xxware.aem3 : List.oem3 (.text:List_put)
                  00008a74    00000024                             : PINCC26XX.oem3 (.text:PINCC26XX_getPinCount)
                  00008a98    00000024     flooding_task.obj (.text:floodTask_sendData)
                  00008abc    00000024     drivers_cc26xxware.aem3 : PowerCC26XX_calibrateRCOSC.oem3 (.text:getTdcSemaphore)
                  00008ae0    00000024     rf_singleMode_cc26xxware.aem3 : RFCC26XX_singleMode.oem3 (.text:hwiFxnCpe0PowerFsm)
                  00008b04    00000024     mesh_flooding_pem3.oem3 (.text:ti_sysbios_BIOS_registerRTSLock__I)
                  00008b28    00000024     mesh_flooding_pem3.oem3 (.text:ti_sysbios_BIOS_removeRTSLock__I)
                  00008b4c    00000024     rom_sysbios.aem3 : rom_sysbios.obj (.text:ti_sysbios_family_arm_cc26xx_Timer_getMaxTicks__E)
                  00008b70    00000022     grlib.aem3 : context.oem3 (.text:GrContextInit)
                  00008b92    00000022     mesh_flooding_pem3.oem3 (.text:xdc_runtime_SysMin_output__I)
                  00008bb4    00000020     driverlib.lib : rfc.obj (.text:NOROM_RFCDoorbellSendTo)
                  00008bd4    00000020                   : rfc.obj (.text:NOROM_RFCRfTrimRead)
                  00008bf4    00000020                   : setup_rom.obj (.text:NOROM_SetupGetTrimForXoscHfCtl)
                  00008c14    00000020     drivers_cc26xxware.aem3 : PowerCC26XX.oem3 (.text:Power_unregisterNotify)
                  00008c34    00000020     rf_singleMode_cc26xxware.aem3 : RFCC26XX_singleMode.oem3 (.text:allocCmd)
                  00008c54    00000020     mesh_flooding_pem3.oem3 (.text:ti_sysbios_BIOS_rtsLock__I)
                  00008c74    00000020     rom_sysbios.aem3 : rom_sysbios.obj (.text:ti_sysbios_family_arm_cc26xx_Timer_dynamicStub__E)
                  00008c94    00000020                      : rom_sysbios.obj (.text:ti_sysbios_knl_Clock_stop__E)
                  00008cb4    00000020                      : rom_sysbios.obj (.text:ti_sysbios_knl_Event_checkEvents__I)
                  00008cd4    00000020                      : rom_sysbios.obj (.text:xdc_runtime_Registry_findById__E)
                  00008cf4    00000020                      : rom_sysbios.obj (.text:xdc_runtime_SysMin_Module_startup__E)
                  00008d14    0000001e     drivers_cc26xxware.aem3 : PINCC26XX.oem3 (.text:PIN_close)
                  00008d32    0000001e                             : PowerCC26XX.oem3 (.text:Power_getTransitionLatency)
                  00008d50    0000001c     driverlib.lib : osc.obj (.text:NOROM_OSCClockSourceGet)
                  00008d6c    0000001c                   : setup_rom.obj (.text:NOROM_SetupGetTrimForAmpcompTh2)
                  00008d88    0000001c                   : setup_rom.obj (.text:NOROM_SetupGetTrimForRcOscLfRtuneCtuneTrim)
                  00008da4    0000001c     drivers_cc26xxware.aem3 : PINCC26XX.oem3 (.text:PINCC26XX_setIoCfgMux)
                  00008dc0    0000001c                             : PINCC26XX.oem3 (.text:PIN_hwi)
                  00008ddc    0000001c                             : UDMACC26XX.oem3 (.text:UDMACC26XX_initHw)
                  00008df8    0000001c     app_task.obj (.text:appTask_sendFail)
                  00008e14    0000001c     smartrf_settings.obj (.text:enterGenfskCpePatch)
                  00008e30    0000001c     smartrf_settings_predefined.obj (.text:enterGenfskCpePatch)
                  00008e4c    0000001c     rom_sysbios.aem3 : rom_sysbios.obj (.text:xdc_runtime_SysMin_exit__E)
                  00008e68    0000001a     drivers_cc26xxware.aem3 : List.oem3 (.text:List_remove)
                  00008e82    0000001a     grlib.aem3 : string.oem3 (.text:NumLeadingZeros)
                  00008e9c    0000001a     rom_sysbios.aem3 : rom_sysbios_config.obj (.text:xdc_runtime_System_snprintf__E)
                  00008eb6    00000002                      : rom_sysbios.obj (.text:xdc_runtime_SysCallback_defaultAbort)
                  00008eb8    00000018     driverlib.lib : aon_rtc.obj (.text:NOROM_AONRTCCurrentCompareValueGet)
                  00008ed0    00000018                   : chipinfo.obj (.text:NOROM_ChipInfo_GetPackageType)
                  00008ee8    00000018                   : osc.obj (.text:NOROM_OSCHF_TurnOnXosc)
                  00008f00    00000018                   : rfc.obj (.text:NOROM_RFCCpeIntGetAndClear)
                  00008f18    00000018                   : setup_rom.obj (.text:NOROM_SetupGetTrimForAdcShModeEn)
                  00008f30    00000018                   : setup_rom.obj (.text:NOROM_SetupGetTrimForAdcShVbufEn)
                  00008f48    00000018                   : setup_rom.obj (.text:NOROM_SetupGetTrimForAmpcompTh1)
                  00008f60    00000018                   : setup_rom.obj (.text:NOROM_SetupGetTrimForDblrLoopFilterResetVoltage)
                  00008f78    00000018                   : setup_rom.obj (.text:NOROM_SetupGetTrimForRcOscLfIBiasTrim)
                  00008f90    00000018                   : setup_rom.obj (.text:NOROM_SetupGetTrimForXoscLfRegulatorAndCmirrwrRatio)
                  00008fa8    00000018     drivers_cc26xxware.aem3 : PINCC26XX.oem3 (.text:PIN_getConfig)
                  00008fc0    00000018                             : PowerCC26XX.oem3 (.text:Power_idleFunc)
                  00008fd8    00000018     rf_singleMode_cc26xxware.aem3 : RFCC26XX_singleMode.oem3 (.text:Q_pop)
                  00008ff0    00000018     drivers_cc26xxware.aem3 : UARTCC26XX.oem3 (.text:UARTCC26XX_init)
                  00009008    00000018                             : PowerCC26XX.oem3 (.text:configureRFCoreClocks)
                  00009020    00000018     lcd.aem3 : SharpGrLib.oem3 (.text:reverse)
                  00009038    00000018     rtsv7M3_T_le_eabi.lib : args_main.obj (.text)
                  00009050    00000018                           : ll_mul_t2.obj (.text)
                  00009068    00000018     rf_singleMode_cc26xxware.aem3 : RFCC26XX_singleMode.oem3 (.text:swiFxnFsm)
                  00009080    00000018     mesh_flooding_pem3.oem3 (.text:ti_sysbios_BIOS_rtsUnlock__I)
                  00009098    00000018     rom_sysbios.aem3 : rom_sysbios.obj (.text:ti_sysbios_knl_Swi_or__E)
                  000090b0    00000018     mesh_flooding_pem3.oem3 (.text:ti_sysbios_rom_cortexm_cc26xx_CC26xx_checkRevision__E)
                  000090c8    00000016     rtsv7M3_T_le_eabi.lib : strcpy.obj (.text)
                  000090de    00000016     mesh_flooding_pem3.oem3 (.text:ti_sysbios_BIOS_exitFunc__I)
                  000090f4    00000016     app_task.obj (.text:ti_sysbios_knl_Event_Params_init)
                  0000910a    00000016     flooding_task.obj (.text:ti_sysbios_knl_Event_Params_init)
                  00009120    00000016     mac_task.obj (.text:ti_sysbios_knl_Event_Params_init)
                  00009136    00000016     EasyLink.obj (.text:ti_sysbios_knl_Semaphore_Params_init)
                  0000914c    00000016     mac_task.obj (.text:ti_sysbios_knl_Semaphore_Params_init)
                  00009162    00000016     app_task.obj (.text:ti_sysbios_knl_Task_Params_init)
                  00009178    00000016     flooding_task.obj (.text:ti_sysbios_knl_Task_Params_init)
                  0000918e    00000016     mac_task.obj (.text:ti_sysbios_knl_Task_Params_init)
                  000091a4    00000014     driverlib.lib : aon_rtc.obj (.text:NOROM_AONRTCCurrent64BitValueGet)
                  000091b8    00000014                   : chipinfo.obj (.text:NOROM_ThisCodeIsBuiltForCC26xxHwRev22AndLater_HaltIfViolated)
                  000091cc    00000014     drivers_cc26xxware.aem3 : PINCC26XX.oem3 (.text:PINCC26XX_getInputValue)
                  000091e0    00000014     rf_singleMode_cc26xxware.aem3 : RFCC26XX_singleMode.oem3 (.text:RF_Params_init)
                  000091f4    00000014     drivers_cc26xxware.aem3 : SPI.oem3 (.text:SPI_Params_init)
                  00009208    00000014     rtsv7M3_T_le_eabi.lib : _lock.obj (.text)
                  0000921c    00000014                           : strlen.obj (.text)
                  00009230    00000014     mesh_flooding_pem3.oem3 (.text:ti_sysbios_knl_Clock_doTick__I)
                  00009244    00000014     rom_sysbios.aem3 : rom_sysbios.obj (.text:ti_sysbios_knl_Event_Instance_init__E)
                  00009258    00000012     drivers_cc26xxware.aem3 : RingBuf.oem3 (.text:RingBuf_construct)
                  0000926a    00000012     mesh_flooding_pem3.oem3 (.text:xdc_runtime_Startup_exec__I)
                  0000927c    00000010     rf_singleMode_cc26xxware.aem3 : RFCC26XX_singleMode.oem3 (.text:FsmDispatch)
                  0000928c    00000010     driverlib.lib : rfc.obj (.text:NOROM_RFCRfTrimSet)
                  0000929c    00000010                   : setup_rom.obj (.text:NOROM_SetupGetTrimForXoscHfFastStart)
                  000092ac    00000010                   : setup_rom.obj (.text:NOROM_SetupGetTrimForXoscHfIbiastherm)
                  000092bc    00000010     smartrf_settings.obj (.text:applyGenfskPatch)
                  000092cc    00000010     smartrf_settings_predefined.obj (.text:applyGenfskPatch)
                  000092dc    00000010     rom_sysbios.aem3 : rom_sysbios.obj (.text:ti_sysbios_family_arm_m3_Hwi_post__E)
                  000092ec    00000010     drivers_cc26xxware.aem3 : UARTCC26XX.oem3 (.text:uartPostNotify)
                  000092fc    00000010     rom_sysbios.aem3 : rom_sysbios.obj (.text:xdc_runtime_SysMin_ready__E)
                  0000930c    00000010                      : rom_sysbios.obj (.text:xdc_runtime_System_vsnprintf__E)
                  0000931c    0000000e     driverlib.lib : vims.obj (.text:NOROM_VIMSModeGet)
                  0000932a    0000000e     drivers_cc26xxware.aem3 : SPICC26XXDMA.oem3 (.text:SPICC26XXDMA_init)
                  00009338    0000000e     rtsv7M3_T_le_eabi.lib : copy_decompress_none.obj (.text:decompress:none)
                  00009346    0000000e     rom_sysbios.aem3 : rom_sysbios.obj (.text:ti_sysbios_family_arm_cc26xx_TimestampProvider_get32__E)
                  00009354    0000000c     rf_singleMode_cc26xxware.aem3 : RFCC26XX_singleMode.oem3 (.text:FsmNextState)
                  00009360    0000000c     driverlib.lib : cpu.obj (.text:NOROM_CPUcpsid)
                  0000936c    0000000c                   : cpu.obj (.text:NOROM_CPUcpsie)
                  00009378    0000000c     drivers_cc26xxware.aem3 : PINCC26XX.oem3 (.text:PIN_registerIntCb)
                  00009384    0000000c                             : PowerCC26XX.oem3 (.text:Power_getConstraintMask)
                  00009390    0000000c                             : PowerCC26XX.oem3 (.text:Power_getDependencyCount)
                  0000939c    0000000c     mac_task.obj (.text:TRNGDisable)
                  000093a8    0000000c     mac_task.obj (.text:TRNGEnable)
                  000093b4    0000000c     mac_task.obj (.text:TRNGStatusGet)
                  000093c0    0000000c     rtsv7M3_T_le_eabi.lib : copy_zero_init.obj (.text:decompress:ZI)
                  000093cc    0000000c     drivers_cc26xxware.aem3 : SPICC26XXDMA.oem3 (.text:spiPostNotify)
                  000093d8    0000000c     mesh_flooding_pem3.oem3 (.text:ti_sysbios_knl_Event_Params__init__S)
                  000093e4    0000000c     app_task.obj (.text:ti_sysbios_knl_Event_handle)
                  000093f0    0000000c     flooding_task.obj (.text:ti_sysbios_knl_Event_handle)
                  000093fc    0000000c     mac_task.obj (.text:ti_sysbios_knl_Event_handle)
                  00009408    0000000c     mac_task.obj (.text:ti_sysbios_knl_Semaphore_handle)
                  00009414    0000000c     rom_sysbios.aem3 : rom_sysbios.obj (.text:ti_sysbios_knl_Swi_getTrigger__E)
                  00009420    0000000c     mesh_flooding_pem3.oem3 (.text:xdc_runtime_Startup_reset__I)
                  0000942c    0000000c     rom_sysbios.aem3 : rom_sysbios.obj (.text:xdc_runtime_Startup_rtsDone__E)
                  00009438    0000000a     drivers_cc26xxware.aem3 : List.oem3 (.text:List_empty)
                  00009442    0000000a                             : SPI.oem3 (.text:SPI_close)
                  0000944c    0000000a                             : SPI.oem3 (.text:SPI_transfer)
                  00009456    0000000a     lcd.aem3 : SharpGrLib.oem3 (.text:SharpGrLib_colorTranslate)
                  00009460    0000000a     drivers_cc26xxware.aem3 : UDMACC26XX.oem3 (.text:UDMACC26XX_hwiIntFxn)
                  0000946a    00000002     rom_sysbios.aem3 : rom_sysbios.obj (.text:xdc_runtime_SysCallback_defaultExit)
                  0000946c    00000008     display.aem3 : DisplaySharp.oem3 (.text:DisplaySharp_getType)
                  00009474    00000008     drivers_cc26xxware.aem3 : SPICC26XXDMA.oem3 (.text:SPICC26XXDMA_transferCallback)
                  0000947c    00000008                             : UARTCC26XX.oem3 (.text:readSemCallback)
                  00009484    00000008     smartrf_settings.obj (.text:rf_patch_cpe_genfsk)
                  0000948c    00000008     smartrf_settings_predefined.obj (.text:rf_patch_cpe_genfsk)
                  00009494    00000008     drivers_cc26xxware.aem3 : UARTCC26XX.oem3 (.text:writeSemCallback)
                  0000949c    00000008     mesh_flooding_pem3.oem3 (.text:xdc_runtime_Text_visitRope__I)
                  000094a4    00000006     display.aem3 : Display.oem3 (.text:Display_doParamsInit)
                  000094aa    00000006     driverlib.lib : cpu.obj (.text:NOROM_CPUdelay)
                  000094b0    00000006     drivers_cc26xxware.aem3 : UARTCC26XX.oem3 (.text:UARTCC26XX_readPolling)
                  000094b6    00000006                             : UARTCC26XX.oem3 (.text:UARTCC26XX_writePolling)
                  000094bc    00000006     rf_singleMode_cc26xxware.aem3 : RFCC26XX_singleMode.oem3 (.text:clkInactivityFxn)
                  000094c2    00000006     rom_sysbios.aem3 : rom_sysbios.obj (.text:ti_sysbios_family_arm_m3_Hwi_setFunc__E)
                  000094c8    00000004     tirtosport.aem3 : HwiP_tirtos.oem3 (.text:HwiP_disable)
                  000094cc    00000004     drivers_cc26xxware.aem3 : List.oem3 (.text:List_head)
                  000094d0    00000004                             : List.oem3 (.text:List_next)
                  000094d4    00000004     rf_singleMode_cc26xxware.aem3 : RFCC26XX_singleMode.oem3 (.text:Q_peek)
                  000094d8    00000004     drivers_cc26xxware.aem3 : PowerCC26XX.oem3 (.text:nopResourceHandler)
                  000094dc    00000004     rom_sysbios.aem3 : rom_sysbios.obj (.text:ti_sysbios_family_arm_cc26xx_Timer_getCount64__E)
                  000094e0    00000004                      : rom_sysbios.obj (.text:ti_sysbios_knl_Semaphore_getCount__E)
                  000094e4    00000004                      : rom_sysbios.obj (.text:xdc_runtime_System_snprintf_va__F)
                  000094e8    00000008     (.tramp.xdc_runtime_Core_assignParams__I.1)
                  000094f0    00000008     (.tramp.xdc_runtime_Startup_startMods__I.1)
                  000094f8    00000008     (.tramp.ti_sysbios_knl_Queue_construct.1)
                  00009500    00000008     (.tramp.ti_sysbios_knl_Clock_logTick__E.1)
                  00009508    00000008     (.tramp.ti_sysbios_knl_Task_Params__init__S.1)
                  00009510    00000008     (.tramp.ti_sysbios_BIOS_RtsGateProxy_leave__E.1)
                  00009518    00000008     (.tramp.ti_sysbios_BIOS_RtsGateProxy_enter__E.1)
                  00009520    00000008     (.tramp.xdc_runtime_Core_constructObject__I.1)
                  00009528    00000008     (.tramp.ti_sysbios_knl_Task_startup__E.1)
                  00009530    00000008     (.tramp.ti_sysbios_knl_Swi_startup__E.1)
                  00009538    00000008     (.tramp.ti_sysbios_hal_Hwi_startup__E.1)
                  00009540    00000008     (.tramp.ti_sysbios_family_arm_cc26xx_Timer_startup__E.1)
                  00009548    00000008     (.tramp.xdc_runtime_System_atexit__E.1)
                  00009550    00000008     (.tramp.ti_sysbios_BIOS_setThreadType__E.1)
                  00009558    00000008     (.tramp.xdc_runtime_Gate_leaveSystem__E.1)
                  00009560    00000008     (.tramp.xdc_runtime_Gate_enterSystem__E.1)
                  00009568    00000008     (.tramp.xdc_runtime_System_exit__E.1)
                  00009570    00000008     (.tramp.ti_sysbios_BIOS_start__E.1)
                  00009578    00000008     (.tramp.ti_sysbios_knl_Task_unblockI__E.1)
                  00009580    00000008     (.tramp.ti_sysbios_knl_Queue_remove__E.1)
                  00009588    00000008     (.tramp.ti_sysbios_knl_Queue_head__E.1)
                  00009590    00000008     (.tramp.ti_sysbios_knl_Queue_empty__E.1)
                  00009598    00000008     (.tramp.ti_sysbios_knl_Clock_scheduleNextTick__E.1)
                  000095a0    00000008     (.tramp.ti_sysbios_knl_Clock_walkQueueDynamic__E.1)
                  000095a8    00000008     (.tramp.ti_sysbios_knl_Clock_TimerProxy_getCurrentTick__E.1)
                  000095b0    00000008     (.tramp.ti_sysbios_family_arm_m3_Hwi_enableInterrupt__E.1)
                  000095b8    00000008     (.tramp.ti_sysbios_BIOS_getCpuFreq__E.1)
                  000095c0    00000008     (.tramp.ti_sysbios_knl_Task_construct.1)
                  000095c8    00000008     (.tramp.ti_sysbios_knl_Clock_removeI__E.1)
                  000095d0    00000008     (.tramp.ti_sysbios_knl_Clock_startI__E.1)
                  000095d8    00000008     (.tramp.ti_sysbios_knl_Task_blockI__E.1)
                  000095e0    00000008     (.tramp.ti_sysbios_knl_Queue_enqueue__E.1)
                  000095e8    00000008     (.tramp.ti_sysbios_knl_Task_self__E.1)
                  000095f0    00000008     (.tramp.ti_sysbios_knl_Clock_addI__E.1)
                  000095f8    00000008     (.tramp.ti_sysbios_family_arm_m3_Hwi_destruct.1)
                  00009600    00000008     (.tramp.ti_sysbios_knl_Swi_destruct.1)
                  00009608    00000008     (.tramp.ti_sysbios_knl_Clock_destruct.1)
                  00009610    00000008     (.tramp.ti_sysbios_knl_Semaphore_destruct.1)
                  00009618    00000008     (.tramp.ti_sysbios_knl_Clock_getTicks__E.1)
                  00009620    00000008     (.tramp.ti_sysbios_knl_Swi_post__E.1)
                  00009628    00000008     (.tramp.ti_sysbios_knl_Task_sleep__E.1)
                  00009630    00000008     (.tramp.xdc_runtime_System_abortSpin__E.1)
                  00009638    00000008     (.tramp.xdc_runtime_System_abort__E.1)
                  00009640    00000008     (.tramp.ti_sysbios_knl_Clock_construct.1)
                  00009648    00000008     (.tramp.ti_sysbios_knl_Clock_Params__init__S.1)
                  00009650    00000008     (.tramp.ti_sysbios_knl_Swi_construct.1)
                  00009658    00000008     (.tramp.ti_sysbios_knl_Swi_Params__init__S.1)
                  00009660    00000008     (.tramp.ti_sysbios_family_arm_m3_Hwi_construct.1)
                  00009668    00000008     (.tramp.ti_sysbios_family_arm_m3_Hwi_Params__init__S.1)
                  00009670    00000008     (.tramp.ti_sysbios_knl_Semaphore_construct.1)
                  00009678    00000008     (.tramp.ti_sysbios_knl_Semaphore_Params__init__S.1)
                  00009680    00000008     (.tramp.ti_sysbios_knl_Task_restore__E.1)
                  00009688    00000008     (.tramp.ti_sysbios_knl_Swi_restore__E.1)
                  00009690    00000008     (.tramp.ti_sysbios_knl_Swi_disable__E.1)
                  00009698    00000008     (.tramp.ti_sysbios_knl_Task_disable__E.1)
                  000096a0    00000008     (.tramp.ti_sysbios_knl_Semaphore_create.1)
                  000096a8    00000008     (.tramp.xdc_runtime_Error_init__E.1)
                  000096b0    00000008     (.tramp.ti_sysbios_knl_Semaphore_post__E.1)
                  000096b8    00000008     (.tramp.ti_sysbios_knl_Semaphore_pend__E.1)
                  000096c0    00000008     (.tramp.ti_sysbios_knl_Clock_start__E.1)
                  000096c8    00000008     (.tramp.ti_sysbios_knl_Clock_setTimeout__E.1)
                  000096d0    00000008     (.tramp.ti_sysbios_family_arm_m3_Hwi_restoreFxn__E.1)
                  000096d8    00000008     (.tramp.ti_sysbios_family_arm_m3_Hwi_disableFxn__E.1)

.const     0    000096e0    000025a0     
                  000096e0    00000730     smartrf_settings.obj (.const:patchGenfskMce)
                  00009e10    00000730     smartrf_settings_predefined.obj (.const:patchGenfskMce)
                  0000a540    000006bc     smartrf_settings.obj (.const:patchGenfskRfe)
                  0000abfc    000006bc     smartrf_settings_predefined.obj (.const:patchGenfskRfe)
                  0000b2b8    000002f8     grlib.aem3 : fontfixed6x8.oem3 (.const:.string:g_pucFontFixed6x8Data)
                  0000b5b0    00000118     smartrf_settings.obj (.const:patchImageGenfsk)
                  0000b6c8    00000118     smartrf_settings_predefined.obj (.const:patchImageGenfsk)
                  0000b7e0    000000c8     grlib.aem3 : fontfixed6x8.oem3 (.const:g_sFontFixed6x8)
                  0000b8a8    00000068     CC2650STK.obj (.const:BoardGpioInitTable)
                  0000b910    00000054     drivers_cc26xxware.aem3 : SPICC26XXDMA.oem3 (.const)
                  0000b964    0000004c                             : PowerCC26XX.oem3 (.const:resourceDB)
                  0000b9b0    00000048     mesh_flooding_pem3.oem3 (.const:.string)
                  0000b9f8    00000040     drivers_cc26xxware.aem3 : UARTCC26XX.oem3 (.const)
                  0000ba38    00000038     CC2650STK.obj (.const:spiCC26XXDMAHWAttrs)
                  0000ba70    00000028     drivers_cc26xxware.aem3 : UARTCC26XX.oem3 (.const:UARTCC26XX_fxnTable)
                  0000ba98    00000028     mesh_flooding_pem3.oem3 (.const:xdc_runtime_Startup_sfxnTab__A)
                  0000bac0    00000024     CC2650STK.obj (.const:SPI_config)
                  0000bae4    00000024     display.aem3 : DisplaySharp.oem3 (.const)
                  0000bb08    00000020     drivers_cc26xxware.aem3 : SPI.oem3 (.const)
                  0000bb28    00000020     lcd.aem3 : SharpGrLib.oem3 (.const)
                  0000bb48    00000020     mesh_flooding_pem3.oem3 (.const:ti_sysbios_knl_Event_Object__DESC__C)
                  0000bb68    00000020     CC2650STK.obj (.const:uartCC26XXHWAttrs)
                  0000bb88    00000018     CC2650STK.obj (.const:Display_config)
                  0000bba0    00000018     CC2650STK.obj (.const:UART_config)
                  0000bbb8    00000018     mesh_flooding_pem3.oem3 (.const:ti_sysbios_knl_Event_Object__PARAMS__C)
                  0000bbd0    00000014     rf_singleMode_cc26xxware.aem3 : RFCC26XX_singleMode.oem3 (.const)
                  0000bbe4    00000014     mesh_flooding_pem3.oem3 (.const:xdc_runtime_Startup_sfxnRts__A)
                  0000bbf8    00000010     lcd.aem3 : SharpGrLib.oem3 (.const:.string)
                  0000bc08    00000010     CC2650STK.obj (.const:PowerCC26XX_config)
                  0000bc18    00000010     CC2650STK.obj (.const:UDMACC26XX_config)
                  0000bc28    00000010     CC2650STK.obj (.const:displaySharpHWattrs)
                  0000bc38    0000000c     mesh_flooding_pem3.oem3 (.const:xdc_runtime_Startup_firstFxns__A)
                  0000bc44    00000008     CC2650STK.obj (.const:PINCC26XX_hwAttrs)
                  0000bc4c    00000008     CC2650STK.obj (.const:udmaHWAttrs)
                  0000bc54    00000004     CC2650STK.obj (.const:RFCC26XX_hwAttrs)
                  0000bc58    00000004     mesh_flooding_pem3.oem3 (.const:ti_sysbios_knl_Clock_tickPeriod__C)
                  0000bc5c    00000004     mesh_flooding_pem3.oem3 (.const:ti_sysbios_knl_Clock_triggerClock__C)
                  0000bc60    00000004     mesh_flooding_pem3.oem3 (.const:ti_sysbios_knl_Event_Instance_State_pendQ__O)
                  0000bc64    00000004     mesh_flooding_pem3.oem3 (.const:ti_sysbios_knl_Idle_funcList__A)
                  0000bc68    00000004     mesh_flooding_pem3.oem3 (.const:xdc_runtime_SysMin_bufSize__C)
                  0000bc6c    00000004     mesh_flooding_pem3.oem3 (.const:xdc_runtime_SysMin_outputFunc__C)
                  0000bc70    00000004     mesh_flooding_pem3.oem3 (.const:xdc_runtime_System_extendFxn__C)
                  0000bc74    00000004     mesh_flooding_pem3.oem3 (.const:xdc_runtime_Text_visitRopeFxn__C)
                  0000bc78    00000002     mesh_flooding_pem3.oem3 (.const:xdc_runtime_SysMin_flushAtExit__C)
                  0000bc7a    00000002     mesh_flooding_pem3.oem3 (.const:xdc_runtime_Text_registryModsLastId__C)
                  0000bc7c    00000002     mesh_flooding_pem3.oem3 (.const:xdc_runtime_Text_unnamedModsLastId__C)
                  0000bc7e    00000001     display.aem3 : Display.oem3 (.const)
                  0000bc7f    00000001     mesh_flooding_pem3.oem3 (.const:xdc_runtime_Text_charTab__A)

.cinit     0    0000bc80    00000398     
                  0000bc80    0000021c     (.cinit..data.load) [load image, compression = lzss]
                  0000be9c    00000028     (.cinit..data:ti_sysbios_family_arm_m3_Hwi_Module__state__V.load) [load image, compression = lzss]
                  0000bec4    00000021     (.cinit..data:ti_sysbios_knl_Task_Module__state__V.load) [load image, compression = lzss]
                  0000bee5    0000001f     (.cinit..data:ti_sysbios_BIOS_Module__state__V.load) [load image, compression = lzss]
                  0000bf04    0000001e     (.cinit..data:ti_sysbios_knl_Clock_Module__state__V.load) [load image, compression = lzss]
                  0000bf22    00000010     (.cinit..data:ti_sysbios_knl_Swi_Module__state__V.load) [load image, compression = lzss]
                  0000bf32    00000002     --HOLE-- [fill = 0]
                  0000bf34    0000000c     (__TI_handler_table)
                  0000bf40    0000000b     (.cinit..data:ti_sysbios_family_arm_cc26xx_Timer_Module__state__V.load) [load image, compression = lzss]
                  0000bf4b    0000000b     (.cinit..data:xdc_runtime_System_Module__state__V.load) [load image, compression = lzss]
                  0000bf56    00000002     --HOLE-- [fill = 0]
                  0000bf58    00000008     (.cinit..TI.bound:dmaSpi0RxControlTableEntry.load) [load image, compression = zero_init]
                  0000bf60    00000008     (.cinit..TI.bound:dmaSpi0TxControlTableEntry.load) [load image, compression = zero_init]
                  0000bf68    00000008     (.cinit..TI.bound:dmaSpi1RxControlTableEntry.load) [load image, compression = zero_init]
                  0000bf70    00000008     (.cinit..TI.bound:dmaSpi1TxControlTableEntry.load) [load image, compression = zero_init]
                  0000bf78    00000008     (.cinit..bss.load) [load image, compression = zero_init]
                  0000bf80    00000008     (.cinit..data:xdc_runtime_Memory_Module__state__V.load) [load image, compression = lzss]
                  0000bf88    00000007     (.cinit..data:ti_sysbios_family_arm_cc26xx_TimestampProvider_Module__state__V.load) [load image, compression = lzss]
                  0000bf8f    00000007     (.cinit..data:xdc_runtime_Startup_Module__state__V.load) [load image, compression = lzss]
                  0000bf96    00000002     --HOLE-- [fill = 0]
                  0000bf98    00000080     (__TI_cinit_table)

.init_array 
*          0    00000000    00000000     UNINITIALIZED

.ccfg      0    0001ffa8    00000058     
                  0001ffa8    00000058     ccfg.obj (.ccfg:retain)

.const:ti_sysbios_knl_Task_Object__PARAMS__C 
*          0    00000100    0000003c     
                  00000100    0000003c     mesh_flooding_pem3.oem3 (.const:ti_sysbios_knl_Task_Object__PARAMS__C)

.const:ti_sysbios_knl_Mailbox_Object__PARAMS__C 
*          0    0000013c    00000034     
                  0000013c    00000034     mesh_flooding_pem3.oem3 (.const:ti_sysbios_knl_Mailbox_Object__PARAMS__C)

.const:ti_sysbios_family_arm_m3_Hwi_Object__PARAMS__C 
*          0    00000170    00000030     
                  00000170    00000030     mesh_flooding_pem3.oem3 (.const:ti_sysbios_family_arm_m3_Hwi_Object__PARAMS__C)

.const:ti_sysbios_hal_Hwi_Object__PARAMS__C 
*          0    000001a0    0000002c     
                  000001a0    0000002c     mesh_flooding_pem3.oem3 (.const:ti_sysbios_hal_Hwi_Object__PARAMS__C)

.const:ti_sysbios_heaps_HeapMem_Module__FXNS__C 
*          0    000001cc    00000028     
                  000001cc    00000028     mesh_flooding_pem3.oem3 (.const:ti_sysbios_heaps_HeapMem_Module__FXNS__C)

.const:ti_sysbios_knl_Swi_Object__PARAMS__C 
*          0    000001f4    00000028     
                  000001f4    00000028     mesh_flooding_pem3.oem3 (.const:ti_sysbios_knl_Swi_Object__PARAMS__C)

.const:ti_sysbios_gates_GateHwi_Module__FXNS__C 
*          0    0000021c    00000024     
                  0000021c    00000024     mesh_flooding_pem3.oem3 (.const:ti_sysbios_gates_GateHwi_Module__FXNS__C)

.const:ti_sysbios_gates_GateMutex_Module__FXNS__C 
*          0    00000240    00000024     
                  00000240    00000024     mesh_flooding_pem3.oem3 (.const:ti_sysbios_gates_GateMutex_Module__FXNS__C)

.const:ti_sysbios_heaps_HeapMem_Object__PARAMS__C 
*          0    00000264    00000024     
                  00000264    00000024     mesh_flooding_pem3.oem3 (.const:ti_sysbios_heaps_HeapMem_Object__PARAMS__C)

.const:ti_sysbios_knl_Clock_Object__PARAMS__C 
*          0    00000288    00000024     
                  00000288    00000024     mesh_flooding_pem3.oem3 (.const:ti_sysbios_knl_Clock_Object__PARAMS__C)

.const:ti_sysbios_knl_Semaphore_Object__PARAMS__C 
*          0    000002ac    00000024     
                  000002ac    00000024     mesh_flooding_pem3.oem3 (.const:ti_sysbios_knl_Semaphore_Object__PARAMS__C)

.const:ti_sysbios_family_arm_m3_Hwi_Object__DESC__C 
*          0    000002d0    00000020     
                  000002d0    00000020     mesh_flooding_pem3.oem3 (.const:ti_sysbios_family_arm_m3_Hwi_Object__DESC__C)

.const:ti_sysbios_gates_GateHwi_Object__DESC__C 
*          0    000002f0    00000020     
                  000002f0    00000020     mesh_flooding_pem3.oem3 (.const:ti_sysbios_gates_GateHwi_Object__DESC__C)

.const:ti_sysbios_gates_GateMutex_Object__DESC__C 
*          0    00000310    00000020     
                  00000310    00000020     mesh_flooding_pem3.oem3 (.const:ti_sysbios_gates_GateMutex_Object__DESC__C)

.const:ti_sysbios_hal_Hwi_Object__DESC__C 
*          0    00000330    00000020     
                  00000330    00000020     mesh_flooding_pem3.oem3 (.const:ti_sysbios_hal_Hwi_Object__DESC__C)

.const:ti_sysbios_heaps_HeapMem_Object__DESC__C 
*          0    00000350    00000020     
                  00000350    00000020     mesh_flooding_pem3.oem3 (.const:ti_sysbios_heaps_HeapMem_Object__DESC__C)

.const:ti_sysbios_knl_Clock_Object__DESC__C 
*          0    00000370    00000020     
                  00000370    00000020     mesh_flooding_pem3.oem3 (.const:ti_sysbios_knl_Clock_Object__DESC__C)

.const:ti_sysbios_knl_Mailbox_Object__DESC__C 
*          0    00000390    00000020     
                  00000390    00000020     mesh_flooding_pem3.oem3 (.const:ti_sysbios_knl_Mailbox_Object__DESC__C)

.const:ti_sysbios_knl_Queue_Object__DESC__C 
*          0    000003b0    00000020     
                  000003b0    00000020     mesh_flooding_pem3.oem3 (.const:ti_sysbios_knl_Queue_Object__DESC__C)

.const:ti_sysbios_knl_Semaphore_Object__DESC__C 
*          0    000003d0    00000020     
                  000003d0    00000020     mesh_flooding_pem3.oem3 (.const:ti_sysbios_knl_Semaphore_Object__DESC__C)

.const:ti_sysbios_knl_Swi_Object__DESC__C 
*          0    000003f0    00000020     
                  000003f0    00000020     mesh_flooding_pem3.oem3 (.const:ti_sysbios_knl_Swi_Object__DESC__C)

.const:ti_sysbios_knl_Task_Object__DESC__C 
*          0    00000410    00000020     
                  00000410    00000020     mesh_flooding_pem3.oem3 (.const:ti_sysbios_knl_Task_Object__DESC__C)

.const:ti_sysbios_gates_GateHwi_Object__PARAMS__C 
*          0    00000430    00000018     
                  00000430    00000018     mesh_flooding_pem3.oem3 (.const:ti_sysbios_gates_GateHwi_Object__PARAMS__C)

.const:ti_sysbios_gates_GateMutex_Object__PARAMS__C 
*          0    00000448    00000018     
                  00000448    00000018     mesh_flooding_pem3.oem3 (.const:ti_sysbios_gates_GateMutex_Object__PARAMS__C)

.const:ti_sysbios_knl_Queue_Object__PARAMS__C 
*          0    00000460    00000018     
                  00000460    00000018     mesh_flooding_pem3.oem3 (.const:ti_sysbios_knl_Queue_Object__PARAMS__C)

.const:ti_sysbios_knl_Idle_funcList__C 
*          0    00000478    00000008     
                  00000478    00000008     mesh_flooding_pem3.oem3 (.const:ti_sysbios_knl_Idle_funcList__C)

.const:ti_sysbios_family_arm_cc26xx_Timer_startupNeeded__C 
*          0    00000484    00000004     
                  00000484    00000004     mesh_flooding_pem3.oem3 (.const:ti_sysbios_family_arm_cc26xx_Timer_startupNeeded__C)

.const:ti_sysbios_family_arm_m3_Hwi_E_alreadyDefined__C 
*          0    00000488    00000004     
                  00000488    00000004     mesh_flooding_pem3.oem3 (.const:ti_sysbios_family_arm_m3_Hwi_E_alreadyDefined__C)

.const:ti_sysbios_family_arm_m3_Hwi_E_hwiLimitExceeded__C 
*          0    0000048c    00000004     
                  0000048c    00000004     mesh_flooding_pem3.oem3 (.const:ti_sysbios_family_arm_m3_Hwi_E_hwiLimitExceeded__C)

.const:ti_sysbios_family_arm_m3_Hwi_NUM_INTERRUPTS__C 
*          0    00000490    00000004     
                  00000490    00000004     mesh_flooding_pem3.oem3 (.const:ti_sysbios_family_arm_m3_Hwi_NUM_INTERRUPTS__C)

.const:ti_sysbios_family_arm_m3_Hwi_Object__count__C 
*          0    00000494    00000004     
                  00000494    00000004     mesh_flooding_pem3.oem3 (.const:ti_sysbios_family_arm_m3_Hwi_Object__count__C)

.const:ti_sysbios_family_arm_m3_Hwi_Object__table__C 
*          0    00000498    00000004     
                  00000498    00000004     mesh_flooding_pem3.oem3 (.const:ti_sysbios_family_arm_m3_Hwi_Object__table__C)

.const:ti_sysbios_family_arm_m3_Hwi_ccr__C 
*          0    0000049c    00000004     
                  0000049c    00000004     mesh_flooding_pem3.oem3 (.const:ti_sysbios_family_arm_m3_Hwi_ccr__C)

.const:ti_sysbios_family_arm_m3_Hwi_excHandlerFunc__C 
*          0    000004a0    00000004     
                  000004a0    00000004     mesh_flooding_pem3.oem3 (.const:ti_sysbios_family_arm_m3_Hwi_excHandlerFunc__C)

.const:ti_sysbios_family_arm_m3_Hwi_nullIsrFunc__C 
*          0    000004a4    00000004     
                  000004a4    00000004     mesh_flooding_pem3.oem3 (.const:ti_sysbios_family_arm_m3_Hwi_nullIsrFunc__C)

.const:ti_sysbios_family_arm_m3_Hwi_numSparseInterrupts__C 
*          0    000004a8    00000004     
                  000004a8    00000004     mesh_flooding_pem3.oem3 (.const:ti_sysbios_family_arm_m3_Hwi_numSparseInterrupts__C)

.const:ti_sysbios_family_arm_m3_Hwi_priGroup__C 
*          0    000004ac    00000004     
                  000004ac    00000004     mesh_flooding_pem3.oem3 (.const:ti_sysbios_family_arm_m3_Hwi_priGroup__C)

.const:ti_sysbios_family_arm_m3_TaskSupport_stackAlignment__C 
*          0    000004b0    00000004     
                  000004b0    00000004     mesh_flooding_pem3.oem3 (.const:ti_sysbios_family_arm_m3_TaskSupport_stackAlignment__C)

.const:ti_sysbios_heaps_HeapMem_E_memory__C 
*          0    000004b4    00000004     
                  000004b4    00000004     mesh_flooding_pem3.oem3 (.const:ti_sysbios_heaps_HeapMem_E_memory__C)

.const:ti_sysbios_heaps_HeapMem_Module__gateObj__C 
*          0    000004b8    00000004     
                  000004b8    00000004     mesh_flooding_pem3.oem3 (.const:ti_sysbios_heaps_HeapMem_Module__gateObj__C)

.const:ti_sysbios_heaps_HeapMem_Object__count__C 
*          0    000004bc    00000004     
                  000004bc    00000004     mesh_flooding_pem3.oem3 (.const:ti_sysbios_heaps_HeapMem_Object__count__C)

.const:ti_sysbios_heaps_HeapMem_Object__table__C 
*          0    000004c0    00000004     
                  000004c0    00000004     mesh_flooding_pem3.oem3 (.const:ti_sysbios_heaps_HeapMem_Object__table__C)

.const:ti_sysbios_heaps_HeapMem_reqAlign__C 
*          0    000004c4    00000004     
                  000004c4    00000004     mesh_flooding_pem3.oem3 (.const:ti_sysbios_heaps_HeapMem_reqAlign__C)

.const:ti_sysbios_knl_Clock_serviceMargin__C 
*          0    000004c8    00000004     
                  000004c8    00000004     mesh_flooding_pem3.oem3 (.const:ti_sysbios_knl_Clock_serviceMargin__C)

.const:ti_sysbios_knl_Mailbox_Object__count__C 
*          0    000004cc    00000004     
                  000004cc    00000004     mesh_flooding_pem3.oem3 (.const:ti_sysbios_knl_Mailbox_Object__count__C)

.const:ti_sysbios_knl_Mailbox_Object__table__C 
*          0    000004d0    00000004     
                  000004d0    00000004     mesh_flooding_pem3.oem3 (.const:ti_sysbios_knl_Mailbox_Object__table__C)

.const:ti_sysbios_knl_Queue_Object__count__C 
*          0    000004d4    00000004     
                  000004d4    00000004     mesh_flooding_pem3.oem3 (.const:ti_sysbios_knl_Queue_Object__count__C)

.const:ti_sysbios_knl_Queue_Object__table__C 
*          0    000004d8    00000004     
                  000004d8    00000004     mesh_flooding_pem3.oem3 (.const:ti_sysbios_knl_Queue_Object__table__C)

.const:ti_sysbios_knl_Swi_Object__count__C 
*          0    000004dc    00000004     
                  000004dc    00000004     mesh_flooding_pem3.oem3 (.const:ti_sysbios_knl_Swi_Object__count__C)

.const:ti_sysbios_knl_Swi_Object__table__C 
*          0    000004e0    00000004     
                  000004e0    00000004     mesh_flooding_pem3.oem3 (.const:ti_sysbios_knl_Swi_Object__table__C)

.const:ti_sysbios_knl_Swi_numPriorities__C 
*          0    000004e4    00000004     
                  000004e4    00000004     mesh_flooding_pem3.oem3 (.const:ti_sysbios_knl_Swi_numPriorities__C)

.const:ti_sysbios_knl_Task_Object__count__C 
*          0    000004e8    00000004     
                  000004e8    00000004     mesh_flooding_pem3.oem3 (.const:ti_sysbios_knl_Task_Object__count__C)

.const:ti_sysbios_knl_Task_Object__table__C 
*          0    000004ec    00000004     
                  000004ec    00000004     mesh_flooding_pem3.oem3 (.const:ti_sysbios_knl_Task_Object__table__C)

.const:ti_sysbios_knl_Task_allBlockedFunc__C 
*          0    000004f0    00000004     
                  000004f0    00000004     mesh_flooding_pem3.oem3 (.const:ti_sysbios_knl_Task_allBlockedFunc__C)

.const:ti_sysbios_knl_Task_defaultStackHeap__C 
*          0    000004f4    00000004     
                  000004f4    00000004     mesh_flooding_pem3.oem3 (.const:ti_sysbios_knl_Task_defaultStackHeap__C)

.const:ti_sysbios_knl_Task_defaultStackSize__C 
*          0    000004f8    00000004     
                  000004f8    00000004     mesh_flooding_pem3.oem3 (.const:ti_sysbios_knl_Task_defaultStackSize__C)

.const:ti_sysbios_knl_Task_numConstructedTasks__C 
*          0    000004fc    00000004     
                  000004fc    00000004     mesh_flooding_pem3.oem3 (.const:ti_sysbios_knl_Task_numConstructedTasks__C)

.const:ti_sysbios_family_arm_cc26xx_Timer_Module__id__C 
*          0    00000502    00000002     
                  00000502    00000002     mesh_flooding_pem3.oem3 (.const:ti_sysbios_family_arm_cc26xx_Timer_Module__id__C)

[...]
1001c281  ti_sysbios_hal_Hwi_disableInterrupt__E                                    
1001c285  ti_sysbios_hal_Hwi_HwiProxy_enableInterrupt__E                            
1001c285  ti_sysbios_hal_Hwi_enableInterrupt__E                                     
1001c289  ti_sysbios_hal_Hwi_HwiProxy_getStackInfo__E                               
1001c289  ti_sysbios_hal_Hwi_getStackInfo__E                                        
1001c28d  ti_sysbios_hal_Hwi_HwiProxy_startup__E                                    
1001c28d  ti_sysbios_hal_Hwi_startup__E                                             
1001c291  ti_sysbios_hal_Hwi_HwiProxy_switchFromBootStack__E                        
1001c295  ti_sysbios_hal_Hwi_delete                                                 
1001c299  ti_sysbios_hal_Hwi_switchFromBootStack__E                                 
1001c29d  ti_sysbios_heaps_HeapMem_Module_GateProxy_enter__E                        
1001c2a1  ti_sysbios_heaps_HeapMem_Module_GateProxy_leave__E                        
1001c2a5  ti_sysbios_heaps_HeapMem_isBlocking__E                                    
1001c2a9  ti_sysbios_knl_Clock_TimerProxy_Module__startupDone__S                    
1001c2ad  ti_sysbios_knl_Clock_TimerProxy_getExpiredTicks__E                        
1001c2b1  ti_sysbios_knl_Clock_TimerProxy_getPeriod__E                              
1001c2b5  ti_sysbios_knl_Clock_delete                                               
1001c2b9  ti_sysbios_knl_Clock_destruct                                             
1001c2bd  ti_sysbios_knl_Clock_removeI__E                                           
1001c2c1  ti_sysbios_knl_Clock_setTimeout__E                                        
1001c2c5  ti_sysbios_knl_Mailbox_delete                                             
1001c2c9  ti_sysbios_knl_Mailbox_destruct                                           
1001c2cd  ti_sysbios_knl_Queue_delete                                               
1001c2d1  ti_sysbios_knl_Queue_destruct                                             
1001c2d5  ti_sysbios_knl_Queue_head__E                                              
1001c2d9  ti_sysbios_knl_Queue_next__E                                              
1001c2dd  ti_sysbios_knl_Semaphore_delete                                           
1001c2e1  ti_sysbios_knl_Semaphore_destruct                                         
1001c2e5  ti_sysbios_knl_Swi_delete                                                 
1001c2e9  ti_sysbios_knl_Swi_destruct                                               
1001c2ed  ti_sysbios_knl_Swi_postInit__I                                            
1001c2f1  ti_sysbios_knl_Task_SupportProxy_Module__startupDone__S                   
1001c2f5  ti_sysbios_knl_Task_SupportProxy_getStackAlignment__E                     
1001c2f9  ti_sysbios_knl_Task_SupportProxy_start__E                                 
1001c2fd  ti_sysbios_knl_Task_SupportProxy_swap__E                                  
1001c301  ti_sysbios_knl_Task_delete                                                
1001c305  ti_sysbios_knl_Task_destruct                                              
1001c309  ti_sysbios_knl_Task_startup__E                                            
1001c30d  xdc_runtime_Startup_startMods__I                                          
1001c405  xdc_runtime_Core_createObject__I                                          
1001c487  xdc_runtime_Error_policySpin__E                                           
1001c489  xdc_runtime_Memory_alloc__E                                               
1001c4f9  xdc_runtime_Core_deleteObject__I                                          
1001c559  xdc_runtime_Startup_exec__E                                               
1001c5a9  xdc_runtime_Assert_raise__I                                               
1001c5f1  xdc_runtime_Core_assignParams__I                                          
1001c639  xdc_runtime_Core_constructObject__I                                       
1001c681  xdc_runtime_System_atexit__E                                              
1001c6b9  xdc_runtime_System_processAtExit__E                                       
1001c6ed  xdc_runtime_Core_assignLabel__I                                           
1001c71d  xdc_runtime_Text_cordText__E                                              
1001c749  xdc_runtime_System_abort__E                                               
1001c769  xdc_runtime_Error_raiseX__E                                               
1001c785  xdc_runtime_Memory_valloc__E                                              
1001c7a1  xdc_runtime_Core_destructObject__I                                        
1001c7b9  xdc_runtime_Error_check__E                                                
1001c7d1  xdc_runtime_System_exit__E                                                
1001c7e9  xdc_runtime_Text_ropeText__E                                              
1001c801  xdc_runtime_Memory_free__E                                                
1001c811  xdc_runtime_SysCallback_abort__E                                          
1001c821  xdc_runtime_SysCallback_exit__E                                           
1001c831  xdc_runtime_Timestamp_SupportProxy_get32__E                               
1001c831  xdc_runtime_Timestamp_get32__E                                            
1001c841  xdc_runtime_Error_init__E                                                 
1001c84d  xdc_runtime_Memory_calloc__E                                              
1001c859  xdc_runtime_Memory_getMaxDefaultTypeAlign__E                              
1001c879  xdc_runtime_Gate_leaveSystem__E                                           
1001c87f  xdc_runtime_System_Module_startup__E                                      
1001c885  xdc_runtime_Gate_enterSystem__E                                           
1001c889  xdc_runtime_Memory_HeapProxy_alloc__E                                     
1001c88d  xdc_runtime_Memory_HeapProxy_free__E                                      
1001c891  xdc_runtime_System_Module_GateProxy_enter__E                              
1001c895  xdc_runtime_System_Module_GateProxy_leave__E                              
1001c899  xdc_runtime_System_abortSpin__E                                           
1001c89b  xdc_runtime_System_exitSpin__E                                            
1001c89d  ti_sysbios_family_arm_m3_Hwi_dispatch__I                                  
1001c96d  ti_sysbios_family_arm_m3_TaskSupport_buildTaskStack                       
1001c9b9  ti_sysbios_family_arm_m3_Hwi_initStacks__E                                
1001ca01  ti_sysbios_family_arm_m3_Hwi_excHandlerAsm__I                             
1001ca21  ti_sysbios_family_xxx_Hwi_switchAndRunFunc                                
1001ca3f  ti_sysbios_family_arm_m3_Hwi_pendSV__I                                    
1001ca57  ti_sysbios_family_arm_m3_Hwi_return                                       
1001ca59  ti_sysbios_family_arm_m3_TaskSupport_glue                                 
1001ca69  ti_sysbios_family_arm_m3_TaskSupport_swap__E                              
1001ca71  ti_sysbios_knl_Task_swapReturn                                            
1001ca9b  ti_sysbios_rom_cortexm_cc26xx_CC26xx_getRevision__E                       
20000000  ti_sysbios_family_arm_m3_Hwi_ramVectors                                   
20000100  ti_sysbios_knl_Task_Module__state__V                                      
20000144  ti_sysbios_family_arm_m3_Hwi_Module__state__V                             
20000178  ti_sysbios_knl_Clock_Module__state__V                                     
200001a4  ti_sysbios_BIOS_Module__state__V                                          
200001c8  ti_sysbios_knl_Swi_Module__state__V                                       
200001e4  ti_sysbios_family_arm_cc26xx_Timer_Module__state__V                       
200001ec  ti_sysbios_family_arm_cc26xx_TimestampProvider_Module__state__V           
200001f0  xdc_runtime_Startup_Module__state__V                                      
200001f8  xdc_runtime_System_Module__state__V                                       
20000200  xdc_runtime_Memory_Module__state__V                                       
200015a0  ti_sysbios_heaps_HeapMem_Instance_State_0_buf__A                          
200019a0  ti_sysbios_knl_Task_Instance_State_0_stack__A                             
20001ba0  spiCC26XXDMAObjects                                                       
20001d58  uartCC26XXObjects                                                         
20001e84  __CIOBUF_                                                                 
200020a8  ti_sysbios_family_arm_m3_Hwi_dispatchTable                                
20002518  xdc_runtime_SysMin_Module_State_0_outbuf__A                               
20002598  PIN_HandleTable                                                           
20002614  displaySharpObject                                                        
20002680  appTask                                                                   
200026d0  floodTask                                                                 
20002720  macTask                                                                   
20002954  uartCC26XXRingBuffer                                                      
20002974  udmaObjects                                                               
20002a24  radioAccessSem                                                            
20002a40  radioResultSem                                                            
20002ae8  appEvent                                                                  
20002b10  floodEvent                                                                
20002b38  radioOperationEvent                                                       
20002bc0  packetFlood                                                               
20002bd0  packetSend                                                                
20002c28  PIN_NumPins                                                               
20002c54  driverlib_release_0_47020                                                 
20002c60  PowerCC26XX_module                                                        
20002d70  pOverrides                                                                
20002dd8  pOverrides_fsk                                                            
20002e40  ti_sysbios_knl_Task_Object__table__V                                      
20002e90  ti_sysbios_family_arm_cc26xx_Timer_Object__table__V                       
20002ed8  RF_pProp_2_4G_fsk                                                         
20002edc  RF_pProp_fsk                                                              
20002ee0  RF_pProp_lrm                                                              
20002ee4  RF_pProp_ook                                                              
20002ee8  RF_pProp_hsm                                                              
20002eec  RF_pCmdPropRadioSetup_2_4G_fsk                                            
20002ef0  RF_pCmdPropRadioDivSetup_fsk                                              
20002ef4  RF_pCmdPropRadioDivSetup_lrm                                              
20002ef8  RF_pCmdPropRadioDivSetup_ook                                              
20002efc  RF_pCmdRadioSetup_hsm                                                     
20002f00  RF_pCmdFs_preDef                                                          
20002f04  RF_pCmdPropTx_preDef                                                      
20002f08  RF_pCmdPropRxAdv_preDef                                                   
20002f0c  RF_pCmdTxHS                                                               
20002f10  RF_pCmdRxHS                                                               
20002f14  ti_sysbios_gates_GateMutex_Object__table__V                               
20002f4c  RF_cmdPropRxAdv_preDef                                                    
20002f7c  ti_sysbios_knl_Swi_Module_State_0_readyQ__A                               
20002fac  ti_sysbios_knl_Swi_Object__table__V                                       
20002fdc  RF_cmdPropRadioDivSetup                                                   
20002ffc  RF_cmdPropRadioSetup_2_4G_fsk                                             
2000301c  ti_sysbios_knl_Clock_Object__table__V                                     
2000303c  ti_sysbios_knl_Task_Module_State_0_readyQ__A                              
20003078  RF_cmdFs                                                                  
20003090  RF_cmdFs_preDef                                                           
200030a8  RF_cmdPropTx                                                              
200030c0  RF_cmdPropTx_preDef                                                       
200030f0  shape                                                                     
20003108  shape_preDef                                                              
20003120  ti_sysbios_family_arm_m3_Hwi_Object__table__V                             
20003138  ti_sysbios_heaps_HeapMem_Object__table__V                                 
20003150  RF_prop                                                                   
20003160  RF_prop_2_4G_fsk                                                          
20003180  xdc_runtime_SysMin_Module__state__V                                       
2000318c  _lock                                                                     
20003190  _unlock                                                                   
20003194  buttonPinTable1                                                           
2000319c  buttonPinTable                                                            
200031a4  ledPinTable                                                               
200031ac  ti_sysbios_family_arm_m3_Hwi_Module__root__V                              
200031b4  ti_sysbios_gates_GateHwi_Module__root__V                                  
200031bc  ti_sysbios_gates_GateMutex_Module__root__V                                
200031c4  ti_sysbios_hal_Hwi_Module__root__V                                        
200031cc  ti_sysbios_heaps_HeapMem_Module__root__V                                  
200031d4  ti_sysbios_knl_Clock_Module__root__V                                      
200031dc  ti_sysbios_knl_Event_Module__root__V                                      
200031e4  ti_sysbios_knl_Mailbox_Module__root__V                                    
200031ec  ti_sysbios_knl_Queue_Module__root__V                                      
200031f4  ti_sysbios_knl_Semaphore_Module__root__V                                  
200031fc  ti_sysbios_knl_Swi_Module__root__V                                        
20003204  ti_sysbios_knl_Task_Module__root__V                                       
2000320c  xdc_runtime_Registry_Module__state__V                                     
20003214  xdc_runtime_System_Module_State_0_atexitHandlers__A                       
20003224  main_func_sp                                                              
20003228  ti_sysbios_family_arm_m3_Hwi_Module_State_0_excContext__A                 
2000322c  ti_sysbios_family_arm_m3_Hwi_Module_State_0_excStack__A                   
20003230  ti_sysbios_knl_Task_Module_State_0_idleTask__A                            
20003236  ti_sysbios_family_arm_m3_Hwi_Module_State_0_excActive__A                  
20004d00  __stack                                                                   
20005000  __STACK_END                                                               
e000e000  ti_sysbios_family_arm_m3_Hwi_nvic                                         
ffffffff  __TI_pprof_out_hndl                                                       
ffffffff  __TI_prof_data_size                                                       
ffffffff  __TI_prof_data_start                                                      
ffffffff  __binit__                                                                 
ffffffff  __c_args__                                                                
ffffffff  binit                                                                     
UNDEFED   HwiP_restore                                                              
UNDEFED   SHT$$INIT_ARRAY$$Base                                                     
UNDEFED   SHT$$INIT_ARRAY$$Limit                                                    
UNDEFED   ti_sysbios_BIOS_RtsGateProxy_Handle__label__S__mangled__                  
UNDEFED   ti_sysbios_BIOS_RtsGateProxy_Object__delete__S__mangled__                 
UNDEFED   ti_sysbios_BIOS_RtsGateProxy_Params__init__S__mangled__                   
UNDEFED   ti_sysbios_BIOS_RtsGateProxy_query__E__mangled__                          
UNDEFED   ti_sysbios_hal_Hwi_HwiProxy_Module__startupDone__S__mangled__             
UNDEFED   ti_sysbios_hal_Hwi_HwiProxy_Object__delete__S__mangled__                  
UNDEFED   ti_sysbios_hal_Hwi_HwiProxy_Params__init__S__mangled__                    
UNDEFED   ti_sysbios_hal_Hwi_HwiProxy_disableInterrupt__E__mangled__                
UNDEFED   ti_sysbios_hal_Hwi_HwiProxy_enableInterrupt__E__mangled__                 
UNDEFED   ti_sysbios_hal_Hwi_HwiProxy_getStackInfo__E__mangled__                    
UNDEFED   ti_sysbios_hal_Hwi_HwiProxy_startup__E__mangled__                         
UNDEFED   ti_sysbios_hal_Hwi_HwiProxy_switchFromBootStack__E__mangled__             
UNDEFED   ti_sysbios_hal_Hwi_disableInterrupt__E                                    
UNDEFED   ti_sysbios_hal_Hwi_enableInterrupt__E                                     
UNDEFED   ti_sysbios_hal_Hwi_getStackInfo__E                                        
UNDEFED   ti_sysbios_hal_Hwi_startup__E                                             
UNDEFED   ti_sysbios_hal_Hwi_switchFromBootStack__E                                 
UNDEFED   ti_sysbios_heaps_HeapMem_Module_GateProxy_Handle__label__S__mangled__     
UNDEFED   ti_sysbios_heaps_HeapMem_Module_GateProxy_Object__delete__S__mangled__    
UNDEFED   ti_sysbios_heaps_HeapMem_Module_GateProxy_Params__init__S__mangled__      
UNDEFED   ti_sysbios_heaps_HeapMem_Module_GateProxy_query__E__mangled__             
UNDEFED   ti_sysbios_knl_Clock_TimerProxy_Module__startupDone__S__mangled__         
UNDEFED   ti_sysbios_knl_Clock_TimerProxy_startup__E__mangled__                     
UNDEFED   ti_sysbios_knl_Task_SupportProxy_Module__startupDone__S__mangled__        
UNDEFED   ti_sysbios_knl_Task_SupportProxy_getStackAlignment__E__mangled__          
UNDEFED   ti_sysbios_knl_Task_SupportProxy_start__E__mangled__                      
UNDEFED   ti_sysbios_knl_Task_SupportProxy_swap__E__mangled__                       
UNDEFED   xdc_runtime_Main_Module_GateProxy_Handle__label__S                        
UNDEFED   xdc_runtime_Main_Module_GateProxy_Object__delete__S                       
UNDEFED   xdc_runtime_Main_Module_GateProxy_query__E                                
UNDEFED   xdc_runtime_Memory_HeapProxy_Handle__label__S__mangled__                  
UNDEFED   xdc_runtime_Memory_HeapProxy_Object__delete__S__mangled__                 
UNDEFED   xdc_runtime_System_Module_GateProxy_Handle__label__S__mangled__           
UNDEFED   xdc_runtime_System_Module_GateProxy_Object__delete__S__mangled__          
UNDEFED   xdc_runtime_System_Module_GateProxy_query__E__mangled__                   
UNDEFED   xdc_runtime_Timestamp_SupportProxy_get64__E__mangled__                    
UNDEFED   xdc_runtime_Timestamp_SupportProxy_getFreq__E__mangled__                  
UNDEFED   xdc_runtime_Timestamp_get32__E                                            
UNDEFED   xdc_runtime_Timestamp_get64__E                                            
UNDEFED   xdc_runtime_Timestamp_getFreq__E                                          

[899 symbols]
